Archive member included to satisfy reference by file (symbol)

C:/ST/STM32CubeIDE_1.14.0/STM32CubeIDE/plugins/com.st.stm32cube.ide.mcu.externaltools.gnu-tools-for-stm32.11.3.rel1.win32_1.1.100.202309141235/tools/bin/../lib/gcc/arm-none-eabi/11.3.1/../../../../arm-none-eabi/lib/thumb/v7e-m+fp/hard\libc_nano.a(libc_a-exit.o)
                              C:/ST/STM32CubeIDE_1.14.0/STM32CubeIDE/plugins/com.st.stm32cube.ide.mcu.externaltools.gnu-tools-for-stm32.11.3.rel1.win32_1.1.100.202309141235/tools/bin/../lib/gcc/arm-none-eabi/11.3.1/../../../../arm-none-eabi/lib/thumb/v7e-m+fp/hard/crt0.o (exit)
C:/ST/STM32CubeIDE_1.14.0/STM32CubeIDE/plugins/com.st.stm32cube.ide.mcu.externaltools.gnu-tools-for-stm32.11.3.rel1.win32_1.1.100.202309141235/tools/bin/../lib/gcc/arm-none-eabi/11.3.1/../../../../arm-none-eabi/lib/thumb/v7e-m+fp/hard\libc_nano.a(libc_a-findfp.o)
                              C:/ST/STM32CubeIDE_1.14.0/STM32CubeIDE/plugins/com.st.stm32cube.ide.mcu.externaltools.gnu-tools-for-stm32.11.3.rel1.win32_1.1.100.202309141235/tools/bin/../lib/gcc/arm-none-eabi/11.3.1/../../../../arm-none-eabi/lib/thumb/v7e-m+fp/hard\libc_nano.a(libc_a-exit.o) (__stdio_exit_handler)
C:/ST/STM32CubeIDE_1.14.0/STM32CubeIDE/plugins/com.st.stm32cube.ide.mcu.externaltools.gnu-tools-for-stm32.11.3.rel1.win32_1.1.100.202309141235/tools/bin/../lib/gcc/arm-none-eabi/11.3.1/../../../../arm-none-eabi/lib/thumb/v7e-m+fp/hard\libc_nano.a(libc_a-fwalk.o)
                              C:/ST/STM32CubeIDE_1.14.0/STM32CubeIDE/plugins/com.st.stm32cube.ide.mcu.externaltools.gnu-tools-for-stm32.11.3.rel1.win32_1.1.100.202309141235/tools/bin/../lib/gcc/arm-none-eabi/11.3.1/../../../../arm-none-eabi/lib/thumb/v7e-m+fp/hard\libc_nano.a(libc_a-findfp.o) (_fwalk_sglue)
C:/ST/STM32CubeIDE_1.14.0/STM32CubeIDE/plugins/com.st.stm32cube.ide.mcu.externaltools.gnu-tools-for-stm32.11.3.rel1.win32_1.1.100.202309141235/tools/bin/../lib/gcc/arm-none-eabi/11.3.1/../../../../arm-none-eabi/lib/thumb/v7e-m+fp/hard\libc_nano.a(libc_a-stdio.o)
                              C:/ST/STM32CubeIDE_1.14.0/STM32CubeIDE/plugins/com.st.stm32cube.ide.mcu.externaltools.gnu-tools-for-stm32.11.3.rel1.win32_1.1.100.202309141235/tools/bin/../lib/gcc/arm-none-eabi/11.3.1/../../../../arm-none-eabi/lib/thumb/v7e-m+fp/hard\libc_nano.a(libc_a-findfp.o) (__sread)
C:/ST/STM32CubeIDE_1.14.0/STM32CubeIDE/plugins/com.st.stm32cube.ide.mcu.externaltools.gnu-tools-for-stm32.11.3.rel1.win32_1.1.100.202309141235/tools/bin/../lib/gcc/arm-none-eabi/11.3.1/../../../../arm-none-eabi/lib/thumb/v7e-m+fp/hard\libc_nano.a(libc_a-memset.o)
                              C:/ST/STM32CubeIDE_1.14.0/STM32CubeIDE/plugins/com.st.stm32cube.ide.mcu.externaltools.gnu-tools-for-stm32.11.3.rel1.win32_1.1.100.202309141235/tools/bin/../lib/gcc/arm-none-eabi/11.3.1/../../../../arm-none-eabi/lib/thumb/v7e-m+fp/hard/crt0.o (memset)
C:/ST/STM32CubeIDE_1.14.0/STM32CubeIDE/plugins/com.st.stm32cube.ide.mcu.externaltools.gnu-tools-for-stm32.11.3.rel1.win32_1.1.100.202309141235/tools/bin/../lib/gcc/arm-none-eabi/11.3.1/../../../../arm-none-eabi/lib/thumb/v7e-m+fp/hard\libc_nano.a(libc_a-closer.o)
                              C:/ST/STM32CubeIDE_1.14.0/STM32CubeIDE/plugins/com.st.stm32cube.ide.mcu.externaltools.gnu-tools-for-stm32.11.3.rel1.win32_1.1.100.202309141235/tools/bin/../lib/gcc/arm-none-eabi/11.3.1/../../../../arm-none-eabi/lib/thumb/v7e-m+fp/hard\libc_nano.a(libc_a-stdio.o) (_close_r)
C:/ST/STM32CubeIDE_1.14.0/STM32CubeIDE/plugins/com.st.stm32cube.ide.mcu.externaltools.gnu-tools-for-stm32.11.3.rel1.win32_1.1.100.202309141235/tools/bin/../lib/gcc/arm-none-eabi/11.3.1/../../../../arm-none-eabi/lib/thumb/v7e-m+fp/hard\libc_nano.a(libc_a-reent.o)
                              C:/ST/STM32CubeIDE_1.14.0/STM32CubeIDE/plugins/com.st.stm32cube.ide.mcu.externaltools.gnu-tools-for-stm32.11.3.rel1.win32_1.1.100.202309141235/tools/bin/../lib/gcc/arm-none-eabi/11.3.1/../../../../arm-none-eabi/lib/thumb/v7e-m+fp/hard\libc_nano.a(libc_a-closer.o) (errno)
C:/ST/STM32CubeIDE_1.14.0/STM32CubeIDE/plugins/com.st.stm32cube.ide.mcu.externaltools.gnu-tools-for-stm32.11.3.rel1.win32_1.1.100.202309141235/tools/bin/../lib/gcc/arm-none-eabi/11.3.1/../../../../arm-none-eabi/lib/thumb/v7e-m+fp/hard\libc_nano.a(libc_a-impure.o)
                              C:/ST/STM32CubeIDE_1.14.0/STM32CubeIDE/plugins/com.st.stm32cube.ide.mcu.externaltools.gnu-tools-for-stm32.11.3.rel1.win32_1.1.100.202309141235/tools/bin/../lib/gcc/arm-none-eabi/11.3.1/../../../../arm-none-eabi/lib/thumb/v7e-m+fp/hard\libc_nano.a(libc_a-reent.o) (_impure_ptr)
C:/ST/STM32CubeIDE_1.14.0/STM32CubeIDE/plugins/com.st.stm32cube.ide.mcu.externaltools.gnu-tools-for-stm32.11.3.rel1.win32_1.1.100.202309141235/tools/bin/../lib/gcc/arm-none-eabi/11.3.1/../../../../arm-none-eabi/lib/thumb/v7e-m+fp/hard\libc_nano.a(libc_a-lseekr.o)
[...]
Memory Configuration

Name             Origin             Length             Attributes
RAM              0x0000000020000000 0x0000000000018000 xrw
RAM2             0x0000000010000000 0x0000000000008000 xrw
FLASH            0x0000000008000000 0x0000000000100000 xr
*default*        0x0000000000000000 0xffffffffffffffff

Linker script and memory map

LOAD C:/ST/STM32CubeIDE_1.14.0/STM32CubeIDE/plugins/com.st.stm32cube.ide.mcu.externaltools.gnu-tools-for-stm32.11.3.rel1.win32_1.1.100.202309141235/tools/bin/../lib/gcc/arm-none-eabi/11.3.1/thumb/v7e-m+fp/hard/crti.o
LOAD C:/ST/STM32CubeIDE_1.14.0/STM32CubeIDE/plugins/com.st.stm32cube.ide.mcu.externaltools.gnu-tools-for-stm32.11.3.rel1.win32_1.1.100.202309141235/tools/bin/../lib/gcc/arm-none-eabi/11.3.1/thumb/v7e-m+fp/hard/crtbegin.o
LOAD C:/ST/STM32CubeIDE_1.14.0/STM32CubeIDE/plugins/com.st.stm32cube.ide.mcu.externaltools.gnu-tools-for-stm32.11.3.rel1.win32_1.1.100.202309141235/tools/bin/../lib/gcc/arm-none-eabi/11.3.1/../../../../arm-none-eabi/lib/thumb/v7e-m+fp/hard/crt0.o
LOAD ./Core/Src/main.o
LOAD ./Core/Src/stm32l4xx_hal_msp.o
LOAD ./Core/Src/stm32l4xx_it.o
LOAD ./Core/Src/syscalls.o
LOAD ./Core/Src/sysmem.o
LOAD ./Core/Src/system_stm32l4xx.o
LOAD ./Core/Startup/startup_stm32l476rgtx.o
LOAD ./Drivers/STM32L4xx_HAL_Driver/Src/stm32l4xx_hal.o
LOAD ./Drivers/STM32L4xx_HAL_Driver/Src/stm32l4xx_hal_cortex.o
LOAD ./Drivers/STM32L4xx_HAL_Driver/Src/stm32l4xx_hal_dma.o
LOAD ./Drivers/STM32L4xx_HAL_Driver/Src/stm32l4xx_hal_dma_ex.o
LOAD ./Drivers/STM32L4xx_HAL_Driver/Src/stm32l4xx_hal_exti.o
LOAD ./Drivers/STM32L4xx_HAL_Driver/Src/stm32l4xx_hal_flash.o
LOAD ./Drivers/STM32L4xx_HAL_Driver/Src/stm32l4xx_hal_flash_ex.o
LOAD ./Drivers/STM32L4xx_HAL_Driver/Src/stm32l4xx_hal_flash_ramfunc.o
LOAD ./Drivers/STM32L4xx_HAL_Driver/Src/stm32l4xx_hal_gpio.o
LOAD ./Drivers/STM32L4xx_HAL_Driver/Src/stm32l4xx_hal_i2c.o
LOAD ./Drivers/STM32L4xx_HAL_Driver/Src/stm32l4xx_hal_i2c_ex.o
LOAD ./Drivers/STM32L4xx_HAL_Driver/Src/stm32l4xx_hal_pwr.o
LOAD ./Drivers/STM32L4xx_HAL_Driver/Src/stm32l4xx_hal_pwr_ex.o
LOAD ./Drivers/STM32L4xx_HAL_Driver/Src/stm32l4xx_hal_rcc.o
LOAD ./Drivers/STM32L4xx_HAL_Driver/Src/stm32l4xx_hal_rcc_ex.o
LOAD ./Drivers/STM32L4xx_HAL_Driver/Src/stm32l4xx_hal_tim.o
LOAD ./Drivers/STM32L4xx_HAL_Driver/Src/stm32l4xx_hal_tim_ex.o
LOAD ./Drivers/STM32L4xx_HAL_Driver/Src/stm32l4xx_hal_uart.o
LOAD ./Drivers/STM32L4xx_HAL_Driver/Src/stm32l4xx_hal_uart_ex.o
LOAD ./ThirdParty/FreeRTOS/org/Source/croutine.o
LOAD ./ThirdParty/FreeRTOS/org/Source/event_groups.o
LOAD ./ThirdParty/FreeRTOS/org/Source/list.o
LOAD ./ThirdParty/FreeRTOS/org/Source/queue.o
LOAD ./ThirdParty/FreeRTOS/org/Source/stream_buffer.o
LOAD ./ThirdParty/FreeRTOS/org/Source/tasks.o
LOAD ./ThirdParty/FreeRTOS/org/Source/timers.o
LOAD ./ThirdParty/FreeRTOS/org/Source/portable/GCC/ARM_CM4F/port.o
LOAD ./ThirdParty/FreeRTOS/org/Source/portable/MemMang/heap_4.o
START GROUP
LOAD C:/ST/STM32CubeIDE_1.14.0/STM32CubeIDE/plugins/com.st.stm32cube.ide.mcu.externaltools.gnu-tools-for-stm32.11.3.rel1.win32_1.1.100.202309141235/tools/bin/../lib/gcc/arm-none-eabi/11.3.1/../../../../arm-none-eabi/lib/thumb/v7e-m+fp/hard\libc_nano.a
LOAD C:/ST/STM32CubeIDE_1.14.0/STM32CubeIDE/plugins/com.st.stm32cube.ide.mcu.externaltools.gnu-tools-for-stm32.11.3.rel1.win32_1.1.100.202309141235/tools/bin/../lib/gcc/arm-none-eabi/11.3.1/../../../../arm-none-eabi/lib/thumb/v7e-m+fp/hard\libm.a
END GROUP
START GROUP
LOAD C:/ST/STM32CubeIDE_1.14.0/STM32CubeIDE/plugins/com.st.stm32cube.ide.mcu.externaltools.gnu-tools-for-stm32.11.3.rel1.win32_1.1.100.202309141235/tools/bin/../lib/gcc/arm-none-eabi/11.3.1/thumb/v7e-m+fp/hard\libgcc.a
LOAD C:/ST/STM32CubeIDE_1.14.0/STM32CubeIDE/plugins/com.st.stm32cube.ide.mcu.externaltools.gnu-tools-for-stm32.11.3.rel1.win32_1.1.100.202309141235/tools/bin/../lib/gcc/arm-none-eabi/11.3.1/../../../../arm-none-eabi/lib/thumb/v7e-m+fp/hard\libc_nano.a
END GROUP
START GROUP
LOAD C:/ST/STM32CubeIDE_1.14.0/STM32CubeIDE/plugins/com.st.stm32cube.ide.mcu.externaltools.gnu-tools-for-stm32.11.3.rel1.win32_1.1.100.202309141235/tools/bin/../lib/gcc/arm-none-eabi/11.3.1/thumb/v7e-m+fp/hard\libgcc.a
LOAD C:/ST/STM32CubeIDE_1.14.0/STM32CubeIDE/plugins/com.st.stm32cube.ide.mcu.externaltools.gnu-tools-for-stm32.11.3.rel1.win32_1.1.100.202309141235/tools/bin/../lib/gcc/arm-none-eabi/11.3.1/../../../../arm-none-eabi/lib/thumb/v7e-m+fp/hard\libc_nano.a
LOAD C:/ST/STM32CubeIDE_1.14.0/STM32CubeIDE/plugins/com.st.stm32cube.ide.mcu.externaltools.gnu-tools-for-stm32.11.3.rel1.win32_1.1.100.202309141235/tools/bin/../lib/gcc/arm-none-eabi/11.3.1/../../../../arm-none-eabi/lib/thumb/v7e-m+fp/hard\libnosys.a
END GROUP
START GROUP
LOAD C:/ST/STM32CubeIDE_1.14.0/STM32CubeIDE/plugins/com.st.stm32cube.ide.mcu.externaltools.gnu-tools-for-stm32.11.3.rel1.win32_1.1.100.202309141235/tools/bin/../lib/gcc/arm-none-eabi/11.3.1/thumb/v7e-m+fp/hard\libgcc.a
LOAD C:/ST/STM32CubeIDE_1.14.0/STM32CubeIDE/plugins/com.st.stm32cube.ide.mcu.externaltools.gnu-tools-for-stm32.11.3.rel1.win32_1.1.100.202309141235/tools/bin/../lib/gcc/arm-none-eabi/11.3.1/../../../../arm-none-eabi/lib/thumb/v7e-m+fp/hard\libc_nano.a
LOAD C:/ST/STM32CubeIDE_1.14.0/STM32CubeIDE/plugins/com.st.stm32cube.ide.mcu.externaltools.gnu-tools-for-stm32.11.3.rel1.win32_1.1.100.202309141235/tools/bin/../lib/gcc/arm-none-eabi/11.3.1/../../../../arm-none-eabi/lib/thumb/v7e-m+fp/hard\libnosys.a
END GROUP
LOAD C:/ST/STM32CubeIDE_1.14.0/STM32CubeIDE/plugins/com.st.stm32cube.ide.mcu.externaltools.gnu-tools-for-stm32.11.3.rel1.win32_1.1.100.202309141235/tools/bin/../lib/gcc/arm-none-eabi/11.3.1/thumb/v7e-m+fp/hard/crtend.o
LOAD C:/ST/STM32CubeIDE_1.14.0/STM32CubeIDE/plugins/com.st.stm32cube.ide.mcu.externaltools.gnu-tools-for-stm32.11.3.rel1.win32_1.1.100.202309141235/tools/bin/../lib/gcc/arm-none-eabi/11.3.1/thumb/v7e-m+fp/hard/crtn.o
                0x0000000020018000                _estack = (ORIGIN (RAM) + LENGTH (RAM))
                0x0000000000000200                _Min_Heap_Size = 0x200
                0x0000000000000400                _Min_Stack_Size = 0x400

.isr_vector     0x0000000008000000      0x188
                0x0000000008000000                . = ALIGN (0x4)
 *(.isr_vector)
 .isr_vector    0x0000000008000000      0x188 ./Core/Startup/startup_stm32l476rgtx.o
                0x0000000008000000                g_pfnVectors
                0x0000000008000188                . = ALIGN (0x4)

.text           0x0000000008000190     0x5a18
                0x0000000008000190                . = ALIGN (0x4)
 *(.text)
 .text          0x0000000008000190       0x40 C:/ST/STM32CubeIDE_1.14.0/STM32CubeIDE/plugins/com.st.stm32cube.ide.mcu.externaltools.gnu-tools-for-stm32.11.3.rel1.win32_1.1.100.202309141235/tools/bin/../lib/gcc/arm-none-eabi/11.3.1/thumb/v7e-m+fp/hard/crtbegin.o
 .text          0x00000000080001d0       0x30 C:/ST/STM32CubeIDE_1.14.0/STM32CubeIDE/plugins/com.st.stm32cube.ide.mcu.externaltools.gnu-tools-for-stm32.11.3.rel1.win32_1.1.100.202309141235/tools/bin/../lib/gcc/arm-none-eabi/11.3.1/thumb/v7e-m+fp/hard\libgcc.a(_aeabi_uldivmod.o)
                0x00000000080001d0                __aeabi_uldivmod
 .text          0x0000000008000200      0x2c8 C:/ST/STM32CubeIDE_1.14.0/STM32CubeIDE/plugins/com.st.stm32cube.ide.mcu.externaltools.gnu-tools-for-stm32.11.3.rel1.win32_1.1.100.202309141235/tools/bin/../lib/gcc/arm-none-eabi/11.3.1/thumb/v7e-m+fp/hard\libgcc.a(_udivmoddi4.o)
                0x0000000008000200                __udivmoddi4
 .text          0x00000000080004c8        0x4 C:/ST/STM32CubeIDE_1.14.0/STM32CubeIDE/plugins/com.st.stm32cube.ide.mcu.externaltools.gnu-tools-for-stm32.11.3.rel1.win32_1.1.100.202309141235/tools/bin/../lib/gcc/arm-none-eabi/11.3.1/thumb/v7e-m+fp/hard\libgcc.a(_dvmd_tls.o)
                0x00000000080004c8                __aeabi_idiv0
                0x00000000080004c8                __aeabi_ldiv0
 *(.text*)
 .text.main     0x00000000080004cc       0x60 ./Core/Src/main.o
                0x00000000080004cc                main
 .text.SystemClock_Config
                0x000000000800052c       0xa2 ./Core/Src/main.o
                0x000000000800052c                SystemClock_Config
 *fill*         0x00000000080005ce        0x2 
 .text.MX_USART2_UART_Init
                0x00000000080005d0       0x60 ./Core/Src/main.o
 .text.MX_GPIO_Init
                0x0000000008000630       0xcc ./Core/Src/main.o
 .text.pBtnTaskHandler
                0x00000000080006fc       0x3c ./Core/Src/main.o
                0x00000000080006fc                pBtnTaskHandler
 .text.pLedTaskHandler
                0x0000000008000738       0x2c ./Core/Src/main.o
                0x0000000008000738                pLedTaskHandler
 .text.RtosDelay
                0x0000000008000764       0x48 ./Core/Src/main.o
                0x0000000008000764                RtosDelay
 .text.Error_Handler
                0x00000000080007ac        0xa ./Core/Src/main.o
                0x00000000080007ac                Error_Handler
 *fill*         0x00000000080007b6        0x2 
 .text.HAL_MspInit
                0x00000000080007b8       0x48 ./Core/Src/stm32l4xx_hal_msp.o
                0x00000000080007b8                HAL_MspInit
 .text.HAL_UART_MspInit
                0x0000000008000800       0xb8 ./Core/Src/stm32l4xx_hal_msp.o
                0x0000000008000800                HAL_UART_MspInit
 .text.NMI_Handler
                0x00000000080008b8        0x6 ./Core/Src/stm32l4xx_it.o
                0x00000000080008b8                NMI_Handler
 .text.HardFault_Handler
                0x00000000080008be        0x6 ./Core/Src/stm32l4xx_it.o
                0x00000000080008be                HardFault_Handler
 .text.MemManage_Handler
                0x00000000080008c4        0x6 ./Core/Src/stm32l4xx_it.o
                0x00000000080008c4                MemManage_Handler
 .text.BusFault_Handler
                0x00000000080008ca        0x6 ./Core/Src/stm32l4xx_it.o
                0x00000000080008ca                BusFault_Handler
 .text.UsageFault_Handler
                0x00000000080008d0        0x6 ./Core/Src/stm32l4xx_it.o
                0x00000000080008d0                UsageFault_Handler
 .text.DebugMon_Handler
                0x00000000080008d6        0xe ./Core/Src/stm32l4xx_it.o
                0x00000000080008d6                DebugMon_Handler
 .text.SystemInit
                0x00000000080008e4       0x24 ./Core/Src/system_stm32l4xx.o
                0x00000000080008e4                SystemInit
 .text.Reset_Handler
                0x0000000008000908       0x50 ./Core/Startup/startup_stm32l476rgtx.o
                0x0000000008000908                Reset_Handler
 .text.Default_Handler
                0x0000000008000958        0x2 ./Core/Startup/startup_stm32l476rgtx.o
                0x0000000008000958                RTC_Alarm_IRQHandler
                0x0000000008000958                EXTI2_IRQHandler
                0x0000000008000958                TIM8_TRG_COM_IRQHandler
                0x0000000008000958                TIM8_CC_IRQHandler
                0x0000000008000958                TIM1_CC_IRQHandler
                0x0000000008000958                TSC_IRQHandler
                0x0000000008000958                TAMP_STAMP_IRQHandler
                0x0000000008000958                EXTI3_IRQHandler
                0x0000000008000958                LPTIM2_IRQHandler
                0x0000000008000958                DFSDM1_FLT1_IRQHandler
                0x0000000008000958                I2C3_ER_IRQHandler
                0x0000000008000958                DFSDM1_FLT2_IRQHandler
                0x0000000008000958                EXTI0_IRQHandler
                0x0000000008000958                I2C2_EV_IRQHandler
                0x0000000008000958                CAN1_RX0_IRQHandler
                0x0000000008000958                FPU_IRQHandler
                0x0000000008000958                TIM1_UP_TIM16_IRQHandler
                0x0000000008000958                ADC1_2_IRQHandler
                0x0000000008000958                SPI1_IRQHandler
                0x0000000008000958                TIM6_DAC_IRQHandler
                0x0000000008000958                TIM8_UP_IRQHandler
                0x0000000008000958                DMA2_Channel2_IRQHandler
                0x0000000008000958                DMA1_Channel4_IRQHandler
                0x0000000008000958                SAI2_IRQHandler
                0x0000000008000958                DFSDM1_FLT3_IRQHandler
                0x0000000008000958                USART3_IRQHandler
                0x0000000008000958                DMA1_Channel7_IRQHandler
                0x0000000008000958                CAN1_RX1_IRQHandler
                0x0000000008000958                LCD_IRQHandler
                0x0000000008000958                UART5_IRQHandler
                0x0000000008000958                ADC3_IRQHandler
                0x0000000008000958                TIM4_IRQHandler
                0x0000000008000958                DMA2_Channel1_IRQHandler
                0x0000000008000958                QUADSPI_IRQHandler
                0x0000000008000958                I2C1_EV_IRQHandler
                0x0000000008000958                DMA1_Channel6_IRQHandler
                0x0000000008000958                UART4_IRQHandler
                0x0000000008000958                DMA2_Channel4_IRQHandler
                0x0000000008000958                TIM3_IRQHandler
                0x0000000008000958                RCC_IRQHandler
                0x0000000008000958                DMA1_Channel1_IRQHandler
                0x0000000008000958                Default_Handler
                0x0000000008000958                DMA2_Channel7_IRQHandler
                0x0000000008000958                EXTI15_10_IRQHandler
                0x0000000008000958                TIM7_IRQHandler
                0x0000000008000958                SDMMC1_IRQHandler
                0x0000000008000958                TIM5_IRQHandler
                0x0000000008000958                I2C3_EV_IRQHandler
                0x0000000008000958                EXTI9_5_IRQHandler
                0x0000000008000958                RTC_WKUP_IRQHandler
                0x0000000008000958                PVD_PVM_IRQHandler
                0x0000000008000958                SPI2_IRQHandler
                0x0000000008000958                CAN1_TX_IRQHandler
                0x0000000008000958                DMA2_Channel5_IRQHandler
                0x0000000008000958                DMA1_Channel5_IRQHandler
                0x0000000008000958                EXTI4_IRQHandler
                0x0000000008000958                RNG_IRQHandler
                0x0000000008000958                TIM1_TRG_COM_TIM17_IRQHandler
                0x0000000008000958                DMA1_Channel3_IRQHandler
                0x0000000008000958                COMP_IRQHandler
                0x0000000008000958                WWDG_IRQHandler
                0x0000000008000958                LPUART1_IRQHandler
                0x0000000008000958                DMA2_Channel6_IRQHandler
                0x0000000008000958                TIM2_IRQHandler
                0x0000000008000958                EXTI1_IRQHandler
                0x0000000008000958                USART2_IRQHandler
                0x0000000008000958                DFSDM1_FLT0_IRQHandler
                0x0000000008000958                I2C2_ER_IRQHandler
                0x0000000008000958                DMA1_Channel2_IRQHandler
                0x0000000008000958                TIM8_BRK_IRQHandler
                0x0000000008000958                CAN1_SCE_IRQHandler
                0x0000000008000958                FLASH_IRQHandler
                0x0000000008000958                USART1_IRQHandler
                0x0000000008000958                OTG_FS_IRQHandler
                0x0000000008000958                SPI3_IRQHandler
                0x0000000008000958                I2C1_ER_IRQHandler
                0x0000000008000958                FMC_IRQHandler
                0x0000000008000958                SWPMI1_IRQHandler
                0x0000000008000958                LPTIM1_IRQHandler
                0x0000000008000958                SAI1_IRQHandler
                0x0000000008000958                DMA2_Channel3_IRQHandler
                0x0000000008000958                TIM1_BRK_TIM15_IRQHandler
 *fill*         0x000000000800095a        0x2 
 .text.HAL_Init
                0x000000000800095c       0x40 ./Drivers/STM32L4xx_HAL_Driver/Src/stm32l4xx_hal.o
                0x000000000800095c                HAL_Init
 .text.HAL_InitTick
                0x000000000800099c       0x78 ./Drivers/STM32L4xx_HAL_Driver/Src/stm32l4xx_hal.o
                0x000000000800099c                HAL_InitTick
 .text.HAL_GetTick
                0x0000000008000a14       0x18 ./Drivers/STM32L4xx_HAL_Driver/Src/stm32l4xx_hal.o
                0x0000000008000a14                HAL_GetTick
 .text.__NVIC_SetPriorityGrouping
                0x0000000008000a2c       0x48 ./Drivers/STM32L4xx_HAL_Driver/Src/stm32l4xx_hal_cortex.o
 .text.__NVIC_GetPriorityGrouping
                0x0000000008000a74       0x1c ./Drivers/STM32L4xx_HAL_Driver/Src/stm32l4xx_hal_cortex.o
 .text.__NVIC_SetPriority
                0x0000000008000a90       0x54 ./Drivers/STM32L4xx_HAL_Driver/Src/stm32l4xx_hal_cortex.o
 .text.NVIC_EncodePriority
                0x0000000008000ae4       0x66 ./Drivers/STM32L4xx_HAL_Driver/Src/stm32l4xx_hal_cortex.o
 *fill*         0x0000000008000b4a        0x2 
 .text.SysTick_Config
                0x0000000008000b4c       0x44 ./Drivers/STM32L4xx_HAL_Driver/Src/stm32l4xx_hal_cortex.o
 .text.HAL_NVIC_SetPriorityGrouping
                0x0000000008000b90       0x16 ./Drivers/STM32L4xx_HAL_Driver/Src/stm32l4xx_hal_cortex.o
                0x0000000008000b90                HAL_NVIC_SetPriorityGrouping
 .text.HAL_NVIC_SetPriority
                0x0000000008000ba6       0x38 ./Drivers/STM32L4xx_HAL_Driver/Src/stm32l4xx_hal_cortex.o
                0x0000000008000ba6                HAL_NVIC_SetPriority
 .text.HAL_SYSTICK_Config
                0x0000000008000bde       0x18 ./Drivers/STM32L4xx_HAL_Driver/Src/stm32l4xx_hal_cortex.o
                0x0000000008000bde                HAL_SYSTICK_Config
 *fill*         0x0000000008000bf6        0x2 
 .text.HAL_GPIO_Init
                0x0000000008000bf8      0x354 ./Drivers/STM32L4xx_HAL_Driver/Src/stm32l4xx_hal_gpio.o
                0x0000000008000bf8                HAL_GPIO_Init
 .text.HAL_GPIO_ReadPin
                0x0000000008000f4c       0x30 ./Drivers/STM32L4xx_HAL_Driver/Src/stm32l4xx_hal_gpio.o
                0x0000000008000f4c                HAL_GPIO_ReadPin
 .text.HAL_GPIO_WritePin
                0x0000000008000f7c       0x30 ./Drivers/STM32L4xx_HAL_Driver/Src/stm32l4xx_hal_gpio.o
                0x0000000008000f7c                HAL_GPIO_WritePin
 .text.HAL_GPIO_TogglePin
                0x0000000008000fac       0x34 ./Drivers/STM32L4xx_HAL_Driver/Src/stm32l4xx_hal_gpio.o
                0x0000000008000fac                HAL_GPIO_TogglePin
 .text.HAL_PWREx_GetVoltageRange
                0x0000000008000fe0       0x1c ./Drivers/STM32L4xx_HAL_Driver/Src/stm32l4xx_hal_pwr_ex.o
                0x0000000008000fe0                HAL_PWREx_GetVoltageRange
 .text.HAL_PWREx_ControlVoltageScaling
                0x0000000008000ffc       0xac ./Drivers/STM32L4xx_HAL_Driver/Src/stm32l4xx_hal_pwr_ex.o
                0x0000000008000ffc                HAL_PWREx_ControlVoltageScaling
 .text.HAL_RCC_OscConfig
                0x00000000080010a8      0x7b8 ./Drivers/STM32L4xx_HAL_Driver/Src/stm32l4xx_hal_rcc.o
                0x00000000080010a8                HAL_RCC_OscConfig
 .text.HAL_RCC_ClockConfig
                0x0000000008001860      0x200 ./Drivers/STM32L4xx_HAL_Driver/Src/stm32l4xx_hal_rcc.o
                0x0000000008001860                HAL_RCC_ClockConfig
 .text.HAL_RCC_GetSysClockFreq
                0x0000000008001a60      0x118 ./Drivers/STM32L4xx_HAL_Driver/Src/stm32l4xx_hal_rcc.o
                0x0000000008001a60                HAL_RCC_GetSysClockFreq
 .text.HAL_RCC_GetHCLKFreq
                0x0000000008001b78       0x18 ./Drivers/STM32L4xx_HAL_Driver/Src/stm32l4xx_hal_rcc.o
                0x0000000008001b78                HAL_RCC_GetHCLKFreq
 .text.HAL_RCC_GetPCLK1Freq
                0x0000000008001b90       0x2c ./Drivers/STM32L4xx_HAL_Driver/Src/stm32l4xx_hal_rcc.o
                0x0000000008001b90                HAL_RCC_GetPCLK1Freq
 .text.HAL_RCC_GetPCLK2Freq
                0x0000000008001bbc       0x2c ./Drivers/STM32L4xx_HAL_Driver/Src/stm32l4xx_hal_rcc.o
                0x0000000008001bbc                HAL_RCC_GetPCLK2Freq
 .text.RCC_SetFlashLatencyFromMSIRange
                0x0000000008001be8       0xc0 ./Drivers/STM32L4xx_HAL_Driver/Src/stm32l4xx_hal_rcc.o
 .text.HAL_RCCEx_PeriphCLKConfig
                0x0000000008001ca8      0x5d4 ./Drivers/STM32L4xx_HAL_Driver/Src/stm32l4xx_hal_rcc_ex.o
                0x0000000008001ca8                HAL_RCCEx_PeriphCLKConfig
 .text.RCCEx_PLLSAI1_Config
                0x000000000800227c      0x1e8 ./Drivers/STM32L4xx_HAL_Driver/Src/stm32l4xx_hal_rcc_ex.o
 .text.RCCEx_PLLSAI2_Config
                0x0000000008002464      0x1bc ./Drivers/STM32L4xx_HAL_Driver/Src/stm32l4xx_hal_rcc_ex.o
 .text.HAL_UART_Init
                0x0000000008002620       0x9c ./Drivers/STM32L4xx_HAL_Driver/Src/stm32l4xx_hal_uart.o
                0x0000000008002620                HAL_UART_Init
 .text.UART_SetConfig
                0x00000000080026bc      0x570 ./Drivers/STM32L4xx_HAL_Driver/Src/stm32l4xx_hal_uart.o
                0x00000000080026bc                UART_SetConfig
 .text.UART_AdvFeatureConfig
                0x0000000008002c2c      0x144 ./Drivers/STM32L4xx_HAL_Driver/Src/stm32l4xx_hal_uart.o
                0x0000000008002c2c                UART_AdvFeatureConfig
 .text.UART_CheckIdleState
                0x0000000008002d70      0x150 ./Drivers/STM32L4xx_HAL_Driver/Src/stm32l4xx_hal_uart.o
                0x0000000008002d70                UART_CheckIdleState
 .text.UART_WaitOnFlagUntilTimeout
                0x0000000008002ec0       0xda ./Drivers/STM32L4xx_HAL_Driver/Src/stm32l4xx_hal_uart.o
                0x0000000008002ec0                UART_WaitOnFlagUntilTimeout
 .text.UART_EndRxTransfer
                0x0000000008002f9a       0xc8 ./Drivers/STM32L4xx_HAL_Driver/Src/stm32l4xx_hal_uart.o
 .text.vListInitialise
                0x0000000008003062       0x40 ./ThirdParty/FreeRTOS/org/Source/list.o
                0x0000000008003062                vListInitialise
 .text.vListInitialiseItem
                0x00000000080030a2       0x1a ./ThirdParty/FreeRTOS/org/Source/list.o
                0x00000000080030a2                vListInitialiseItem
 .text.vListInsertEnd
                0x00000000080030bc       0x48 ./ThirdParty/FreeRTOS/org/Source/list.o
                0x00000000080030bc                vListInsertEnd
 .text.vListInsert
                0x0000000008003104       0x72 ./ThirdParty/FreeRTOS/org/Source/list.o
                0x0000000008003104                vListInsert
 .text.uxListRemove
                0x0000000008003176       0x54 ./ThirdParty/FreeRTOS/org/Source/list.o
                0x0000000008003176                uxListRemove
 *fill*         0x00000000080031ca        0x2 
 .text.xQueueGenericReset
                0x00000000080031cc       0xd0 ./ThirdParty/FreeRTOS/org/Source/queue.o
                0x00000000080031cc                xQueueGenericReset
 .text.xQueueGenericCreate
                0x000000000800329c       0xa0 ./ThirdParty/FreeRTOS/org/Source/queue.o
                0x000000000800329c                xQueueGenericCreate
 .text.prvInitialiseNewQueue
                0x000000000800333c       0x4c ./ThirdParty/FreeRTOS/org/Source/queue.o
 .text.xQueueGenericSend
                0x0000000008003388      0x234 ./ThirdParty/FreeRTOS/org/Source/queue.o
                0x0000000008003388                xQueueGenericSend
 .text.xQueueGenericSendFromISR
                0x00000000080035bc      0x182 ./ThirdParty/FreeRTOS/org/Source/queue.o
                0x00000000080035bc                xQueueGenericSendFromISR
 *fill*         0x000000000800373e        0x2 
 .text.xQueueReceive
                0x0000000008003740      0x1c0 ./ThirdParty/FreeRTOS/org/Source/queue.o
                0x0000000008003740                xQueueReceive
 .text.prvCopyDataToQueue
                0x0000000008003900       0xd4 ./ThirdParty/FreeRTOS/org/Source/queue.o
 .text.prvCopyDataFromQueue
                0x00000000080039d4       0x4c ./ThirdParty/FreeRTOS/org/Source/queue.o
 .text.prvUnlockQueue
                0x0000000008003a20       0xbe ./ThirdParty/FreeRTOS/org/Source/queue.o
 .text.prvIsQueueEmpty
                0x0000000008003ade       0x2c ./ThirdParty/FreeRTOS/org/Source/queue.o
 .text.prvIsQueueFull
                0x0000000008003b0a       0x30 ./ThirdParty/FreeRTOS/org/Source/queue.o
 *fill*         0x0000000008003b3a        0x2 
 .text.vQueueAddToRegistry
                0x0000000008003b3c       0x54 ./ThirdParty/FreeRTOS/org/Source/queue.o
                0x0000000008003b3c                vQueueAddToRegistry
 .text.vQueueWaitForMessageRestricted
                0x0000000008003b90       0x68 ./ThirdParty/FreeRTOS/org/Source/queue.o
                0x0000000008003b90                vQueueWaitForMessageRestricted
 .text.prvNotifyQueueSetContainer
                0x0000000008003bf8       0xd0 ./ThirdParty/FreeRTOS/org/Source/queue.o
 .text.xTaskCreate
                0x0000000008003cc8       0x82 ./ThirdParty/FreeRTOS/org/Source/tasks.o
                0x0000000008003cc8                xTaskCreate
 .text.prvInitialiseNewTask
                0x0000000008003d4a      0x14e ./ThirdParty/FreeRTOS/org/Source/tasks.o
 .text.prvAddNewTaskToReadyList
                0x0000000008003e98       0xdc ./ThirdParty/FreeRTOS/org/Source/tasks.o
 .text.vTaskStartScheduler
                0x0000000008003f74       0x9c ./ThirdParty/FreeRTOS/org/Source/tasks.o
                0x0000000008003f74                vTaskStartScheduler
 .text.vTaskSuspendAll
                0x0000000008004010       0x1c ./ThirdParty/FreeRTOS/org/Source/tasks.o
                0x0000000008004010                vTaskSuspendAll
 .text.xTaskResumeAll
                0x000000000800402c      0x138 ./ThirdParty/FreeRTOS/org/Source/tasks.o
                0x000000000800402c                xTaskResumeAll
 .text.xTaskGetTickCount
                0x0000000008004164       0x20 ./ThirdParty/FreeRTOS/org/Source/tasks.o
                0x0000000008004164                xTaskGetTickCount
 .text.xTaskIncrementTick
                0x0000000008004184      0x170 ./ThirdParty/FreeRTOS/org/Source/tasks.o
                0x0000000008004184                xTaskIncrementTick
 .text.vTaskSwitchContext
                0x00000000080042f4       0xec ./ThirdParty/FreeRTOS/org/Source/tasks.o
                0x00000000080042f4                vTaskSwitchContext
 .text.vTaskPlaceOnEventList
                0x00000000080043e0       0x48 ./ThirdParty/FreeRTOS/org/Source/tasks.o
                0x00000000080043e0                vTaskPlaceOnEventList
 .text.vTaskPlaceOnEventListRestricted
                0x0000000008004428       0x58 ./ThirdParty/FreeRTOS/org/Source/tasks.o
                0x0000000008004428                vTaskPlaceOnEventListRestricted
 .text.xTaskRemoveFromEventList
                0x0000000008004480       0xc4 ./ThirdParty/FreeRTOS/org/Source/tasks.o
                0x0000000008004480                xTaskRemoveFromEventList
 .text.vTaskInternalSetTimeOutState
                0x0000000008004544       0x2c ./ThirdParty/FreeRTOS/org/Source/tasks.o
                0x0000000008004544                vTaskInternalSetTimeOutState
 .text.xTaskCheckForTimeOut
                0x0000000008004570       0xec ./ThirdParty/FreeRTOS/org/Source/tasks.o
                0x0000000008004570                xTaskCheckForTimeOut
 .text.vTaskMissedYield
                0x000000000800465c       0x18 ./ThirdParty/FreeRTOS/org/Source/tasks.o
                0x000000000800465c                vTaskMissedYield
 .text.prvIdleTask
                0x0000000008004674       0x30 ./ThirdParty/FreeRTOS/org/Source/tasks.o
 .text.prvInitialiseTaskLists
                0x00000000080046a4       0x80 ./ThirdParty/FreeRTOS/org/Source/tasks.o
 .text.prvCheckTasksWaitingTermination
                0x0000000008004724       0x5c ./ThirdParty/FreeRTOS/org/Source/tasks.o
 .text.prvDeleteTCB
                0x0000000008004780       0x20 ./ThirdParty/FreeRTOS/org/Source/tasks.o
 .text.prvResetNextTaskUnblockTime
                0x00000000080047a0       0x38 ./ThirdParty/FreeRTOS/org/Source/tasks.o
 .text.xTaskGetSchedulerState
                0x00000000080047d8       0x3c ./ThirdParty/FreeRTOS/org/Source/tasks.o
                0x00000000080047d8                xTaskGetSchedulerState
 .text.xTaskPriorityDisinherit
                0x0000000008004814       0xf4 ./ThirdParty/FreeRTOS/org/Source/tasks.o
                0x0000000008004814                xTaskPriorityDisinherit
 .text.xTaskGenericNotifyWait
                0x0000000008004908      0x100 ./ThirdParty/FreeRTOS/org/Source/tasks.o
                0x0000000008004908                xTaskGenericNotifyWait
 .text.xTaskGenericNotify
                0x0000000008004a08      0x1c0 ./ThirdParty/FreeRTOS/org/Source/tasks.o
                0x0000000008004a08                xTaskGenericNotify
 .text.prvAddCurrentTaskToDelayedList
                0x0000000008004bc8       0xd4 ./ThirdParty/FreeRTOS/org/Source/tasks.o
 .text.xTimerCreateTimerTask
                0x0000000008004c9c       0x64 ./ThirdParty/FreeRTOS/org/Source/timers.o
                0x0000000008004c9c                xTimerCreateTimerTask
 .text.xTimerGenericCommand
                0x0000000008004d00       0x9c ./ThirdParty/FreeRTOS/org/Source/timers.o
                0x0000000008004d00                xTimerGenericCommand
 .text.prvProcessExpiredTimer
                0x0000000008004d9c       0x98 ./ThirdParty/FreeRTOS/org/Source/timers.o
 .text.prvTimerTask
                0x0000000008004e34       0x24 ./ThirdParty/FreeRTOS/org/Source/timers.o
 .text.prvProcessTimerOrBlockTask
                0x0000000008004e58       0x9c ./ThirdParty/FreeRTOS/org/Source/timers.o
 .text.prvGetNextExpireTime
                0x0000000008004ef4       0x48 ./ThirdParty/FreeRTOS/org/Source/timers.o
 .text.prvSampleTimeNow
                0x0000000008004f3c       0x40 ./ThirdParty/FreeRTOS/org/Source/timers.o
 .text.prvInsertTimerInActiveList
                0x0000000008004f7c       0x84 ./ThirdParty/FreeRTOS/org/Source/timers.o
 .text.prvProcessReceivedCommands
                0x0000000008005000      0x18c ./ThirdParty/FreeRTOS/org/Source/timers.o
 .text.prvSwitchTimerLists
                0x000000000800518c       0xc8 ./ThirdParty/FreeRTOS/org/Source/timers.o
 .text.prvCheckForValidListAndQueue
                0x0000000008005254       0x6c ./ThirdParty/FreeRTOS/org/Source/timers.o
 .text.pxPortInitialiseStack
                0x00000000080052c0       0x68 ./ThirdParty/FreeRTOS/org/Source/portable/GCC/ARM_CM4F/port.o
                0x00000000080052c0                pxPortInitialiseStack
 .text.prvTaskExitError
                0x0000000008005328       0x58 ./ThirdParty/FreeRTOS/org/Source/portable/GCC/ARM_CM4F/port.o
 .text.SVC_Handler
                0x0000000008005380       0x28 ./ThirdParty/FreeRTOS/org/Source/portable/GCC/ARM_CM4F/port.o
                0x0000000008005380                SVC_Handler
 .text.prvPortStartFirstTask
                0x00000000080053a8       0x2c ./ThirdParty/FreeRTOS/org/Source/portable/GCC/ARM_CM4F/port.o
 .text.xPortStartScheduler
                0x00000000080053d4      0x144 ./ThirdParty/FreeRTOS/org/Source/portable/GCC/ARM_CM4F/port.o
                0x00000000080053d4                xPortStartScheduler
 .text.vPortEnterCritical
                0x0000000008005518       0x60 ./ThirdParty/FreeRTOS/org/Source/portable/GCC/ARM_CM4F/port.o
                0x0000000008005518                vPortEnterCritical
 .text.vPortExitCritical
                0x0000000008005578       0x54 ./ThirdParty/FreeRTOS/org/Source/portable/GCC/ARM_CM4F/port.o
                0x0000000008005578                vPortExitCritical
 *fill*         0x00000000080055cc        0x4 
 .text.PendSV_Handler
                0x00000000080055d0       0x68 ./ThirdParty/FreeRTOS/org/Source/portable/GCC/ARM_CM4F/port.o
                0x00000000080055d0                PendSV_Handler
 .text.SysTick_Handler
                0x0000000008005638       0x44 ./ThirdParty/FreeRTOS/org/Source/portable/GCC/ARM_CM4F/port.o
                0x0000000008005638                SysTick_Handler
 .text.vPortSetupTimerInterrupt
                0x000000000800567c       0x34 ./ThirdParty/FreeRTOS/org/Source/portable/GCC/ARM_CM4F/port.o
                0x000000000800567c                vPortSetupTimerInterrupt
 .text.vPortEnableVFP
                0x00000000080056b0       0x18 ./ThirdParty/FreeRTOS/org/Source/portable/GCC/ARM_CM4F/port.o
 .text.vPortValidateInterruptPriority
                0x00000000080056c8       0x80 ./ThirdParty/FreeRTOS/org/Source/portable/GCC/ARM_CM4F/port.o
                0x00000000080056c8                vPortValidateInterruptPriority
 .text.pvPortMalloc
                0x0000000008005748      0x198 ./ThirdParty/FreeRTOS/org/Source/portable/MemMang/heap_4.o
                0x0000000008005748                pvPortMalloc
 .text.vPortFree
                0x00000000080058e0       0xc4 ./ThirdParty/FreeRTOS/org/Source/portable/MemMang/heap_4.o
                0x00000000080058e0                vPortFree
 .text.prvHeapInit
                0x00000000080059a4       0xc4 ./ThirdParty/FreeRTOS/org/Source/portable/MemMang/heap_4.o
 .text.prvInsertBlockIntoFreeList
                0x0000000008005a68       0xb4 ./ThirdParty/FreeRTOS/org/Source/portable/MemMang/heap_4.o
 .text.memset   0x0000000008005b1c       0x10 C:/ST/STM32CubeIDE_1.14.0/STM32CubeIDE/plugins/com.st.stm32cube.ide.mcu.externaltools.gnu-tools-for-stm32.11.3.rel1.win32_1.1.100.202309141235/tools/bin/../lib/gcc/arm-none-eabi/11.3.1/../../../../arm-none-eabi/lib/thumb/v7e-m+fp/hard\libc_nano.a(libc_a-memset.o)
                0x0000000008005b1c                memset
 .text.__libc_init_array
                0x0000000008005b2c       0x48 C:/ST/STM32CubeIDE_1.14.0/STM32CubeIDE/plugins/com.st.stm32cube.ide.mcu.externaltools.gnu-tools-for-stm32.11.3.rel1.win32_1.1.100.202309141235/tools/bin/../lib/gcc/arm-none-eabi/11.3.1/../../../../arm-none-eabi/lib/thumb/v7e-m+fp/hard\libc_nano.a(libc_a-init.o)
                0x0000000008005b2c                __libc_init_array
 .text.memcpy   0x0000000008005b74       0x1c C:/ST/STM32CubeIDE_1.14.0/STM32CubeIDE/plugins/com.st.stm32cube.ide.mcu.externaltools.gnu-tools-for-stm32.11.3.rel1.win32_1.1.100.202309141235/tools/bin/../lib/gcc/arm-none-eabi/11.3.1/../../../../arm-none-eabi/lib/thumb/v7e-m+fp/hard\libc_nano.a(libc_a-memcpy-stub.o)
                0x0000000008005b74                memcpy
 *(.glue_7)
 .glue_7        0x0000000008005b90        0x0 linker stubs
 *(.glue_7t)
 .glue_7t       0x0000000008005b90        0x0 linker stubs
 *(.eh_frame)
 .eh_frame      0x0000000008005b90        0x0 C:/ST/STM32CubeIDE_1.14.0/STM32CubeIDE/plugins/com.st.stm32cube.ide.mcu.externaltools.gnu-tools-for-stm32.11.3.rel1.win32_1.1.100.202309141235/tools/bin/../lib/gcc/arm-none-eabi/11.3.1/thumb/v7e-m+fp/hard/crtbegin.o
 *(.init)
 .init          0x0000000008005b90        0x4 C:/ST/STM32CubeIDE_1.14.0/STM32CubeIDE/plugins/com.st.stm32cube.ide.mcu.externaltools.gnu-tools-for-stm32.11.3.rel1.win32_1.1.100.202309141235/tools/bin/../lib/gcc/arm-none-eabi/11.3.1/thumb/v7e-m+fp/hard/crti.o
                0x0000000008005b90                _init
 .init          0x0000000008005b94        0x8 C:/ST/STM32CubeIDE_1.14.0/STM32CubeIDE/plugins/com.st.stm32cube.ide.mcu.externaltools.gnu-tools-for-stm32.11.3.rel1.win32_1.1.100.202309141235/tools/bin/../lib/gcc/arm-none-eabi/11.3.1/thumb/v7e-m+fp/hard/crtn.o
 *(.fini)
 .fini          0x0000000008005b9c        0x4 C:/ST/STM32CubeIDE_1.14.0/STM32CubeIDE/plugins/com.st.stm32cube.ide.mcu.externaltools.gnu-tools-for-stm32.11.3.rel1.win32_1.1.100.202309141235/tools/bin/../lib/gcc/arm-none-eabi/11.3.1/thumb/v7e-m+fp/hard/crti.o
                0x0000000008005b9c                _fini
 .fini          0x0000000008005ba0        0x8 C:/ST/STM32CubeIDE_1.14.0/STM32CubeIDE/plugins/com.st.stm32cube.ide.mcu.externaltools.gnu-tools-for-stm32.11.3.rel1.win32_1.1.100.202309141235/tools/bin/../lib/gcc/arm-none-eabi/11.3.1/thumb/v7e-m+fp/hard/crtn.o
                0x0000000008005ba8                . = ALIGN (0x4)
                0x0000000008005ba8                _etext = .

.vfp11_veneer   0x0000000008005ba8        0x0
 .vfp11_veneer  0x0000000008005ba8        0x0 linker stubs

.v4_bx          0x0000000008005ba8        0x0
 .v4_bx         0x0000000008005ba8        0x0 linker stubs

.iplt           0x0000000008005ba8        0x0
 .iplt          0x0000000008005ba8        0x0 C:/ST/STM32CubeIDE_1.14.0/STM32CubeIDE/plugins/com.st.stm32cube.ide.mcu.externaltools.gnu-tools-for-stm32.11.3.rel1.win32_1.1.100.202309141235/tools/bin/../lib/gcc/arm-none-eabi/11.3.1/thumb/v7e-m+fp/hard/crtbegin.o

.rodata         0x0000000008005ba8       0x84
                0x0000000008005ba8                . = ALIGN (0x4)
 *(.rodata)
 .rodata        0x0000000008005ba8       0x21 ./Core/Src/main.o
 *fill*         0x0000000008005bc9        0x3 
 .rodata        0x0000000008005bcc        0x5 ./ThirdParty/FreeRTOS/org/Source/tasks.o
 *fill*         0x0000000008005bd1        0x3 
 .rodata        0x0000000008005bd4        0xd ./ThirdParty/FreeRTOS/org/Source/timers.o
 *(.rodata*)
 *fill*         0x0000000008005be1        0x3 
 .rodata.AHBPrescTable
                0x0000000008005be4       0x10 ./Core/Src/system_stm32l4xx.o
                0x0000000008005be4                AHBPrescTable
 .rodata.APBPrescTable
                0x0000000008005bf4        0x8 ./Core/Src/system_stm32l4xx.o
                0x0000000008005bf4                APBPrescTable
 .rodata.MSIRangeTable
                0x0000000008005bfc       0x30 ./Core/Src/system_stm32l4xx.o
                0x0000000008005bfc                MSIRangeTable
                0x0000000008005c2c                . = ALIGN (0x4)

.ARM.extab      0x0000000008005c2c        0x0
                0x0000000008005c2c                . = ALIGN (0x4)
 *(.ARM.extab* .gnu.linkonce.armextab.*)
                0x0000000008005c2c                . = ALIGN (0x4)

.ARM            0x0000000008005c2c        0x8
                0x0000000008005c2c                . = ALIGN (0x4)
                0x0000000008005c2c                __exidx_start = .
 *(.ARM.exidx*)
 .ARM.exidx     0x0000000008005c2c        0x8 C:/ST/STM32CubeIDE_1.14.0/STM32CubeIDE/plugins/com.st.stm32cube.ide.mcu.externaltools.gnu-tools-for-stm32.11.3.rel1.win32_1.1.100.202309141235/tools/bin/../lib/gcc/arm-none-eabi/11.3.1/thumb/v7e-m+fp/hard\libgcc.a(_udivmoddi4.o)
                0x0000000008005c34                __exidx_end = .
                0x0000000008005c34                . = ALIGN (0x4)

.rel.dyn        0x0000000008005c34        0x0
 .rel.iplt      0x0000000008005c34        0x0 C:/ST/STM32CubeIDE_1.14.0/STM32CubeIDE/plugins/com.st.stm32cube.ide.mcu.externaltools.gnu-tools-for-stm32.11.3.rel1.win32_1.1.100.202309141235/tools/bin/../lib/gcc/arm-none-eabi/11.3.1/thumb/v7e-m+fp/hard/crtbegin.o

.preinit_array  0x0000000008005c34        0x0
                0x0000000008005c34                . = ALIGN (0x4)
                0x0000000008005c34                PROVIDE (__preinit_array_start = .)
 *(.preinit_array*)
                0x0000000008005c34                PROVIDE (__preinit_array_end = .)
                0x0000000008005c34                . = ALIGN (0x4)

.init_array     0x0000000008005c34        0x4
                0x0000000008005c34                . = ALIGN (0x4)
                0x0000000008005c34                PROVIDE (__init_array_start = .)
 *(SORT_BY_NAME(.init_array.*))
 *(.init_array*)
 .init_array    0x0000000008005c34        0x4 C:/ST/STM32CubeIDE_1.14.0/STM32CubeIDE/plugins/com.st.stm32cube.ide.mcu.externaltools.gnu-tools-for-stm32.11.3.rel1.win32_1.1.100.202309141235/tools/bin/../lib/gcc/arm-none-eabi/11.3.1/thumb/v7e-m+fp/hard/crtbegin.o
                0x0000000008005c38                PROVIDE (__init_array_end = .)
                0x0000000008005c38                . = ALIGN (0x4)

.fini_array     0x0000000008005c38        0x4
                0x0000000008005c38                . = ALIGN (0x4)
                [!provide]                        PROVIDE (__fini_array_start = .)
 *(SORT_BY_NAME(.fini_array.*))
 *(.fini_array*)
 .fini_array    0x0000000008005c38        0x4 C:/ST/STM32CubeIDE_1.14.0/STM32CubeIDE/plugins/com.st.stm32cube.ide.mcu.externaltools.gnu-tools-for-stm32.11.3.rel1.win32_1.1.100.202309141235/tools/bin/../lib/gcc/arm-none-eabi/11.3.1/thumb/v7e-m+fp/hard/crtbegin.o
                [!provide]                        PROVIDE (__fini_array_end = .)
                0x0000000008005c3c                . = ALIGN (0x4)
                0x0000000008005c3c                _sidata = LOADADDR (.data)

.data           0x0000000020000000       0x10 load address 0x0000000008005c3c
                0x0000000020000000                . = ALIGN (0x4)
                0x0000000020000000                _sdata = .
 *(.data)
 *(.data*)
 .data.SystemCoreClock
                0x0000000020000000        0x4 ./Core/Src/system_stm32l4xx.o
                0x0000000020000000                SystemCoreClock
 .data.uwTickPrio
                0x0000000020000004        0x4 ./Drivers/STM32L4xx_HAL_Driver/Src/stm32l4xx_hal.o
                0x0000000020000004                uwTickPrio
 .data.uwTickFreq
                0x0000000020000008        0x1 ./Drivers/STM32L4xx_HAL_Driver/Src/stm32l4xx_hal.o
                0x0000000020000008                uwTickFreq
 *fill*         0x0000000020000009        0x3 
 .data.uxCriticalNesting
                0x000000002000000c        0x4 ./ThirdParty/FreeRTOS/org/Source/portable/GCC/ARM_CM4F/port.o
 *(.RamFunc)
 *(.RamFunc*)
                0x0000000020000010                . = ALIGN (0x4)
                0x0000000020000010                _edata = .

.igot.plt       0x0000000020000010        0x0 load address 0x0000000008005c4c
 .igot.plt      0x0000000020000010        0x0 C:/ST/STM32CubeIDE_1.14.0/STM32CubeIDE/plugins/com.st.stm32cube.ide.mcu.externaltools.gnu-tools-for-stm32.11.3.rel1.win32_1.1.100.202309141235/tools/bin/../lib/gcc/arm-none-eabi/11.3.1/thumb/v7e-m+fp/hard/crtbegin.o
                0x0000000020000010                . = ALIGN (0x4)

.bss            0x0000000020000010     0x4248 load address 0x0000000008005c4c
                0x0000000020000010                _sbss = .
                0x0000000020000010                __bss_start__ = _sbss
 *(.bss)
 .bss           0x0000000020000010       0x1c C:/ST/STM32CubeIDE_1.14.0/STM32CubeIDE/plugins/com.st.stm32cube.ide.mcu.externaltools.gnu-tools-for-stm32.11.3.rel1.win32_1.1.100.202309141235/tools/bin/../lib/gcc/arm-none-eabi/11.3.1/thumb/v7e-m+fp/hard/crtbegin.o
 *(.bss*)
 .bss.huart2    0x000000002000002c       0x88 ./Core/Src/main.o
                0x000000002000002c                huart2
 .bss.xTaskHandle1
                0x00000000200000b4        0x4 ./Core/Src/main.o
                0x00000000200000b4                xTaskHandle1
 .bss.xTaskHandle2
                0x00000000200000b8        0x4 ./Core/Src/main.o
                0x00000000200000b8                xTaskHandle2
 .bss.uwTick    0x00000000200000bc        0x4 ./Drivers/STM32L4xx_HAL_Driver/Src/stm32l4xx_hal.o
                0x00000000200000bc                uwTick
 .bss.xQueueRegistry
                0x00000000200000c0       0x28 ./ThirdParty/FreeRTOS/org/Source/queue.o
                0x00000000200000c0                xQueueRegistry
 .bss.pxCurrentTCB
                0x00000000200000e8        0x4 ./ThirdParty/FreeRTOS/org/Source/tasks.o
                0x00000000200000e8                pxCurrentTCB
 .bss.pxReadyTasksLists
                0x00000000200000ec       0x64 ./ThirdParty/FreeRTOS/org/Source/tasks.o
 .bss.xDelayedTaskList1
                0x0000000020000150       0x14 ./ThirdParty/FreeRTOS/org/Source/tasks.o
 .bss.xDelayedTaskList2
                0x0000000020000164       0x14 ./ThirdParty/FreeRTOS/org/Source/tasks.o
 .bss.pxDelayedTaskList
                0x0000000020000178        0x4 ./ThirdParty/FreeRTOS/org/Source/tasks.o
 .bss.pxOverflowDelayedTaskList
                0x000000002000017c        0x4 ./ThirdParty/FreeRTOS/org/Source/tasks.o
 .bss.xPendingReadyList
                0x0000000020000180       0x14 ./ThirdParty/FreeRTOS/org/Source/tasks.o
 .bss.xTasksWaitingTermination
                0x0000000020000194       0x14 ./ThirdParty/FreeRTOS/org/Source/tasks.o
 .bss.uxDeletedTasksWaitingCleanUp
                0x00000000200001a8        0x4 ./ThirdParty/FreeRTOS/org/Source/tasks.o
 .bss.xSuspendedTaskList
                0x00000000200001ac       0x14 ./ThirdParty/FreeRTOS/org/Source/tasks.o
 .bss.uxCurrentNumberOfTasks
                0x00000000200001c0        0x4 ./ThirdParty/FreeRTOS/org/Source/tasks.o
 .bss.xTickCount
                0x00000000200001c4        0x4 ./ThirdParty/FreeRTOS/org/Source/tasks.o
 .bss.uxTopReadyPriority
                0x00000000200001c8        0x4 ./ThirdParty/FreeRTOS/org/Source/tasks.o
 .bss.xSchedulerRunning
                0x00000000200001cc        0x4 ./ThirdParty/FreeRTOS/org/Source/tasks.o
 .bss.xPendedTicks
                0x00000000200001d0        0x4 ./ThirdParty/FreeRTOS/org/Source/tasks.o
 .bss.xYieldPending
                0x00000000200001d4        0x4 ./ThirdParty/FreeRTOS/org/Source/tasks.o
 .bss.xNumOfOverflows
                0x00000000200001d8        0x4 ./ThirdParty/FreeRTOS/org/Source/tasks.o
 .bss.uxTaskNumber
                0x00000000200001dc        0x4 ./ThirdParty/FreeRTOS/org/Source/tasks.o
 .bss.xNextTaskUnblockTime
                0x00000000200001e0        0x4 ./ThirdParty/FreeRTOS/org/Source/tasks.o
 .bss.xIdleTaskHandle
                0x00000000200001e4        0x4 ./ThirdParty/FreeRTOS/org/Source/tasks.o
 .bss.uxSchedulerSuspended
                0x00000000200001e8        0x4 ./ThirdParty/FreeRTOS/org/Source/tasks.o
 .bss.ulTaskSwitchedInTime
                0x00000000200001ec        0x4 ./ThirdParty/FreeRTOS/org/Source/tasks.o
 .bss.ulTotalRunTime
                0x00000000200001f0        0x4 ./ThirdParty/FreeRTOS/org/Source/tasks.o
 .bss.xActiveTimerList1
                0x00000000200001f4       0x14 ./ThirdParty/FreeRTOS/org/Source/timers.o
 .bss.xActiveTimerList2
                0x0000000020000208       0x14 ./ThirdParty/FreeRTOS/org/Source/timers.o
 .bss.pxCurrentTimerList
                0x000000002000021c        0x4 ./ThirdParty/FreeRTOS/org/Source/timers.o
 .bss.pxOverflowTimerList
                0x0000000020000220        0x4 ./ThirdParty/FreeRTOS/org/Source/timers.o
 .bss.xTimerQueue
                0x0000000020000224        0x4 ./ThirdParty/FreeRTOS/org/Source/timers.o
 .bss.xTimerTaskHandle
                0x0000000020000228        0x4 ./ThirdParty/FreeRTOS/org/Source/timers.o
 .bss.xLastTime.0
                0x000000002000022c        0x4 ./ThirdParty/FreeRTOS/org/Source/timers.o
 .bss.ucMaxSysCallPriority
                0x0000000020000230        0x1 ./ThirdParty/FreeRTOS/org/Source/portable/GCC/ARM_CM4F/port.o
 *fill*         0x0000000020000231        0x3 
 .bss.ulMaxPRIGROUPValue
                0x0000000020000234        0x4 ./ThirdParty/FreeRTOS/org/Source/portable/GCC/ARM_CM4F/port.o
 .bss.ucHeap    0x0000000020000238     0x4000 ./ThirdParty/FreeRTOS/org/Source/portable/MemMang/heap_4.o
 .bss.xStart    0x0000000020004238        0x8 ./ThirdParty/FreeRTOS/org/Source/portable/MemMang/heap_4.o
 .bss.pxEnd     0x0000000020004240        0x4 ./ThirdParty/FreeRTOS/org/Source/portable/MemMang/heap_4.o
 .bss.xFreeBytesRemaining
                0x0000000020004244        0x4 ./ThirdParty/FreeRTOS/org/Source/portable/MemMang/heap_4.o
 .bss.xMinimumEverFreeBytesRemaining
                0x0000000020004248        0x4 ./ThirdParty/FreeRTOS/org/Source/portable/MemMang/heap_4.o
 .bss.xNumberOfSuccessfulAllocations
                0x000000002000424c        0x4 ./ThirdParty/FreeRTOS/org/Source/portable/MemMang/heap_4.o
 .bss.xNumberOfSuccessfulFrees
                0x0000000020004250        0x4 ./ThirdParty/FreeRTOS/org/Source/portable/MemMang/heap_4.o
 .bss.xBlockAllocatedBit
                0x0000000020004254        0x4 ./ThirdParty/FreeRTOS/org/Source/portable/MemMang/heap_4.o
 *(COMMON)
                0x0000000020004258                . = ALIGN (0x4)
                0x0000000020004258                _ebss = .
                0x0000000020004258                __bss_end__ = _ebss

._user_heap_stack
                0x0000000020004258      0x600 load address 0x0000000008005c4c
                0x0000000020004258                . = ALIGN (0x8)
                [!provide]                        PROVIDE (end = .)
                0x0000000020004258                PROVIDE (_end = .)
                0x0000000020004458                . = (. + _Min_Heap_Size)
 *fill*         0x0000000020004258      0x200 
                0x0000000020004858                . = (. + _Min_Stack_Size)
 *fill*         0x0000000020004458      0x400 
                0x0000000020004858                . = ALIGN (0x8)

/DISCARD/
 libc.a(*)
 libm.a(*)
 libgcc.a(*)

.ARM.attributes
                0x0000000000000000       0x30
 *(.ARM.attributes)
 .ARM.attributes
                0x0000000000000000       0x1e C:/ST/STM32CubeIDE_1.14.0/STM32CubeIDE/plugins/com.st.stm32cube.ide.mcu.externaltools.gnu-tools-for-stm32.11.3.rel1.win32_1.1.100.202309141235/tools/bin/../lib/gcc/arm-none-eabi/11.3.1/thumb/v7e-m+fp/hard/crti.o
 .ARM.attributes
                0x000000000000001e       0x34 C:/ST/STM32CubeIDE_1.14.0/STM32CubeIDE/plugins/com.st.stm32cube.ide.mcu.externaltools.gnu-tools-for-stm32.11.3.rel1.win32_1.1.100.202309141235/tools/bin/../lib/gcc/arm-none-eabi/11.3.1/thumb/v7e-m+fp/hard/crtbegin.o
 .ARM.attributes
                0x0000000000000052       0x34 ./Core/Src/main.o
 .ARM.attributes
                0x0000000000000086       0x34 ./Core/Src/stm32l4xx_hal_msp.o
 .ARM.attributes
                0x00000000000000ba       0x34 ./Core/Src/stm32l4xx_it.o
 .ARM.attributes
                0x00000000000000ee       0x34 ./Core/Src/system_stm32l4xx.o
 .ARM.attributes
                0x0000000000000122       0x21 ./Core/Startup/startup_stm32l476rgtx.o
 .ARM.attributes
                0x0000000000000143       0x34 ./Drivers/STM32L4xx_HAL_Driver/Src/stm32l4xx_hal.o
 .ARM.attributes
                0x0000000000000177       0x34 ./Drivers/STM32L4xx_HAL_Driver/Src/stm32l4xx_hal_cortex.o
 .ARM.attributes
                0x00000000000001ab       0x34 ./Drivers/STM32L4xx_HAL_Driver/Src/stm32l4xx_hal_gpio.o
 .ARM.attributes
                0x00000000000001df       0x34 ./Drivers/STM32L4xx_HAL_Driver/Src/stm32l4xx_hal_pwr_ex.o
 .ARM.attributes
                0x0000000000000213       0x34 ./Drivers/STM32L4xx_HAL_Driver/Src/stm32l4xx_hal_rcc.o
 .ARM.attributes
                0x0000000000000247       0x34 ./Drivers/STM32L4xx_HAL_Driver/Src/stm32l4xx_hal_rcc_ex.o
 .ARM.attributes
                0x000000000000027b       0x34 ./Drivers/STM32L4xx_HAL_Driver/Src/stm32l4xx_hal_uart.o
 .ARM.attributes
                0x00000000000002af       0x34 ./ThirdParty/FreeRTOS/org/Source/list.o
 .ARM.attributes
                0x00000000000002e3       0x34 ./ThirdParty/FreeRTOS/org/Source/queue.o
 .ARM.attributes
                0x0000000000000317       0x34 ./ThirdParty/FreeRTOS/org/Source/tasks.o
 .ARM.attributes
                0x000000000000034b       0x34 ./ThirdParty/FreeRTOS/org/Source/timers.o
 .ARM.attributes
                0x000000000000037f       0x34 ./ThirdParty/FreeRTOS/org/Source/portable/GCC/ARM_CM4F/port.o
 .ARM.attributes
                0x00000000000003b3       0x34 ./ThirdParty/FreeRTOS/org/Source/portable/MemMang/heap_4.o
 .ARM.attributes
                0x00000000000003e7       0x34 C:/ST/STM32CubeIDE_1.14.0/STM32CubeIDE/plugins/com.st.stm32cube.ide.mcu.externaltools.gnu-tools-for-stm32.11.3.rel1.win32_1.1.100.202309141235/tools/bin/../lib/gcc/arm-none-eabi/11.3.1/../../../../arm-none-eabi/lib/thumb/v7e-m+fp/hard\libc_nano.a(libc_a-memset.o)
 .ARM.attributes
                0x000000000000041b       0x34 C:/ST/STM32CubeIDE_1.14.0/STM32CubeIDE/plugins/com.st.stm32cube.ide.mcu.externaltools.gnu-tools-for-stm32.11.3.rel1.win32_1.1.100.202309141235/tools/bin/../lib/gcc/arm-none-eabi/11.3.1/../../../../arm-none-eabi/lib/thumb/v7e-m+fp/hard\libc_nano.a(libc_a-init.o)
 .ARM.attributes
                0x000000000000044f       0x34 C:/ST/STM32CubeIDE_1.14.0/STM32CubeIDE/plugins/com.st.stm32cube.ide.mcu.externaltools.gnu-tools-for-stm32.11.3.rel1.win32_1.1.100.202309141235/tools/bin/../lib/gcc/arm-none-eabi/11.3.1/../../../../arm-none-eabi/lib/thumb/v7e-m+fp/hard\libc_nano.a(libc_a-memcpy-stub.o)
 .ARM.attributes
                0x0000000000000483       0x1e C:/ST/STM32CubeIDE_1.14.0/STM32CubeIDE/plugins/com.st.stm32cube.ide.mcu.externaltools.gnu-tools-for-stm32.11.3.rel1.win32_1.1.100.202309141235/tools/bin/../lib/gcc/arm-none-eabi/11.3.1/thumb/v7e-m+fp/hard\libgcc.a(_aeabi_uldivmod.o)
 .ARM.attributes
                0x00000000000004a1       0x34 C:/ST/STM32CubeIDE_1.14.0/STM32CubeIDE/plugins/com.st.stm32cube.ide.mcu.externaltools.gnu-tools-for-stm32.11.3.rel1.win32_1.1.100.202309141235/tools/bin/../lib/gcc/arm-none-eabi/11.3.1/thumb/v7e-m+fp/hard\libgcc.a(_udivmoddi4.o)
 .ARM.attributes
                0x00000000000004d5       0x1e C:/ST/STM32CubeIDE_1.14.0/STM32CubeIDE/plugins/com.st.stm32cube.ide.mcu.externaltools.gnu-tools-for-stm32.11.3.rel1.win32_1.1.100.202309141235/tools/bin/../lib/gcc/arm-none-eabi/11.3.1/thumb/v7e-m+fp/hard\libgcc.a(_dvmd_tls.o)
 .ARM.attributes
                0x00000000000004f3       0x1e C:/ST/STM32CubeIDE_1.14.0/STM32CubeIDE/plugins/com.st.stm32cube.ide.mcu.externaltools.gnu-tools-for-stm32.11.3.rel1.win32_1.1.100.202309141235/tools/bin/../lib/gcc/arm-none-eabi/11.3.1/thumb/v7e-m+fp/hard/crtn.o
OUTPUT(STM32L4xx_RTOS_Tasks_Notify.elf elf32-littlearm)
LOAD linker stubs
LOAD C:/ST/STM32CubeIDE_1.14.0/STM32CubeIDE/plugins/com.st.stm32cube.ide.mcu.externaltools.gnu-tools-for-stm32.11.3.rel1.win32_1.1.100.202309141235/tools/bin/../lib/gcc/arm-none-eabi/11.3.1/../../../../arm-none-eabi/lib/thumb/v7e-m+fp/hard\libc.a
LOAD C:/ST/STM32CubeIDE_1.14.0/STM32CubeIDE/plugins/com.st.stm32cube.ide.mcu.externaltools.gnu-tools-for-stm32.11.3.rel1.win32_1.1.100.202309141235/tools/bin/../lib/gcc/arm-none-eabi/11.3.1/../../../../arm-none-eabi/lib/thumb/v7e-m+fp/hard\libm.a
LOAD C:/ST/STM32CubeIDE_1.14.0/STM32CubeIDE/plugins/com.st.stm32cube.ide.mcu.externaltools.gnu-tools-for-stm32.11.3.rel1.win32_1.1.100.202309141235/tools/bin/../lib/gcc/arm-none-eabi/11.3.1/thumb/v7e-m+fp/hard\libgcc.a

.comment        0x0000000000000000       0x43
 .comment       0x0000000000000000       0x43 C:/ST/STM32CubeIDE_1.14.0/STM32CubeIDE/plugins/com.st.stm32cube.ide.mcu.externaltools.gnu-tools-for-stm32.11.3.rel1.win32_1.1.100.202309141235/tools/bin/../lib/gcc/arm-none-eabi/11.3.1/thumb/v7e-m+fp/hard/crtbegin.o
                                         0x44 (size before relaxing)
 .comment       0x0000000000000043       0x44 ./Core/Src/main.o
 .comment       0x0000000000000043       0x44 ./Core/Src/stm32l4xx_hal_msp.o
 .comment       0x0000000000000043       0x44 ./Core/Src/stm32l4xx_it.o
 .comment       0x0000000000000043       0x44 ./Core/Src/system_stm32l4xx.o
 .comment       0x0000000000000043       0x44 ./Drivers/STM32L4xx_HAL_Driver/Src/stm32l4xx_hal.o
 .comment       0x0000000000000043       0x44 ./Drivers/STM32L4xx_HAL_Driver/Src/stm32l4xx_hal_cortex.o
 .comment       0x0000000000000043       0x44 ./Drivers/STM32L4xx_HAL_Driver/Src/stm32l4xx_hal_gpio.o
 .comment       0x0000000000000043       0x44 ./Drivers/STM32L4xx_HAL_Driver/Src/stm32l4xx_hal_pwr_ex.o
 .comment       0x0000000000000043       0x44 ./Drivers/STM32L4xx_HAL_Driver/Src/stm32l4xx_hal_rcc.o
 .comment       0x0000000000000043       0x44 ./Drivers/STM32L4xx_HAL_Driver/Src/stm32l4xx_hal_rcc_ex.o
 .comment       0x0000000000000043       0x44 ./Drivers/STM32L4xx_HAL_Driver/Src/stm32l4xx_hal_uart.o
 .comment       0x0000000000000043       0x44 ./ThirdParty/FreeRTOS/org/Source/list.o
 .comment       0x0000000000000043       0x44 ./ThirdParty/FreeRTOS/org/Source/queue.o
 .comment       0x0000000000000043       0x44 ./ThirdParty/FreeRTOS/org/Source/tasks.o
 .comment       0x0000000000000043       0x44 ./ThirdParty/FreeRTOS/org/Source/timers.o
 .comment       0x0000000000000043       0x44 ./ThirdParty/FreeRTOS/org/Source/portable/GCC/ARM_CM4F/port.o
 .comment       0x0000000000000043       0x44 ./ThirdParty/FreeRTOS/org/Source/portable/MemMang/heap_4.o

.debug_info     0x0000000000000000     0xfe5b
 .debug_info    0x0000000000000000      0xfe7 ./Core/Src/main.o
 .debug_info    0x0000000000000fe7      0xd21 ./Core/Src/stm32l4xx_hal_msp.o
 .debug_info    0x0000000000001d08       0xd8 ./Core/Src/stm32l4xx_it.o
 .debug_info    0x0000000000001de0      0x5b1 ./Core/Src/system_stm32l4xx.o
 .debug_info    0x0000000000002391       0x23 ./Core/Startup/startup_stm32l476rgtx.o
 .debug_info    0x00000000000023b4      0xc09 ./Drivers/STM32L4xx_HAL_Driver/Src/stm32l4xx_hal.o
 .debug_info    0x0000000000002fbd      0xd81 ./Drivers/STM32L4xx_HAL_Driver/Src/stm32l4xx_hal_cortex.o
 .debug_info    0x0000000000003d3e      0x757 ./Drivers/STM32L4xx_HAL_Driver/Src/stm32l4xx_hal_gpio.o
 .debug_info    0x0000000000004495      0x99e ./Drivers/STM32L4xx_HAL_Driver/Src/stm32l4xx_hal_pwr_ex.o
 .debug_info    0x0000000000004e33      0xc14 ./Drivers/STM32L4xx_HAL_Driver/Src/stm32l4xx_hal_rcc.o
 .debug_info    0x0000000000005a47      0xe11 ./Drivers/STM32L4xx_HAL_Driver/Src/stm32l4xx_hal_rcc_ex.o
 .debug_info    0x0000000000006858     0x3b69 ./Drivers/STM32L4xx_HAL_Driver/Src/stm32l4xx_hal_uart.o
 .debug_info    0x000000000000a3c1      0x2af ./ThirdParty/FreeRTOS/org/Source/list.o
 .debug_info    0x000000000000a670     0x1aa8 ./ThirdParty/FreeRTOS/org/Source/queue.o
 .debug_info    0x000000000000c118     0x2558 ./ThirdParty/FreeRTOS/org/Source/tasks.o
 .debug_info    0x000000000000e670      0xe4d ./ThirdParty/FreeRTOS/org/Source/timers.o
 .debug_info    0x000000000000f4bd      0x4c9 ./ThirdParty/FreeRTOS/org/Source/portable/GCC/ARM_CM4F/port.o
 .debug_info    0x000000000000f986      0x4d5 ./ThirdParty/FreeRTOS/org/Source/portable/MemMang/heap_4.o

.debug_abbrev   0x0000000000000000     0x263f
 .debug_abbrev  0x0000000000000000      0x2b5 ./Core/Src/main.o
 .debug_abbrev  0x00000000000002b5      0x1d2 ./Core/Src/stm32l4xx_hal_msp.o
 .debug_abbrev  0x0000000000000487       0x47 ./Core/Src/stm32l4xx_it.o
 .debug_abbrev  0x00000000000004ce      0x11a ./Core/Src/system_stm32l4xx.o
 .debug_abbrev  0x00000000000005e8       0x12 ./Core/Startup/startup_stm32l476rgtx.o
 .debug_abbrev  0x00000000000005fa      0x243 ./Drivers/STM32L4xx_HAL_Driver/Src/stm32l4xx_hal.o
 .debug_abbrev  0x000000000000083d      0x31c ./Drivers/STM32L4xx_HAL_Driver/Src/stm32l4xx_hal_cortex.o
 .debug_abbrev  0x0000000000000b59      0x1cb ./Drivers/STM32L4xx_HAL_Driver/Src/stm32l4xx_hal_gpio.o
 .debug_abbrev  0x0000000000000d24      0x1f9 ./Drivers/STM32L4xx_HAL_Driver/Src/stm32l4xx_hal_pwr_ex.o
 .debug_abbrev  0x0000000000000f1d      0x2cb ./Drivers/STM32L4xx_HAL_Driver/Src/stm32l4xx_hal_rcc.o
 .debug_abbrev  0x00000000000011e8      0x2a6 ./Drivers/STM32L4xx_HAL_Driver/Src/stm32l4xx_hal_rcc_ex.o
 .debug_abbrev  0x000000000000148e      0x2d0 ./Drivers/STM32L4xx_HAL_Driver/Src/stm32l4xx_hal_uart.o
 .debug_abbrev  0x000000000000175e       0xf5 ./ThirdParty/FreeRTOS/org/Source/list.o
 .debug_abbrev  0x0000000000001853      0x322 ./ThirdParty/FreeRTOS/org/Source/queue.o
 .debug_abbrev  0x0000000000001b75      0x388 ./ThirdParty/FreeRTOS/org/Source/tasks.o
 .debug_abbrev  0x0000000000001efd      0x2de ./ThirdParty/FreeRTOS/org/Source/timers.o
 .debug_abbrev  0x00000000000021db      0x247 ./ThirdParty/FreeRTOS/org/Source/portable/GCC/ARM_CM4F/port.o
 .debug_abbrev  0x0000000000002422      0x21d ./ThirdParty/FreeRTOS/org/Source/portable/MemMang/heap_4.o

.debug_aranges  0x0000000000000000      0xe68
 .debug_aranges
                0x0000000000000000       0x60 ./Core/Src/main.o
 .debug_aranges
                0x0000000000000060       0x30 ./Core/Src/stm32l4xx_hal_msp.o
 .debug_aranges
                0x0000000000000090       0x48 ./Core/Src/stm32l4xx_it.o
 .debug_aranges
                0x00000000000000d8       0x28 ./Core/Src/system_stm32l4xx.o
 .debug_aranges
                0x0000000000000100       0x28 ./Core/Startup/startup_stm32l476rgtx.o
 .debug_aranges
                0x0000000000000128      0x130 ./Drivers/STM32L4xx_HAL_Driver/Src/stm32l4xx_hal.o
 .debug_aranges
                0x0000000000000258      0x128 ./Drivers/STM32L4xx_HAL_Driver/Src/stm32l4xx_hal_cortex.o
 .debug_aranges
                0x0000000000000380       0x58 ./Drivers/STM32L4xx_HAL_Driver/Src/stm32l4xx_hal_gpio.o
 .debug_aranges
                0x00000000000003d8      0x160 ./Drivers/STM32L4xx_HAL_Driver/Src/stm32l4xx_hal_pwr_ex.o
 .debug_aranges
                0x0000000000000538       0x90 ./Drivers/STM32L4xx_HAL_Driver/Src/stm32l4xx_hal_rcc.o
 .debug_aranges
                0x00000000000005c8       0xc0 ./Drivers/STM32L4xx_HAL_Driver/Src/stm32l4xx_hal_rcc_ex.o
 .debug_aranges
                0x0000000000000688      0x228 ./Drivers/STM32L4xx_HAL_Driver/Src/stm32l4xx_hal_uart.o
 .debug_aranges
                0x00000000000008b0       0x40 ./ThirdParty/FreeRTOS/org/Source/list.o
 .debug_aranges
                0x00000000000008f0      0x170 ./ThirdParty/FreeRTOS/org/Source/queue.o
 .debug_aranges
                0x0000000000000a60      0x258 ./ThirdParty/FreeRTOS/org/Source/tasks.o
 .debug_aranges
                0x0000000000000cb8       0xd8 ./ThirdParty/FreeRTOS/org/Source/timers.o
 .debug_aranges
                0x0000000000000d90       0x80 ./ThirdParty/FreeRTOS/org/Source/portable/GCC/ARM_CM4F/port.o
 .debug_aranges
                0x0000000000000e10       0x58 ./ThirdParty/FreeRTOS/org/Source/portable/MemMang/heap_4.o

.debug_rnglists
                0x0000000000000000      0xb0e
 .debug_rnglists
                0x0000000000000000       0x45 ./Core/Src/main.o
 .debug_rnglists
                0x0000000000000045       0x20 ./Core/Src/stm32l4xx_hal_msp.o
 .debug_rnglists
                0x0000000000000065       0x31 ./Core/Src/stm32l4xx_it.o
 .debug_rnglists
                0x0000000000000096       0x1a ./Core/Src/system_stm32l4xx.o
 .debug_rnglists
                0x00000000000000b0       0x19 ./Core/Startup/startup_stm32l476rgtx.o
 .debug_rnglists
                0x00000000000000c9       0xdf ./Drivers/STM32L4xx_HAL_Driver/Src/stm32l4xx_hal.o
 .debug_rnglists
                0x00000000000001a8       0xda ./Drivers/STM32L4xx_HAL_Driver/Src/stm32l4xx_hal_cortex.o
 .debug_rnglists
                0x0000000000000282       0x3f ./Drivers/STM32L4xx_HAL_Driver/Src/stm32l4xx_hal_gpio.o
 .debug_rnglists
                0x00000000000002c1      0x109 ./Drivers/STM32L4xx_HAL_Driver/Src/stm32l4xx_hal_pwr_ex.o
 .debug_rnglists
                0x00000000000003ca       0x6d ./Drivers/STM32L4xx_HAL_Driver/Src/stm32l4xx_hal_rcc.o
 .debug_rnglists
                0x0000000000000437       0x95 ./Drivers/STM32L4xx_HAL_Driver/Src/stm32l4xx_hal_rcc_ex.o
 .debug_rnglists
                0x00000000000004cc      0x1db ./Drivers/STM32L4xx_HAL_Driver/Src/stm32l4xx_hal_uart.o
 .debug_rnglists
                0x00000000000006a7       0x2b ./ThirdParty/FreeRTOS/org/Source/list.o
 .debug_rnglists
                0x00000000000006d2      0x11c ./ThirdParty/FreeRTOS/org/Source/queue.o
 .debug_rnglists
                0x00000000000007ee      0x1de ./ThirdParty/FreeRTOS/org/Source/tasks.o
 .debug_rnglists
                0x00000000000009cc       0xa3 ./ThirdParty/FreeRTOS/org/Source/timers.o
 .debug_rnglists
                0x0000000000000a6f       0x5d ./ThirdParty/FreeRTOS/org/Source/portable/GCC/ARM_CM4F/port.o
 .debug_rnglists
                0x0000000000000acc       0x42 ./ThirdParty/FreeRTOS/org/Source/portable/MemMang/heap_4.o

.debug_macro    0x0000000000000000    0x263b9
 .debug_macro   0x0000000000000000      0x22c ./Core/Src/main.o
 .debug_macro   0x000000000000022c      0xaa8 ./Core/Src/main.o
 .debug_macro   0x0000000000000cd4      0x1a1 ./Core/Src/main.o
 .debug_macro   0x0000000000000e75       0x2e ./Core/Src/main.o
 .debug_macro   0x0000000000000ea3       0x28 ./Core/Src/main.o
 .debug_macro   0x0000000000000ecb       0x22 ./Core/Src/main.o
 .debug_macro   0x0000000000000eed       0x8e ./Core/Src/main.o
 .debug_macro   0x0000000000000f7b       0x51 ./Core/Src/main.o
 .debug_macro   0x0000000000000fcc      0x103 ./Core/Src/main.o
 .debug_macro   0x00000000000010cf       0x6a ./Core/Src/main.o
 .debug_macro   0x0000000000001139      0x1df ./Core/Src/main.o
 .debug_macro   0x0000000000001318       0x1c ./Core/Src/main.o
 .debug_macro   0x0000000000001334       0x22 ./Core/Src/main.o
 .debug_macro   0x0000000000001356       0xfb ./Core/Src/main.o
 .debug_macro   0x0000000000001451     0x1011 ./Core/Src/main.o
 .debug_macro   0x0000000000002462      0x11f ./Core/Src/main.o
 .debug_macro   0x0000000000002581    0x1a17a ./Core/Src/main.o
 .debug_macro   0x000000000001c6fb       0x6d ./Core/Src/main.o
 .debug_macro   0x000000000001c768     0x38fb ./Core/Src/main.o
 .debug_macro   0x0000000000020063      0x174 ./Core/Src/main.o
 .debug_macro   0x00000000000201d7       0x5c ./Core/Src/main.o
 .debug_macro   0x0000000000020233     0x159e ./Core/Src/main.o
 .debug_macro   0x00000000000217d1      0x5a5 ./Core/Src/main.o
 .debug_macro   0x0000000000021d76      0x1b9 ./Core/Src/main.o
 .debug_macro   0x0000000000021f2f      0x18b ./Core/Src/main.o
 .debug_macro   0x00000000000220ba      0x26b ./Core/Src/main.o
 .debug_macro   0x0000000000022325      0x23d ./Core/Src/main.o
 .debug_macro   0x0000000000022562      0x241 ./Core/Src/main.o
 .debug_macro   0x00000000000227a3      0x37c ./Core/Src/main.o
 .debug_macro   0x0000000000022b1f       0xd6 ./Core/Src/main.o
 .debug_macro   0x0000000000022bf5      0x122 ./Core/Src/main.o
 .debug_macro   0x0000000000022d17      0x3ef ./Core/Src/main.o
 .debug_macro   0x0000000000023106      0x5cf ./Core/Src/main.o
 .debug_macro   0x00000000000236d5       0x44 ./Core/Src/main.o
 .debug_macro   0x0000000000023719      0x330 ./Core/Src/main.o
 .debug_macro   0x0000000000023a49       0x4c ./Core/Src/main.o
 .debug_macro   0x0000000000023a95       0x22 ./Core/Src/main.o
 .debug_macro   0x0000000000023ab7      0x194 ./Core/Src/main.o
 .debug_macro   0x0000000000023c4b      0x15a ./Core/Src/main.o
 .debug_macro   0x0000000000023da5       0xe4 ./Core/Src/main.o
 .debug_macro   0x0000000000023e89       0x1c ./Core/Src/main.o
 .debug_macro   0x0000000000023ea5       0x26 ./Core/Src/main.o
 .debug_macro   0x0000000000023ecb      0x47f ./Core/Src/main.o
 .debug_macro   0x000000000002434a       0xb5 ./Core/Src/main.o
 .debug_macro   0x00000000000243ff      0x119 ./Core/Src/main.o
 .debug_macro   0x0000000000024518      0x1bb ./Core/Src/stm32l4xx_hal_msp.o
 .debug_macro   0x00000000000246d3      0x1c5 ./Core/Src/stm32l4xx_it.o
 .debug_macro   0x0000000000024898      0x1ac ./Core/Src/system_stm32l4xx.o
 .debug_macro   0x0000000000024a44      0x1fa ./Drivers/STM32L4xx_HAL_Driver/Src/stm32l4xx_hal.o
 .debug_macro   0x0000000000024c3e      0x1ac ./Drivers/STM32L4xx_HAL_Driver/Src/stm32l4xx_hal_cortex.o
 .debug_macro   0x0000000000024dea      0x1b3 ./Drivers/STM32L4xx_HAL_Driver/Src/stm32l4xx_hal_gpio.o
 .debug_macro   0x0000000000024f9d      0x1d0 ./Drivers/STM32L4xx_HAL_Driver/Src/stm32l4xx_hal_pwr_ex.o
 .debug_macro   0x000000000002516d      0x1ee ./Drivers/STM32L4xx_HAL_Driver/Src/stm32l4xx_hal_rcc.o
 .debug_macro   0x000000000002535b      0x1e2 ./Drivers/STM32L4xx_HAL_Driver/Src/stm32l4xx_hal_rcc_ex.o
 .debug_macro   0x000000000002553d      0x1d7 ./Drivers/STM32L4xx_HAL_Driver/Src/stm32l4xx_hal_uart.o
 .debug_macro   0x0000000000025714      0x193 ./ThirdParty/FreeRTOS/org/Source/list.o
 .debug_macro   0x00000000000258a7      0x21c ./ThirdParty/FreeRTOS/org/Source/queue.o
 .debug_macro   0x0000000000025ac3       0x16 ./ThirdParty/FreeRTOS/org/Source/queue.o
 .debug_macro   0x0000000000025ad9       0x20 ./ThirdParty/FreeRTOS/org/Source/queue.o
 .debug_macro   0x0000000000025af9       0x80 ./ThirdParty/FreeRTOS/org/Source/queue.o
 .debug_macro   0x0000000000025b79      0x279 ./ThirdParty/FreeRTOS/org/Source/tasks.o
 .debug_macro   0x0000000000025df2       0x10 ./ThirdParty/FreeRTOS/org/Source/tasks.o
 .debug_macro   0x0000000000025e02      0x1dc ./ThirdParty/FreeRTOS/org/Source/timers.o
 .debug_macro   0x0000000000025fde       0x97 ./ThirdParty/FreeRTOS/org/Source/timers.o
 .debug_macro   0x0000000000026075      0x196 ./ThirdParty/FreeRTOS/org/Source/portable/GCC/ARM_CM4F/port.o
 .debug_macro   0x000000000002620b      0x1ae ./ThirdParty/FreeRTOS/org/Source/portable/MemMang/heap_4.o

.debug_line     0x0000000000000000    0x10d61
 .debug_line    0x0000000000000000      0xa97 ./Core/Src/main.o
 .debug_line    0x0000000000000a97      0x77e ./Core/Src/stm32l4xx_hal_msp.o
 .debug_line    0x0000000000001215      0x7a3 ./Core/Src/stm32l4xx_it.o
 .debug_line    0x00000000000019b8      0x7b6 ./Core/Src/system_stm32l4xx.o
 .debug_line    0x000000000000216e       0x7a ./Core/Startup/startup_stm32l476rgtx.o
 .debug_line    0x00000000000021e8      0xb0f ./Drivers/STM32L4xx_HAL_Driver/Src/stm32l4xx_hal.o
 .debug_line    0x0000000000002cf7      0xce3 ./Drivers/STM32L4xx_HAL_Driver/Src/stm32l4xx_hal_cortex.o
 .debug_line    0x00000000000039da      0xb82 ./Drivers/STM32L4xx_HAL_Driver/Src/stm32l4xx_hal_gpio.o
 .debug_line    0x000000000000455c      0xd06 ./Drivers/STM32L4xx_HAL_Driver/Src/stm32l4xx_hal_pwr_ex.o
 .debug_line    0x0000000000005262      0xf87 ./Drivers/STM32L4xx_HAL_Driver/Src/stm32l4xx_hal_rcc.o
 .debug_line    0x00000000000061e9     0x14ff ./Drivers/STM32L4xx_HAL_Driver/Src/stm32l4xx_hal_rcc_ex.o
 .debug_line    0x00000000000076e8     0x3216 ./Drivers/STM32L4xx_HAL_Driver/Src/stm32l4xx_hal_uart.o
 .debug_line    0x000000000000a8fe      0x861 ./ThirdParty/FreeRTOS/org/Source/list.o
 .debug_line    0x000000000000b15f     0x190e ./ThirdParty/FreeRTOS/org/Source/queue.o
 .debug_line    0x000000000000ca6d     0x2180 ./ThirdParty/FreeRTOS/org/Source/tasks.o
 .debug_line    0x000000000000ebed      0xdbe ./ThirdParty/FreeRTOS/org/Source/timers.o
 .debug_line    0x000000000000f9ab      0x934 ./ThirdParty/FreeRTOS/org/Source/portable/GCC/ARM_CM4F/port.o
 .debug_line    0x00000000000102df      0xa82 ./ThirdParty/FreeRTOS/org/Source/portable/MemMang/heap_4.o

.debug_str      0x0000000000000000    0xef987
 .debug_str     0x0000000000000000    0xe5ea6 ./Core/Src/main.o
                                      0xe61e7 (size before relaxing)
 .debug_str     0x00000000000e5ea6      0x2da ./Core/Src/stm32l4xx_hal_msp.o
                                      0xe15b3 (size before relaxing)
 .debug_str     0x00000000000e6180       0x92 ./Core/Src/stm32l4xx_it.o
                                      0xe0cde (size before relaxing)
 .debug_str     0x00000000000e6212       0xf2 ./Core/Src/system_stm32l4xx.o
                                      0xe0da3 (size before relaxing)
 .debug_str     0x00000000000e6304       0x34 ./Core/Startup/startup_stm32l476rgtx.o
                                         0x89 (size before relaxing)
 .debug_str     0x00000000000e6338      0xb1b ./Drivers/STM32L4xx_HAL_Driver/Src/stm32l4xx_hal.o
                                      0xe19a2 (size before relaxing)
 .debug_str     0x00000000000e6e53      0x37c ./Drivers/STM32L4xx_HAL_Driver/Src/stm32l4xx_hal_cortex.o
                                      0xe161c (size before relaxing)
 .debug_str     0x00000000000e71cf       0xdf ./Drivers/STM32L4xx_HAL_Driver/Src/stm32l4xx_hal_gpio.o
                                      0xe0f1c (size before relaxing)
 .debug_str     0x00000000000e72ae      0x4e3 ./Drivers/STM32L4xx_HAL_Driver/Src/stm32l4xx_hal_pwr_ex.o
                                      0xe12fe (size before relaxing)
 .debug_str     0x00000000000e7791      0x345 ./Drivers/STM32L4xx_HAL_Driver/Src/stm32l4xx_hal_rcc.o
                                      0xe13e9 (size before relaxing)
 .debug_str     0x00000000000e7ad6      0x3bf ./Drivers/STM32L4xx_HAL_Driver/Src/stm32l4xx_hal_rcc_ex.o
                                      0xe1562 (size before relaxing)
 .debug_str     0x00000000000e7e95      0x8f7 ./Drivers/STM32L4xx_HAL_Driver/Src/stm32l4xx_hal_uart.o
                                      0xe1afb (size before relaxing)
 .debug_str     0x00000000000e878c     0x333b ./ThirdParty/FreeRTOS/org/Source/list.o
                                       0xac91 (size before relaxing)
 .debug_str     0x00000000000ebac7     0x1321 ./ThirdParty/FreeRTOS/org/Source/queue.o
                                       0xd1e6 (size before relaxing)
 .debug_str     0x00000000000ecde8     0x1c09 ./ThirdParty/FreeRTOS/org/Source/tasks.o
                                       0xdf21 (size before relaxing)
 .debug_str     0x00000000000ee9f1      0x509 ./ThirdParty/FreeRTOS/org/Source/timers.o
                                       0xd439 (size before relaxing)
 .debug_str     0x00000000000eeefa      0x772 ./ThirdParty/FreeRTOS/org/Source/portable/GCC/ARM_CM4F/port.o
                                       0x93c3 (size before relaxing)
 .debug_str     0x00000000000ef66c      0x31b ./ThirdParty/FreeRTOS/org/Source/portable/MemMang/heap_4.o
                                       0xc0e3 (size before relaxing)

.debug_frame    0x0000000000000000     0x3ad4
 .debug_frame   0x0000000000000000      0x138 ./Core/Src/main.o
 .debug_frame   0x0000000000000138       0x84 ./Core/Src/stm32l4xx_hal_msp.o
 .debug_frame   0x00000000000001bc       0xa8 ./Core/Src/stm32l4xx_it.o
 .debug_frame   0x0000000000000264       0x58 ./Core/Src/system_stm32l4xx.o
 .debug_frame   0x00000000000002bc      0x498 ./Drivers/STM32L4xx_HAL_Driver/Src/stm32l4xx_hal.o
 .debug_frame   0x0000000000000754      0x4e8 ./Drivers/STM32L4xx_HAL_Driver/Src/stm32l4xx_hal_cortex.o
 .debug_frame   0x0000000000000c3c      0x14c ./Drivers/STM32L4xx_HAL_Driver/Src/stm32l4xx_hal_gpio.o
 .debug_frame   0x0000000000000d88      0x584 ./Drivers/STM32L4xx_HAL_Driver/Src/stm32l4xx_hal_pwr_ex.o
 .debug_frame   0x000000000000130c      0x21c ./Drivers/STM32L4xx_HAL_Driver/Src/stm32l4xx_hal_rcc.o
 .debug_frame   0x0000000000001528      0x2fc ./Drivers/STM32L4xx_HAL_Driver/Src/stm32l4xx_hal_rcc_ex.o
 .debug_frame   0x0000000000001824      0x9f4 ./Drivers/STM32L4xx_HAL_Driver/Src/stm32l4xx_hal_uart.o
 .debug_frame   0x0000000000002218       0xd8 ./ThirdParty/FreeRTOS/org/Source/list.o
 .debug_frame   0x00000000000022f0      0x65c ./ThirdParty/FreeRTOS/org/Source/queue.o
 .debug_frame   0x000000000000294c      0xa54 ./ThirdParty/FreeRTOS/org/Source/tasks.o
 .debug_frame   0x00000000000033a0      0x38c ./ThirdParty/FreeRTOS/org/Source/timers.o
 .debug_frame   0x000000000000372c      0x1a8 ./ThirdParty/FreeRTOS/org/Source/portable/GCC/ARM_CM4F/port.o
 .debug_frame   0x00000000000038d4      0x12c ./ThirdParty/FreeRTOS/org/Source/portable/MemMang/heap_4.o
 .debug_frame   0x0000000000003a00       0x20 C:/ST/STM32CubeIDE_1.14.0/STM32CubeIDE/plugins/com.st.stm32cube.ide.mcu.externaltools.gnu-tools-for-stm32.11.3.rel1.win32_1.1.100.202309141235/tools/bin/../lib/gcc/arm-none-eabi/11.3.1/../../../../arm-none-eabi/lib/thumb/v7e-m+fp/hard\libc_nano.a(libc_a-memset.o)
 .debug_frame   0x0000000000003a20       0x2c C:/ST/STM32CubeIDE_1.14.0/STM32CubeIDE/plugins/com.st.stm32cube.ide.mcu.externaltools.gnu-tools-for-stm32.11.3.rel1.win32_1.1.100.202309141235/tools/bin/../lib/gcc/arm-none-eabi/11.3.1/../../../../arm-none-eabi/lib/thumb/v7e-m+fp/hard\libc_nano.a(libc_a-init.o)
 .debug_frame   0x0000000000003a4c       0x28 C:/ST/STM32CubeIDE_1.14.0/STM32CubeIDE/plugins/com.st.stm32cube.ide.mcu.externaltools.gnu-tools-for-stm32.11.3.rel1.win32_1.1.100.202309141235/tools/bin/../lib/gcc/arm-none-eabi/11.3.1/../../../../arm-none-eabi/lib/thumb/v7e-m+fp/hard\libc_nano.a(libc_a-memcpy-stub.o)
 .debug_frame   0x0000000000003a74       0x2c C:/ST/STM32CubeIDE_1.14.0/STM32CubeIDE/plugins/com.st.stm32cube.ide.mcu.externaltools.gnu-tools-for-stm32.11.3.rel1.win32_1.1.100.202309141235/tools/bin/../lib/gcc/arm-none-eabi/11.3.1/thumb/v7e-m+fp/hard\libgcc.a(_aeabi_uldivmod.o)
 .debug_frame   0x0000000000003aa0       0x34 C:/ST/STM32CubeIDE_1.14.0/STM32CubeIDE/plugins/com.st.stm32cube.ide.mcu.externaltools.gnu-tools-for-stm32.11.3.rel1.win32_1.1.100.202309141235/tools/bin/../lib/gcc/arm-none-eabi/11.3.1/thumb/v7e-m+fp/hard\libgcc.a(_udivmoddi4.o)

.debug_line_str
                0x0000000000000000       0x7d
 .debug_line_str
                0x0000000000000000       0x7d ./Core/Startup/startup_stm32l476rgtx.o
                                         0x95 (size before relaxing)
