Archive member included to satisfy reference by file (symbol)

C:/ST/STM32CubeIDE_1.14.0/STM32CubeIDE/plugins/com.st.stm32cube.ide.mcu.externaltools.gnu-tools-for-stm32.11.3.rel1.win32_1.1.100.202309141235/tools/bin/../lib/gcc/arm-none-eabi/11.3.1/../../../../arm-none-eabi/lib/thumb/v7e-m+fp/hard\libc_nano.a(libc_a-exit.o)
                              C:/ST/STM32CubeIDE_1.14.0/STM32CubeIDE/plugins/com.st.stm32cube.ide.mcu.externaltools.gnu-tools-for-stm32.11.3.rel1.win32_1.1.100.202309141235/tools/bin/../lib/gcc/arm-none-eabi/11.3.1/../../../../arm-none-eabi/lib/thumb/v7e-m+fp/hard/crt0.o (exit)
C:/ST/STM32CubeIDE_1.14.0/STM32CubeIDE/plugins/com.st.stm32cube.ide.mcu.externaltools.gnu-tools-for-stm32.11.3.rel1.win32_1.1.100.202309141235/tools/bin/../lib/gcc/arm-none-eabi/11.3.1/../../../../arm-none-eabi/lib/thumb/v7e-m+fp/hard\libc_nano.a(libc_a-findfp.o)
                              C:/ST/STM32CubeIDE_1.14.0/STM32CubeIDE/plugins/com.st.stm32cube.ide.mcu.externaltools.gnu-tools-for-stm32.11.3.rel1.win32_1.1.100.202309141235/tools/bin/../lib/gcc/arm-none-eabi/11.3.1/../../../../arm-none-eabi/lib/thumb/v7e-m+fp/hard\libc_nano.a(libc_a-exit.o) (__stdio_exit_handler)
C:/ST/STM32CubeIDE_1.14.0/STM32CubeIDE/plugins/com.st.stm32cube.ide.mcu.externaltools.gnu-tools-for-stm32.11.3.rel1.win32_1.1.100.202309141235/tools/bin/../lib/gcc/arm-none-eabi/11.3.1/../../../../arm-none-eabi/lib/thumb/v7e-m+fp/hard\libc_nano.a(libc_a-fwalk.o)
                              C:/ST/STM32CubeIDE_1.14.0/STM32CubeIDE/plugins/com.st.stm32cube.ide.mcu.externaltools.gnu-tools-for-stm32.11.3.rel1.win32_1.1.100.202309141235/tools/bin/../lib/gcc/arm-none-eabi/11.3.1/../../../../arm-none-eabi/lib/thumb/v7e-m+fp/hard\libc_nano.a(libc_a-findfp.o) (_fwalk_sglue)
C:/ST/STM32CubeIDE_1.14.0/STM32CubeIDE/plugins/com.st.stm32cube.ide.mcu.externaltools.gnu-tools-for-stm32.11.3.rel1.win32_1.1.100.202309141235/tools/bin/../lib/gcc/arm-none-eabi/11.3.1/../../../../arm-none-eabi/lib/thumb/v7e-m+fp/hard\libc_nano.a(libc_a-stdio.o)
                              C:/ST/STM32CubeIDE_1.14.0/STM32CubeIDE/plugins/com.st.stm32cube.ide.mcu.externaltools.gnu-tools-for-stm32.11.3.rel1.win32_1.1.100.202309141235/tools/bin/../lib/gcc/arm-none-eabi/11.3.1/../../../../arm-none-eabi/lib/thumb/v7e-m+fp/hard\libc_nano.a(libc_a-findfp.o) (__sread)
C:/ST/STM32CubeIDE_1.14.0/STM32CubeIDE/plugins/com.st.stm32cube.ide.mcu.externaltools.gnu-tools-for-stm32.11.3.rel1.win32_1.1.100.202309141235/tools/bin/../lib/gcc/arm-none-eabi/11.3.1/../../../../arm-none-eabi/lib/thumb/v7e-m+fp/hard\libc_nano.a(libc_a-memset.o)
                              C:/ST/STM32CubeIDE_1.14.0/STM32CubeIDE/plugins/com.st.stm32cube.ide.mcu.externaltools.gnu-tools-for-stm32.11.3.rel1.win32_1.1.100.202309141235/tools/bin/../lib/gcc/arm-none-eabi/11.3.1/../../../../arm-none-eabi/lib/thumb/v7e-m+fp/hard/crt0.o (memset)
C:/ST/STM32CubeIDE_1.14.0/STM32CubeIDE/plugins/com.st.stm32cube.ide.mcu.externaltools.gnu-tools-for-stm32.11.3.rel1.win32_1.1.100.202309141235/tools/bin/../lib/gcc/arm-none-eabi/11.3.1/../../../../arm-none-eabi/lib/thumb/v7e-m+fp/hard\libc_nano.a(libc_a-closer.o)
                              C:/ST/STM32CubeIDE_1.14.0/STM32CubeIDE/plugins/com.st.stm32cube.ide.mcu.externaltools.gnu-tools-for-stm32.11.3.rel1.win32_1.1.100.202309141235/tools/bin/../lib/gcc/arm-none-eabi/11.3.1/../../../../arm-none-eabi/lib/thumb/v7e-m+fp/hard\libc_nano.a(libc_a-stdio.o) (_close_r)
C:/ST/STM32CubeIDE_1.14.0/STM32CubeIDE/plugins/com.st.stm32cube.ide.mcu.externaltools.gnu-tools-for-stm32.11.3.rel1.win32_1.1.100.202309141235/tools/bin/../lib/gcc/arm-none-eabi/11.3.1/../../../../arm-none-eabi/lib/thumb/v7e-m+fp/hard\libc_nano.a(libc_a-reent.o)
                              C:/ST/STM32CubeIDE_1.14.0/STM32CubeIDE/plugins/com.st.stm32cube.ide.mcu.externaltools.gnu-tools-for-stm32.11.3.rel1.win32_1.1.100.202309141235/tools/bin/../lib/gcc/arm-none-eabi/11.3.1/../../../../arm-none-eabi/lib/thumb/v7e-m+fp/hard\libc_nano.a(libc_a-closer.o) (errno)
C:/ST/STM32CubeIDE_1.14.0/STM32CubeIDE/plugins/com.st.stm32cube.ide.mcu.externaltools.gnu-tools-for-stm32.11.3.rel1.win32_1.1.100.202309141235/tools/bin/../lib/gcc/arm-none-eabi/11.3.1/../../../../arm-none-eabi/lib/thumb/v7e-m+fp/hard\libc_nano.a(libc_a-impure.o)
                              C:/ST/STM32CubeIDE_1.14.0/STM32CubeIDE/plugins/com.st.stm32cube.ide.mcu.externaltools.gnu-tools-for-stm32.11.3.rel1.win32_1.1.100.202309141235/tools/bin/../lib/gcc/arm-none-eabi/11.3.1/../../../../arm-none-eabi/lib/thumb/v7e-m+fp/hard\libc_nano.a(libc_a-reent.o) (_impure_ptr)
C:/ST/STM32CubeIDE_1.14.0/STM32CubeIDE/plugins/com.st.stm32cube.ide.mcu.externaltools.gnu-tools-for-stm32.11.3.rel1.win32_1.1.100.202309141235/tools/bin/../lib/gcc/arm-none-eabi/11.3.1/../../../../arm-none-eabi/lib/thumb/v7e-m+fp/hard\libc_nano.a(libc_a-lseekr.o)
[...]
Memory Configuration

Name             Origin             Length             Attributes
RAM              0x0000000020000000 0x0000000000018000 xrw
RAM2             0x0000000010000000 0x0000000000008000 xrw
FLASH            0x0000000008000000 0x0000000000100000 xr
*default*        0x0000000000000000 0xffffffffffffffff

Linker script and memory map

LOAD C:/ST/STM32CubeIDE_1.14.0/STM32CubeIDE/plugins/com.st.stm32cube.ide.mcu.externaltools.gnu-tools-for-stm32.11.3.rel1.win32_1.1.100.202309141235/tools/bin/../lib/gcc/arm-none-eabi/11.3.1/thumb/v7e-m+fp/hard/crti.o
LOAD C:/ST/STM32CubeIDE_1.14.0/STM32CubeIDE/plugins/com.st.stm32cube.ide.mcu.externaltools.gnu-tools-for-stm32.11.3.rel1.win32_1.1.100.202309141235/tools/bin/../lib/gcc/arm-none-eabi/11.3.1/thumb/v7e-m+fp/hard/crtbegin.o
LOAD C:/ST/STM32CubeIDE_1.14.0/STM32CubeIDE/plugins/com.st.stm32cube.ide.mcu.externaltools.gnu-tools-for-stm32.11.3.rel1.win32_1.1.100.202309141235/tools/bin/../lib/gcc/arm-none-eabi/11.3.1/../../../../arm-none-eabi/lib/thumb/v7e-m+fp/hard/crt0.o
LOAD ./Core/Src/main.o
LOAD ./Core/Src/stm32l4xx_hal_msp.o
LOAD ./Core/Src/stm32l4xx_it.o
LOAD ./Core/Src/syscalls.o
LOAD ./Core/Src/sysmem.o
LOAD ./Core/Src/system_stm32l4xx.o
LOAD ./Core/Startup/startup_stm32l476rgtx.o
LOAD ./Drivers/STM32L4xx_HAL_Driver/Src/stm32l4xx_hal.o
LOAD ./Drivers/STM32L4xx_HAL_Driver/Src/stm32l4xx_hal_cortex.o
LOAD ./Drivers/STM32L4xx_HAL_Driver/Src/stm32l4xx_hal_dma.o
LOAD ./Drivers/STM32L4xx_HAL_Driver/Src/stm32l4xx_hal_dma_ex.o
LOAD ./Drivers/STM32L4xx_HAL_Driver/Src/stm32l4xx_hal_exti.o
LOAD ./Drivers/STM32L4xx_HAL_Driver/Src/stm32l4xx_hal_flash.o
LOAD ./Drivers/STM32L4xx_HAL_Driver/Src/stm32l4xx_hal_flash_ex.o
LOAD ./Drivers/STM32L4xx_HAL_Driver/Src/stm32l4xx_hal_flash_ramfunc.o
LOAD ./Drivers/STM32L4xx_HAL_Driver/Src/stm32l4xx_hal_gpio.o
LOAD ./Drivers/STM32L4xx_HAL_Driver/Src/stm32l4xx_hal_i2c.o
LOAD ./Drivers/STM32L4xx_HAL_Driver/Src/stm32l4xx_hal_i2c_ex.o
LOAD ./Drivers/STM32L4xx_HAL_Driver/Src/stm32l4xx_hal_pwr.o
LOAD ./Drivers/STM32L4xx_HAL_Driver/Src/stm32l4xx_hal_pwr_ex.o
LOAD ./Drivers/STM32L4xx_HAL_Driver/Src/stm32l4xx_hal_rcc.o
LOAD ./Drivers/STM32L4xx_HAL_Driver/Src/stm32l4xx_hal_rcc_ex.o
LOAD ./Drivers/STM32L4xx_HAL_Driver/Src/stm32l4xx_hal_tim.o
LOAD ./Drivers/STM32L4xx_HAL_Driver/Src/stm32l4xx_hal_tim_ex.o
LOAD ./Drivers/STM32L4xx_HAL_Driver/Src/stm32l4xx_hal_uart.o
LOAD ./Drivers/STM32L4xx_HAL_Driver/Src/stm32l4xx_hal_uart_ex.o
LOAD ./ThirdParty/FreeRTOS/org/Source/croutine.o
LOAD ./ThirdParty/FreeRTOS/org/Source/event_groups.o
LOAD ./ThirdParty/FreeRTOS/org/Source/list.o
LOAD ./ThirdParty/FreeRTOS/org/Source/queue.o
LOAD ./ThirdParty/FreeRTOS/org/Source/stream_buffer.o
LOAD ./ThirdParty/FreeRTOS/org/Source/tasks.o
LOAD ./ThirdParty/FreeRTOS/org/Source/timers.o
LOAD ./ThirdParty/FreeRTOS/org/Source/portable/GCC/ARM_CM4F/port.o
LOAD ./ThirdParty/FreeRTOS/org/Source/portable/MemMang/heap_4.o
START GROUP
LOAD C:/ST/STM32CubeIDE_1.14.0/STM32CubeIDE/plugins/com.st.stm32cube.ide.mcu.externaltools.gnu-tools-for-stm32.11.3.rel1.win32_1.1.100.202309141235/tools/bin/../lib/gcc/arm-none-eabi/11.3.1/../../../../arm-none-eabi/lib/thumb/v7e-m+fp/hard\libc_nano.a
LOAD C:/ST/STM32CubeIDE_1.14.0/STM32CubeIDE/plugins/com.st.stm32cube.ide.mcu.externaltools.gnu-tools-for-stm32.11.3.rel1.win32_1.1.100.202309141235/tools/bin/../lib/gcc/arm-none-eabi/11.3.1/../../../../arm-none-eabi/lib/thumb/v7e-m+fp/hard\libm.a
END GROUP
START GROUP
LOAD C:/ST/STM32CubeIDE_1.14.0/STM32CubeIDE/plugins/com.st.stm32cube.ide.mcu.externaltools.gnu-tools-for-stm32.11.3.rel1.win32_1.1.100.202309141235/tools/bin/../lib/gcc/arm-none-eabi/11.3.1/thumb/v7e-m+fp/hard\libgcc.a
LOAD C:/ST/STM32CubeIDE_1.14.0/STM32CubeIDE/plugins/com.st.stm32cube.ide.mcu.externaltools.gnu-tools-for-stm32.11.3.rel1.win32_1.1.100.202309141235/tools/bin/../lib/gcc/arm-none-eabi/11.3.1/../../../../arm-none-eabi/lib/thumb/v7e-m+fp/hard\libc_nano.a
END GROUP
START GROUP
LOAD C:/ST/STM32CubeIDE_1.14.0/STM32CubeIDE/plugins/com.st.stm32cube.ide.mcu.externaltools.gnu-tools-for-stm32.11.3.rel1.win32_1.1.100.202309141235/tools/bin/../lib/gcc/arm-none-eabi/11.3.1/thumb/v7e-m+fp/hard\libgcc.a
LOAD C:/ST/STM32CubeIDE_1.14.0/STM32CubeIDE/plugins/com.st.stm32cube.ide.mcu.externaltools.gnu-tools-for-stm32.11.3.rel1.win32_1.1.100.202309141235/tools/bin/../lib/gcc/arm-none-eabi/11.3.1/../../../../arm-none-eabi/lib/thumb/v7e-m+fp/hard\libc_nano.a
LOAD C:/ST/STM32CubeIDE_1.14.0/STM32CubeIDE/plugins/com.st.stm32cube.ide.mcu.externaltools.gnu-tools-for-stm32.11.3.rel1.win32_1.1.100.202309141235/tools/bin/../lib/gcc/arm-none-eabi/11.3.1/../../../../arm-none-eabi/lib/thumb/v7e-m+fp/hard\libnosys.a
END GROUP
START GROUP
LOAD C:/ST/STM32CubeIDE_1.14.0/STM32CubeIDE/plugins/com.st.stm32cube.ide.mcu.externaltools.gnu-tools-for-stm32.11.3.rel1.win32_1.1.100.202309141235/tools/bin/../lib/gcc/arm-none-eabi/11.3.1/thumb/v7e-m+fp/hard\libgcc.a
LOAD C:/ST/STM32CubeIDE_1.14.0/STM32CubeIDE/plugins/com.st.stm32cube.ide.mcu.externaltools.gnu-tools-for-stm32.11.3.rel1.win32_1.1.100.202309141235/tools/bin/../lib/gcc/arm-none-eabi/11.3.1/../../../../arm-none-eabi/lib/thumb/v7e-m+fp/hard\libc_nano.a
LOAD C:/ST/STM32CubeIDE_1.14.0/STM32CubeIDE/plugins/com.st.stm32cube.ide.mcu.externaltools.gnu-tools-for-stm32.11.3.rel1.win32_1.1.100.202309141235/tools/bin/../lib/gcc/arm-none-eabi/11.3.1/../../../../arm-none-eabi/lib/thumb/v7e-m+fp/hard\libnosys.a
END GROUP
LOAD C:/ST/STM32CubeIDE_1.14.0/STM32CubeIDE/plugins/com.st.stm32cube.ide.mcu.externaltools.gnu-tools-for-stm32.11.3.rel1.win32_1.1.100.202309141235/tools/bin/../lib/gcc/arm-none-eabi/11.3.1/thumb/v7e-m+fp/hard/crtend.o
LOAD C:/ST/STM32CubeIDE_1.14.0/STM32CubeIDE/plugins/com.st.stm32cube.ide.mcu.externaltools.gnu-tools-for-stm32.11.3.rel1.win32_1.1.100.202309141235/tools/bin/../lib/gcc/arm-none-eabi/11.3.1/thumb/v7e-m+fp/hard/crtn.o
                0x0000000020018000                _estack = (ORIGIN (RAM) + LENGTH (RAM))
                0x0000000000000200                _Min_Heap_Size = 0x200
                0x0000000000000400                _Min_Stack_Size = 0x400

.isr_vector     0x0000000008000000      0x188
                0x0000000008000000                . = ALIGN (0x4)
 *(.isr_vector)
 .isr_vector    0x0000000008000000      0x188 ./Core/Startup/startup_stm32l476rgtx.o
                0x0000000008000000                g_pfnVectors
                0x0000000008000188                . = ALIGN (0x4)

.text           0x0000000008000190     0x56f8
                0x0000000008000190                . = ALIGN (0x4)
 *(.text)
 .text          0x0000000008000190       0x40 C:/ST/STM32CubeIDE_1.14.0/STM32CubeIDE/plugins/com.st.stm32cube.ide.mcu.externaltools.gnu-tools-for-stm32.11.3.rel1.win32_1.1.100.202309141235/tools/bin/../lib/gcc/arm-none-eabi/11.3.1/thumb/v7e-m+fp/hard/crtbegin.o
 .text          0x00000000080001d0       0x30 C:/ST/STM32CubeIDE_1.14.0/STM32CubeIDE/plugins/com.st.stm32cube.ide.mcu.externaltools.gnu-tools-for-stm32.11.3.rel1.win32_1.1.100.202309141235/tools/bin/../lib/gcc/arm-none-eabi/11.3.1/thumb/v7e-m+fp/hard\libgcc.a(_aeabi_uldivmod.o)
                0x00000000080001d0                __aeabi_uldivmod
 .text          0x0000000008000200      0x2c8 C:/ST/STM32CubeIDE_1.14.0/STM32CubeIDE/plugins/com.st.stm32cube.ide.mcu.externaltools.gnu-tools-for-stm32.11.3.rel1.win32_1.1.100.202309141235/tools/bin/../lib/gcc/arm-none-eabi/11.3.1/thumb/v7e-m+fp/hard\libgcc.a(_udivmoddi4.o)
                0x0000000008000200                __udivmoddi4
 .text          0x00000000080004c8        0x4 C:/ST/STM32CubeIDE_1.14.0/STM32CubeIDE/plugins/com.st.stm32cube.ide.mcu.externaltools.gnu-tools-for-stm32.11.3.rel1.win32_1.1.100.202309141235/tools/bin/../lib/gcc/arm-none-eabi/11.3.1/thumb/v7e-m+fp/hard\libgcc.a(_dvmd_tls.o)
                0x00000000080004c8                __aeabi_idiv0
                0x00000000080004c8                __aeabi_ldiv0
 *(.text*)
 .text.main     0x00000000080004cc       0x60 ./Core/Src/main.o
                0x00000000080004cc                main
 .text.SystemClock_Config
                0x000000000800052c       0xa2 ./Core/Src/main.o
                0x000000000800052c                SystemClock_Config
 *fill*         0x00000000080005ce        0x2 
 .text.MX_USART2_UART_Init
                0x00000000080005d0       0x60 ./Core/Src/main.o
 .text.MX_GPIO_Init
                0x0000000008000630       0xcc ./Core/Src/main.o
 .text.pBtnTaskHandler
                0x00000000080006fc       0x28 ./Core/Src/main.o
                0x00000000080006fc                pBtnTaskHandler
 .text.pLedTaskHandler
                0x0000000008000724       0x28 ./Core/Src/main.o
                0x0000000008000724                pLedTaskHandler
 .text.Error_Handler
                0x000000000800074c        0xa ./Core/Src/main.o
                0x000000000800074c                Error_Handler
 *fill*         0x0000000008000756        0x2 
 .text.HAL_MspInit
                0x0000000008000758       0x48 ./Core/Src/stm32l4xx_hal_msp.o
                0x0000000008000758                HAL_MspInit
 .text.HAL_UART_MspInit
                0x00000000080007a0       0xb8 ./Core/Src/stm32l4xx_hal_msp.o
                0x00000000080007a0                HAL_UART_MspInit
 .text.NMI_Handler
                0x0000000008000858        0x6 ./Core/Src/stm32l4xx_it.o
                0x0000000008000858                NMI_Handler
 .text.HardFault_Handler
                0x000000000800085e        0x6 ./Core/Src/stm32l4xx_it.o
                0x000000000800085e                HardFault_Handler
 .text.MemManage_Handler
                0x0000000008000864        0x6 ./Core/Src/stm32l4xx_it.o
                0x0000000008000864                MemManage_Handler
 .text.BusFault_Handler
                0x000000000800086a        0x6 ./Core/Src/stm32l4xx_it.o
                0x000000000800086a                BusFault_Handler
 .text.UsageFault_Handler
                0x0000000008000870        0x6 ./Core/Src/stm32l4xx_it.o
                0x0000000008000870                UsageFault_Handler
 .text.DebugMon_Handler
                0x0000000008000876        0xe ./Core/Src/stm32l4xx_it.o
                0x0000000008000876                DebugMon_Handler
 .text.SystemInit
                0x0000000008000884       0x24 ./Core/Src/system_stm32l4xx.o
                0x0000000008000884                SystemInit
 .text.Reset_Handler
                0x00000000080008a8       0x50 ./Core/Startup/startup_stm32l476rgtx.o
                0x00000000080008a8                Reset_Handler
 .text.Default_Handler
                0x00000000080008f8        0x2 ./Core/Startup/startup_stm32l476rgtx.o
                0x00000000080008f8                RTC_Alarm_IRQHandler
                0x00000000080008f8                EXTI2_IRQHandler
                0x00000000080008f8                TIM8_TRG_COM_IRQHandler
                0x00000000080008f8                TIM8_CC_IRQHandler
                0x00000000080008f8                TIM1_CC_IRQHandler
                0x00000000080008f8                TSC_IRQHandler
                0x00000000080008f8                TAMP_STAMP_IRQHandler
                0x00000000080008f8                EXTI3_IRQHandler
                0x00000000080008f8                LPTIM2_IRQHandler
                0x00000000080008f8                DFSDM1_FLT1_IRQHandler
                0x00000000080008f8                I2C3_ER_IRQHandler
                0x00000000080008f8                DFSDM1_FLT2_IRQHandler
                0x00000000080008f8                EXTI0_IRQHandler
                0x00000000080008f8                I2C2_EV_IRQHandler
                0x00000000080008f8                CAN1_RX0_IRQHandler
                0x00000000080008f8                FPU_IRQHandler
                0x00000000080008f8                TIM1_UP_TIM16_IRQHandler
                0x00000000080008f8                ADC1_2_IRQHandler
                0x00000000080008f8                SPI1_IRQHandler
                0x00000000080008f8                TIM6_DAC_IRQHandler
                0x00000000080008f8                TIM8_UP_IRQHandler
                0x00000000080008f8                DMA2_Channel2_IRQHandler
                0x00000000080008f8                DMA1_Channel4_IRQHandler
                0x00000000080008f8                SAI2_IRQHandler
                0x00000000080008f8                DFSDM1_FLT3_IRQHandler
                0x00000000080008f8                USART3_IRQHandler
                0x00000000080008f8                DMA1_Channel7_IRQHandler
                0x00000000080008f8                CAN1_RX1_IRQHandler
                0x00000000080008f8                LCD_IRQHandler
                0x00000000080008f8                UART5_IRQHandler
                0x00000000080008f8                ADC3_IRQHandler
                0x00000000080008f8                TIM4_IRQHandler
                0x00000000080008f8                DMA2_Channel1_IRQHandler
                0x00000000080008f8                QUADSPI_IRQHandler
                0x00000000080008f8                I2C1_EV_IRQHandler
                0x00000000080008f8                DMA1_Channel6_IRQHandler
                0x00000000080008f8                UART4_IRQHandler
                0x00000000080008f8                DMA2_Channel4_IRQHandler
                0x00000000080008f8                TIM3_IRQHandler
                0x00000000080008f8                RCC_IRQHandler
                0x00000000080008f8                DMA1_Channel1_IRQHandler
                0x00000000080008f8                Default_Handler
                0x00000000080008f8                DMA2_Channel7_IRQHandler
                0x00000000080008f8                EXTI15_10_IRQHandler
                0x00000000080008f8                TIM7_IRQHandler
                0x00000000080008f8                SDMMC1_IRQHandler
                0x00000000080008f8                TIM5_IRQHandler
                0x00000000080008f8                I2C3_EV_IRQHandler
                0x00000000080008f8                EXTI9_5_IRQHandler
                0x00000000080008f8                RTC_WKUP_IRQHandler
                0x00000000080008f8                PVD_PVM_IRQHandler
                0x00000000080008f8                SPI2_IRQHandler
                0x00000000080008f8                CAN1_TX_IRQHandler
                0x00000000080008f8                DMA2_Channel5_IRQHandler
                0x00000000080008f8                DMA1_Channel5_IRQHandler
                0x00000000080008f8                EXTI4_IRQHandler
                0x00000000080008f8                RNG_IRQHandler
                0x00000000080008f8                TIM1_TRG_COM_TIM17_IRQHandler
                0x00000000080008f8                DMA1_Channel3_IRQHandler
                0x00000000080008f8                COMP_IRQHandler
                0x00000000080008f8                WWDG_IRQHandler
                0x00000000080008f8                LPUART1_IRQHandler
                0x00000000080008f8                DMA2_Channel6_IRQHandler
                0x00000000080008f8                TIM2_IRQHandler
                0x00000000080008f8                EXTI1_IRQHandler
                0x00000000080008f8                USART2_IRQHandler
                0x00000000080008f8                DFSDM1_FLT0_IRQHandler
                0x00000000080008f8                I2C2_ER_IRQHandler
                0x00000000080008f8                DMA1_Channel2_IRQHandler
                0x00000000080008f8                TIM8_BRK_IRQHandler
                0x00000000080008f8                CAN1_SCE_IRQHandler
                0x00000000080008f8                FLASH_IRQHandler
                0x00000000080008f8                USART1_IRQHandler
                0x00000000080008f8                OTG_FS_IRQHandler
                0x00000000080008f8                SPI3_IRQHandler
                0x00000000080008f8                I2C1_ER_IRQHandler
                0x00000000080008f8                FMC_IRQHandler
                0x00000000080008f8                SWPMI1_IRQHandler
                0x00000000080008f8                LPTIM1_IRQHandler
                0x00000000080008f8                SAI1_IRQHandler
                0x00000000080008f8                DMA2_Channel3_IRQHandler
                0x00000000080008f8                TIM1_BRK_TIM15_IRQHandler
 *fill*         0x00000000080008fa        0x2 
 .text.HAL_Init
                0x00000000080008fc       0x40 ./Drivers/STM32L4xx_HAL_Driver/Src/stm32l4xx_hal.o
                0x00000000080008fc                HAL_Init
 .text.HAL_InitTick
                0x000000000800093c       0x78 ./Drivers/STM32L4xx_HAL_Driver/Src/stm32l4xx_hal.o
                0x000000000800093c                HAL_InitTick
 .text.HAL_GetTick
                0x00000000080009b4       0x18 ./Drivers/STM32L4xx_HAL_Driver/Src/stm32l4xx_hal.o
                0x00000000080009b4                HAL_GetTick
 .text.__NVIC_SetPriorityGrouping
                0x00000000080009cc       0x48 ./Drivers/STM32L4xx_HAL_Driver/Src/stm32l4xx_hal_cortex.o
 .text.__NVIC_GetPriorityGrouping
                0x0000000008000a14       0x1c ./Drivers/STM32L4xx_HAL_Driver/Src/stm32l4xx_hal_cortex.o
 .text.__NVIC_SetPriority
                0x0000000008000a30       0x54 ./Drivers/STM32L4xx_HAL_Driver/Src/stm32l4xx_hal_cortex.o
 .text.NVIC_EncodePriority
                0x0000000008000a84       0x66 ./Drivers/STM32L4xx_HAL_Driver/Src/stm32l4xx_hal_cortex.o
 *fill*         0x0000000008000aea        0x2 
 .text.SysTick_Config
                0x0000000008000aec       0x44 ./Drivers/STM32L4xx_HAL_Driver/Src/stm32l4xx_hal_cortex.o
 .text.HAL_NVIC_SetPriorityGrouping
                0x0000000008000b30       0x16 ./Drivers/STM32L4xx_HAL_Driver/Src/stm32l4xx_hal_cortex.o
                0x0000000008000b30                HAL_NVIC_SetPriorityGrouping
 .text.HAL_NVIC_SetPriority
                0x0000000008000b46       0x38 ./Drivers/STM32L4xx_HAL_Driver/Src/stm32l4xx_hal_cortex.o
                0x0000000008000b46                HAL_NVIC_SetPriority
 .text.HAL_SYSTICK_Config
                0x0000000008000b7e       0x18 ./Drivers/STM32L4xx_HAL_Driver/Src/stm32l4xx_hal_cortex.o
                0x0000000008000b7e                HAL_SYSTICK_Config
 *fill*         0x0000000008000b96        0x2 
 .text.HAL_GPIO_Init
                0x0000000008000b98      0x354 ./Drivers/STM32L4xx_HAL_Driver/Src/stm32l4xx_hal_gpio.o
                0x0000000008000b98                HAL_GPIO_Init
 .text.HAL_GPIO_ReadPin
                0x0000000008000eec       0x30 ./Drivers/STM32L4xx_HAL_Driver/Src/stm32l4xx_hal_gpio.o
                0x0000000008000eec                HAL_GPIO_ReadPin
 .text.HAL_GPIO_WritePin
                0x0000000008000f1c       0x30 ./Drivers/STM32L4xx_HAL_Driver/Src/stm32l4xx_hal_gpio.o
                0x0000000008000f1c                HAL_GPIO_WritePin
 .text.HAL_GPIO_TogglePin
                0x0000000008000f4c       0x34 ./Drivers/STM32L4xx_HAL_Driver/Src/stm32l4xx_hal_gpio.o
                0x0000000008000f4c                HAL_GPIO_TogglePin
 .text.HAL_PWREx_GetVoltageRange
                0x0000000008000f80       0x1c ./Drivers/STM32L4xx_HAL_Driver/Src/stm32l4xx_hal_pwr_ex.o
                0x0000000008000f80                HAL_PWREx_GetVoltageRange
 .text.HAL_PWREx_ControlVoltageScaling
                0x0000000008000f9c       0xac ./Drivers/STM32L4xx_HAL_Driver/Src/stm32l4xx_hal_pwr_ex.o
                0x0000000008000f9c                HAL_PWREx_ControlVoltageScaling
 .text.HAL_RCC_OscConfig
                0x0000000008001048      0x7b8 ./Drivers/STM32L4xx_HAL_Driver/Src/stm32l4xx_hal_rcc.o
                0x0000000008001048                HAL_RCC_OscConfig
 .text.HAL_RCC_ClockConfig
                0x0000000008001800      0x200 ./Drivers/STM32L4xx_HAL_Driver/Src/stm32l4xx_hal_rcc.o
                0x0000000008001800                HAL_RCC_ClockConfig
 .text.HAL_RCC_GetSysClockFreq
                0x0000000008001a00      0x118 ./Drivers/STM32L4xx_HAL_Driver/Src/stm32l4xx_hal_rcc.o
                0x0000000008001a00                HAL_RCC_GetSysClockFreq
 .text.HAL_RCC_GetHCLKFreq
                0x0000000008001b18       0x18 ./Drivers/STM32L4xx_HAL_Driver/Src/stm32l4xx_hal_rcc.o
                0x0000000008001b18                HAL_RCC_GetHCLKFreq
 .text.HAL_RCC_GetPCLK1Freq
                0x0000000008001b30       0x2c ./Drivers/STM32L4xx_HAL_Driver/Src/stm32l4xx_hal_rcc.o
                0x0000000008001b30                HAL_RCC_GetPCLK1Freq
 .text.HAL_RCC_GetPCLK2Freq
                0x0000000008001b5c       0x2c ./Drivers/STM32L4xx_HAL_Driver/Src/stm32l4xx_hal_rcc.o
                0x0000000008001b5c                HAL_RCC_GetPCLK2Freq
 .text.RCC_SetFlashLatencyFromMSIRange
                0x0000000008001b88       0xc0 ./Drivers/STM32L4xx_HAL_Driver/Src/stm32l4xx_hal_rcc.o
 .text.HAL_RCCEx_PeriphCLKConfig
                0x0000000008001c48      0x5d4 ./Drivers/STM32L4xx_HAL_Driver/Src/stm32l4xx_hal_rcc_ex.o
                0x0000000008001c48                HAL_RCCEx_PeriphCLKConfig
 .text.RCCEx_PLLSAI1_Config
                0x000000000800221c      0x1e8 ./Drivers/STM32L4xx_HAL_Driver/Src/stm32l4xx_hal_rcc_ex.o
 .text.RCCEx_PLLSAI2_Config
                0x0000000008002404      0x1bc ./Drivers/STM32L4xx_HAL_Driver/Src/stm32l4xx_hal_rcc_ex.o
 .text.HAL_UART_Init
                0x00000000080025c0       0x9c ./Drivers/STM32L4xx_HAL_Driver/Src/stm32l4xx_hal_uart.o
                0x00000000080025c0                HAL_UART_Init
 .text.UART_SetConfig
                0x000000000800265c      0x570 ./Drivers/STM32L4xx_HAL_Driver/Src/stm32l4xx_hal_uart.o
                0x000000000800265c                UART_SetConfig
 .text.UART_AdvFeatureConfig
                0x0000000008002bcc      0x144 ./Drivers/STM32L4xx_HAL_Driver/Src/stm32l4xx_hal_uart.o
                0x0000000008002bcc                UART_AdvFeatureConfig
 .text.UART_CheckIdleState
                0x0000000008002d10      0x150 ./Drivers/STM32L4xx_HAL_Driver/Src/stm32l4xx_hal_uart.o
                0x0000000008002d10                UART_CheckIdleState
 .text.UART_WaitOnFlagUntilTimeout
                0x0000000008002e60       0xda ./Drivers/STM32L4xx_HAL_Driver/Src/stm32l4xx_hal_uart.o
                0x0000000008002e60                UART_WaitOnFlagUntilTimeout
 .text.UART_EndRxTransfer
                0x0000000008002f3a       0xc8 ./Drivers/STM32L4xx_HAL_Driver/Src/stm32l4xx_hal_uart.o
 .text.vListInitialise
                0x0000000008003002       0x40 ./ThirdParty/FreeRTOS/org/Source/list.o
                0x0000000008003002                vListInitialise
 .text.vListInitialiseItem
                0x0000000008003042       0x1a ./ThirdParty/FreeRTOS/org/Source/list.o
                0x0000000008003042                vListInitialiseItem
 .text.vListInsertEnd
                0x000000000800305c       0x48 ./ThirdParty/FreeRTOS/org/Source/list.o
                0x000000000800305c                vListInsertEnd
 .text.vListInsert
                0x00000000080030a4       0x72 ./ThirdParty/FreeRTOS/org/Source/list.o
                0x00000000080030a4                vListInsert
 .text.uxListRemove
                0x0000000008003116       0x54 ./ThirdParty/FreeRTOS/org/Source/list.o
                0x0000000008003116                uxListRemove
 *fill*         0x000000000800316a        0x2 
 .text.xQueueGenericReset
                0x000000000800316c       0xd0 ./ThirdParty/FreeRTOS/org/Source/queue.o
                0x000000000800316c                xQueueGenericReset
 .text.xQueueGenericCreate
                0x000000000800323c       0xa0 ./ThirdParty/FreeRTOS/org/Source/queue.o
                0x000000000800323c                xQueueGenericCreate
 .text.prvInitialiseNewQueue
                0x00000000080032dc       0x4c ./ThirdParty/FreeRTOS/org/Source/queue.o
 .text.xQueueGenericSend
                0x0000000008003328      0x234 ./ThirdParty/FreeRTOS/org/Source/queue.o
                0x0000000008003328                xQueueGenericSend
 .text.xQueueGenericSendFromISR
                0x000000000800355c      0x182 ./ThirdParty/FreeRTOS/org/Source/queue.o
                0x000000000800355c                xQueueGenericSendFromISR
 *fill*         0x00000000080036de        0x2 
 .text.xQueueReceive
                0x00000000080036e0      0x1c0 ./ThirdParty/FreeRTOS/org/Source/queue.o
                0x00000000080036e0                xQueueReceive
 .text.prvCopyDataToQueue
                0x00000000080038a0       0xd4 ./ThirdParty/FreeRTOS/org/Source/queue.o
 .text.prvCopyDataFromQueue
                0x0000000008003974       0x4c ./ThirdParty/FreeRTOS/org/Source/queue.o
 .text.prvUnlockQueue
                0x00000000080039c0       0xbe ./ThirdParty/FreeRTOS/org/Source/queue.o
 .text.prvIsQueueEmpty
                0x0000000008003a7e       0x2c ./ThirdParty/FreeRTOS/org/Source/queue.o
 .text.prvIsQueueFull
                0x0000000008003aaa       0x30 ./ThirdParty/FreeRTOS/org/Source/queue.o
 *fill*         0x0000000008003ada        0x2 
 .text.vQueueAddToRegistry
                0x0000000008003adc       0x54 ./ThirdParty/FreeRTOS/org/Source/queue.o
                0x0000000008003adc                vQueueAddToRegistry
 .text.vQueueWaitForMessageRestricted
                0x0000000008003b30       0x68 ./ThirdParty/FreeRTOS/org/Source/queue.o
                0x0000000008003b30                vQueueWaitForMessageRestricted
 .text.prvNotifyQueueSetContainer
                0x0000000008003b98       0xd0 ./ThirdParty/FreeRTOS/org/Source/queue.o
 .text.xTaskCreate
                0x0000000008003c68       0x82 ./ThirdParty/FreeRTOS/org/Source/tasks.o
                0x0000000008003c68                xTaskCreate
 .text.prvInitialiseNewTask
                0x0000000008003cea      0x14e ./ThirdParty/FreeRTOS/org/Source/tasks.o
 .text.prvAddNewTaskToReadyList
                0x0000000008003e38       0xdc ./ThirdParty/FreeRTOS/org/Source/tasks.o
 .text.vTaskStartScheduler
                0x0000000008003f14       0x9c ./ThirdParty/FreeRTOS/org/Source/tasks.o
                0x0000000008003f14                vTaskStartScheduler
 .text.vTaskSuspendAll
                0x0000000008003fb0       0x1c ./ThirdParty/FreeRTOS/org/Source/tasks.o
                0x0000000008003fb0                vTaskSuspendAll
 .text.xTaskResumeAll
                0x0000000008003fcc      0x138 ./ThirdParty/FreeRTOS/org/Source/tasks.o
                0x0000000008003fcc                xTaskResumeAll
 .text.xTaskGetTickCount
                0x0000000008004104       0x20 ./ThirdParty/FreeRTOS/org/Source/tasks.o
                0x0000000008004104                xTaskGetTickCount
 .text.xTaskIncrementTick
                0x0000000008004124      0x170 ./ThirdParty/FreeRTOS/org/Source/tasks.o
                0x0000000008004124                xTaskIncrementTick
 .text.vTaskSwitchContext
                0x0000000008004294       0xec ./ThirdParty/FreeRTOS/org/Source/tasks.o
                0x0000000008004294                vTaskSwitchContext
 .text.vTaskPlaceOnEventList
                0x0000000008004380       0x48 ./ThirdParty/FreeRTOS/org/Source/tasks.o
                0x0000000008004380                vTaskPlaceOnEventList
 .text.vTaskPlaceOnEventListRestricted
                0x00000000080043c8       0x58 ./ThirdParty/FreeRTOS/org/Source/tasks.o
                0x00000000080043c8                vTaskPlaceOnEventListRestricted
 .text.xTaskRemoveFromEventList
                0x0000000008004420       0xc4 ./ThirdParty/FreeRTOS/org/Source/tasks.o
                0x0000000008004420                xTaskRemoveFromEventList
 .text.vTaskInternalSetTimeOutState
                0x00000000080044e4       0x2c ./ThirdParty/FreeRTOS/org/Source/tasks.o
                0x00000000080044e4                vTaskInternalSetTimeOutState
 .text.xTaskCheckForTimeOut
                0x0000000008004510       0xec ./ThirdParty/FreeRTOS/org/Source/tasks.o
                0x0000000008004510                xTaskCheckForTimeOut
 .text.vTaskMissedYield
                0x00000000080045fc       0x18 ./ThirdParty/FreeRTOS/org/Source/tasks.o
                0x00000000080045fc                vTaskMissedYield
 .text.prvIdleTask
                0x0000000008004614       0x30 ./ThirdParty/FreeRTOS/org/Source/tasks.o
 .text.prvInitialiseTaskLists
                0x0000000008004644       0x80 ./ThirdParty/FreeRTOS/org/Source/tasks.o
 .text.prvCheckTasksWaitingTermination
                0x00000000080046c4       0x5c ./ThirdParty/FreeRTOS/org/Source/tasks.o
 .text.prvDeleteTCB
                0x0000000008004720       0x20 ./ThirdParty/FreeRTOS/org/Source/tasks.o
 .text.prvResetNextTaskUnblockTime
                0x0000000008004740       0x38 ./ThirdParty/FreeRTOS/org/Source/tasks.o
 .text.xTaskGetSchedulerState
                0x0000000008004778       0x3c ./ThirdParty/FreeRTOS/org/Source/tasks.o
                0x0000000008004778                xTaskGetSchedulerState
 .text.xTaskPriorityDisinherit
                0x00000000080047b4       0xf4 ./ThirdParty/FreeRTOS/org/Source/tasks.o
                0x00000000080047b4                xTaskPriorityDisinherit
 .text.prvAddCurrentTaskToDelayedList
                0x00000000080048a8       0xd4 ./ThirdParty/FreeRTOS/org/Source/tasks.o
 .text.xTimerCreateTimerTask
                0x000000000800497c       0x64 ./ThirdParty/FreeRTOS/org/Source/timers.o
                0x000000000800497c                xTimerCreateTimerTask
 .text.xTimerGenericCommand
                0x00000000080049e0       0x9c ./ThirdParty/FreeRTOS/org/Source/timers.o
                0x00000000080049e0                xTimerGenericCommand
 .text.prvProcessExpiredTimer
                0x0000000008004a7c       0x98 ./ThirdParty/FreeRTOS/org/Source/timers.o
 .text.prvTimerTask
                0x0000000008004b14       0x24 ./ThirdParty/FreeRTOS/org/Source/timers.o
 .text.prvProcessTimerOrBlockTask
                0x0000000008004b38       0x9c ./ThirdParty/FreeRTOS/org/Source/timers.o
 .text.prvGetNextExpireTime
                0x0000000008004bd4       0x48 ./ThirdParty/FreeRTOS/org/Source/timers.o
 .text.prvSampleTimeNow
                0x0000000008004c1c       0x40 ./ThirdParty/FreeRTOS/org/Source/timers.o
 .text.prvInsertTimerInActiveList
                0x0000000008004c5c       0x84 ./ThirdParty/FreeRTOS/org/Source/timers.o
 .text.prvProcessReceivedCommands
                0x0000000008004ce0      0x18c ./ThirdParty/FreeRTOS/org/Source/timers.o
 .text.prvSwitchTimerLists
                0x0000000008004e6c       0xc8 ./ThirdParty/FreeRTOS/org/Source/timers.o
 .text.prvCheckForValidListAndQueue
                0x0000000008004f34       0x6c ./ThirdParty/FreeRTOS/org/Source/timers.o
 .text.pxPortInitialiseStack
                0x0000000008004fa0       0x68 ./ThirdParty/FreeRTOS/org/Source/portable/GCC/ARM_CM4F/port.o
                0x0000000008004fa0                pxPortInitialiseStack
 .text.prvTaskExitError
                0x0000000008005008       0x58 ./ThirdParty/FreeRTOS/org/Source/portable/GCC/ARM_CM4F/port.o
 .text.SVC_Handler
                0x0000000008005060       0x28 ./ThirdParty/FreeRTOS/org/Source/portable/GCC/ARM_CM4F/port.o
                0x0000000008005060                SVC_Handler
 .text.prvPortStartFirstTask
                0x0000000008005088       0x2c ./ThirdParty/FreeRTOS/org/Source/portable/GCC/ARM_CM4F/port.o
 .text.xPortStartScheduler
                0x00000000080050b4      0x144 ./ThirdParty/FreeRTOS/org/Source/portable/GCC/ARM_CM4F/port.o
                0x00000000080050b4                xPortStartScheduler
 .text.vPortEnterCritical
                0x00000000080051f8       0x60 ./ThirdParty/FreeRTOS/org/Source/portable/GCC/ARM_CM4F/port.o
                0x00000000080051f8                vPortEnterCritical
 .text.vPortExitCritical
                0x0000000008005258       0x54 ./ThirdParty/FreeRTOS/org/Source/portable/GCC/ARM_CM4F/port.o
                0x0000000008005258                vPortExitCritical
 *fill*         0x00000000080052ac        0x4 
 .text.PendSV_Handler
                0x00000000080052b0       0x68 ./ThirdParty/FreeRTOS/org/Source/portable/GCC/ARM_CM4F/port.o
                0x00000000080052b0                PendSV_Handler
 .text.SysTick_Handler
                0x0000000008005318       0x44 ./ThirdParty/FreeRTOS/org/Source/portable/GCC/ARM_CM4F/port.o
                0x0000000008005318                SysTick_Handler
 .text.vPortSetupTimerInterrupt
                0x000000000800535c       0x34 ./ThirdParty/FreeRTOS/org/Source/portable/GCC/ARM_CM4F/port.o
                0x000000000800535c                vPortSetupTimerInterrupt
 .text.vPortEnableVFP
                0x0000000008005390       0x18 ./ThirdParty/FreeRTOS/org/Source/portable/GCC/ARM_CM4F/port.o
 .text.vPortValidateInterruptPriority
                0x00000000080053a8       0x80 ./ThirdParty/FreeRTOS/org/Source/portable/GCC/ARM_CM4F/port.o
                0x00000000080053a8                vPortValidateInterruptPriority
 .text.pvPortMalloc
                0x0000000008005428      0x198 ./ThirdParty/FreeRTOS/org/Source/portable/MemMang/heap_4.o
                0x0000000008005428                pvPortMalloc
 .text.vPortFree
                0x00000000080055c0       0xc4 ./ThirdParty/FreeRTOS/org/Source/portable/MemMang/heap_4.o
                0x00000000080055c0                vPortFree
 .text.prvHeapInit
                0x0000000008005684       0xc4 ./ThirdParty/FreeRTOS/org/Source/portable/MemMang/heap_4.o
 .text.prvInsertBlockIntoFreeList
                0x0000000008005748       0xb4 ./ThirdParty/FreeRTOS/org/Source/portable/MemMang/heap_4.o
 .text.memset   0x00000000080057fc       0x10 C:/ST/STM32CubeIDE_1.14.0/STM32CubeIDE/plugins/com.st.stm32cube.ide.mcu.externaltools.gnu-tools-for-stm32.11.3.rel1.win32_1.1.100.202309141235/tools/bin/../lib/gcc/arm-none-eabi/11.3.1/../../../../arm-none-eabi/lib/thumb/v7e-m+fp/hard\libc_nano.a(libc_a-memset.o)
                0x00000000080057fc                memset
 .text.__libc_init_array
                0x000000000800580c       0x48 C:/ST/STM32CubeIDE_1.14.0/STM32CubeIDE/plugins/com.st.stm32cube.ide.mcu.externaltools.gnu-tools-for-stm32.11.3.rel1.win32_1.1.100.202309141235/tools/bin/../lib/gcc/arm-none-eabi/11.3.1/../../../../arm-none-eabi/lib/thumb/v7e-m+fp/hard\libc_nano.a(libc_a-init.o)
                0x000000000800580c                __libc_init_array
 .text.memcpy   0x0000000008005854       0x1c C:/ST/STM32CubeIDE_1.14.0/STM32CubeIDE/plugins/com.st.stm32cube.ide.mcu.externaltools.gnu-tools-for-stm32.11.3.rel1.win32_1.1.100.202309141235/tools/bin/../lib/gcc/arm-none-eabi/11.3.1/../../../../arm-none-eabi/lib/thumb/v7e-m+fp/hard\libc_nano.a(libc_a-memcpy-stub.o)
                0x0000000008005854                memcpy
 *(.glue_7)
 .glue_7        0x0000000008005870        0x0 linker stubs
 *(.glue_7t)
 .glue_7t       0x0000000008005870        0x0 linker stubs
 *(.eh_frame)
 .eh_frame      0x0000000008005870        0x0 C:/ST/STM32CubeIDE_1.14.0/STM32CubeIDE/plugins/com.st.stm32cube.ide.mcu.externaltools.gnu-tools-for-stm32.11.3.rel1.win32_1.1.100.202309141235/tools/bin/../lib/gcc/arm-none-eabi/11.3.1/thumb/v7e-m+fp/hard/crtbegin.o
 *(.init)
 .init          0x0000000008005870        0x4 C:/ST/STM32CubeIDE_1.14.0/STM32CubeIDE/plugins/com.st.stm32cube.ide.mcu.externaltools.gnu-tools-for-stm32.11.3.rel1.win32_1.1.100.202309141235/tools/bin/../lib/gcc/arm-none-eabi/11.3.1/thumb/v7e-m+fp/hard/crti.o
                0x0000000008005870                _init
 .init          0x0000000008005874        0x8 C:/ST/STM32CubeIDE_1.14.0/STM32CubeIDE/plugins/com.st.stm32cube.ide.mcu.externaltools.gnu-tools-for-stm32.11.3.rel1.win32_1.1.100.202309141235/tools/bin/../lib/gcc/arm-none-eabi/11.3.1/thumb/v7e-m+fp/hard/crtn.o
 *(.fini)
 .fini          0x000000000800587c        0x4 C:/ST/STM32CubeIDE_1.14.0/STM32CubeIDE/plugins/com.st.stm32cube.ide.mcu.externaltools.gnu-tools-for-stm32.11.3.rel1.win32_1.1.100.202309141235/tools/bin/../lib/gcc/arm-none-eabi/11.3.1/thumb/v7e-m+fp/hard/crti.o
                0x000000000800587c                _fini
 .fini          0x0000000008005880        0x8 C:/ST/STM32CubeIDE_1.14.0/STM32CubeIDE/plugins/com.st.stm32cube.ide.mcu.externaltools.gnu-tools-for-stm32.11.3.rel1.win32_1.1.100.202309141235/tools/bin/../lib/gcc/arm-none-eabi/11.3.1/thumb/v7e-m+fp/hard/crtn.o
                0x0000000008005888                . = ALIGN (0x4)
                0x0000000008005888                _etext = .

.vfp11_veneer   0x0000000008005888        0x0
 .vfp11_veneer  0x0000000008005888        0x0 linker stubs

.v4_bx          0x0000000008005888        0x0
 .v4_bx         0x0000000008005888        0x0 linker stubs

.iplt           0x0000000008005888        0x0
 .iplt          0x0000000008005888        0x0 C:/ST/STM32CubeIDE_1.14.0/STM32CubeIDE/plugins/com.st.stm32cube.ide.mcu.externaltools.gnu-tools-for-stm32.11.3.rel1.win32_1.1.100.202309141235/tools/bin/../lib/gcc/arm-none-eabi/11.3.1/thumb/v7e-m+fp/hard/crtbegin.o

.rodata         0x0000000008005888       0x84
                0x0000000008005888                . = ALIGN (0x4)
 *(.rodata)
 .rodata        0x0000000008005888       0x21 ./Core/Src/main.o
 *fill*         0x00000000080058a9        0x3 
 .rodata        0x00000000080058ac        0x5 ./ThirdParty/FreeRTOS/org/Source/tasks.o
 *fill*         0x00000000080058b1        0x3 
 .rodata        0x00000000080058b4        0xd ./ThirdParty/FreeRTOS/org/Source/timers.o
 *(.rodata*)
 *fill*         0x00000000080058c1        0x3 
 .rodata.AHBPrescTable
                0x00000000080058c4       0x10 ./Core/Src/system_stm32l4xx.o
                0x00000000080058c4                AHBPrescTable
 .rodata.APBPrescTable
                0x00000000080058d4        0x8 ./Core/Src/system_stm32l4xx.o
                0x00000000080058d4                APBPrescTable
 .rodata.MSIRangeTable
                0x00000000080058dc       0x30 ./Core/Src/system_stm32l4xx.o
                0x00000000080058dc                MSIRangeTable
                0x000000000800590c                . = ALIGN (0x4)

.ARM.extab      0x000000000800590c        0x0
                0x000000000800590c                . = ALIGN (0x4)
 *(.ARM.extab* .gnu.linkonce.armextab.*)
                0x000000000800590c                . = ALIGN (0x4)

.ARM            0x000000000800590c        0x8
                0x000000000800590c                . = ALIGN (0x4)
                0x000000000800590c                __exidx_start = .
 *(.ARM.exidx*)
 .ARM.exidx     0x000000000800590c        0x8 C:/ST/STM32CubeIDE_1.14.0/STM32CubeIDE/plugins/com.st.stm32cube.ide.mcu.externaltools.gnu-tools-for-stm32.11.3.rel1.win32_1.1.100.202309141235/tools/bin/../lib/gcc/arm-none-eabi/11.3.1/thumb/v7e-m+fp/hard\libgcc.a(_udivmoddi4.o)
                0x0000000008005914                __exidx_end = .
                0x0000000008005914                . = ALIGN (0x4)

.rel.dyn        0x0000000008005914        0x0
 .rel.iplt      0x0000000008005914        0x0 C:/ST/STM32CubeIDE_1.14.0/STM32CubeIDE/plugins/com.st.stm32cube.ide.mcu.externaltools.gnu-tools-for-stm32.11.3.rel1.win32_1.1.100.202309141235/tools/bin/../lib/gcc/arm-none-eabi/11.3.1/thumb/v7e-m+fp/hard/crtbegin.o

.preinit_array  0x0000000008005914        0x0
                0x0000000008005914                . = ALIGN (0x4)
                0x0000000008005914                PROVIDE (__preinit_array_start = .)
 *(.preinit_array*)
                0x0000000008005914                PROVIDE (__preinit_array_end = .)
                0x0000000008005914                . = ALIGN (0x4)

.init_array     0x0000000008005914        0x4
                0x0000000008005914                . = ALIGN (0x4)
                0x0000000008005914                PROVIDE (__init_array_start = .)
 *(SORT_BY_NAME(.init_array.*))
 *(.init_array*)
 .init_array    0x0000000008005914        0x4 C:/ST/STM32CubeIDE_1.14.0/STM32CubeIDE/plugins/com.st.stm32cube.ide.mcu.externaltools.gnu-tools-for-stm32.11.3.rel1.win32_1.1.100.202309141235/tools/bin/../lib/gcc/arm-none-eabi/11.3.1/thumb/v7e-m+fp/hard/crtbegin.o
                0x0000000008005918                PROVIDE (__init_array_end = .)
                0x0000000008005918                . = ALIGN (0x4)

.fini_array     0x0000000008005918        0x4
                0x0000000008005918                . = ALIGN (0x4)
                [!provide]                        PROVIDE (__fini_array_start = .)
 *(SORT_BY_NAME(.fini_array.*))
 *(.fini_array*)
 .fini_array    0x0000000008005918        0x4 C:/ST/STM32CubeIDE_1.14.0/STM32CubeIDE/plugins/com.st.stm32cube.ide.mcu.externaltools.gnu-tools-for-stm32.11.3.rel1.win32_1.1.100.202309141235/tools/bin/../lib/gcc/arm-none-eabi/11.3.1/thumb/v7e-m+fp/hard/crtbegin.o
                [!provide]                        PROVIDE (__fini_array_end = .)
                0x000000000800591c                . = ALIGN (0x4)
                0x000000000800591c                _sidata = LOADADDR (.data)

.data           0x0000000020000000       0x10 load address 0x000000000800591c
                0x0000000020000000                . = ALIGN (0x4)
                0x0000000020000000                _sdata = .
 *(.data)
 *(.data*)
 .data.SystemCoreClock
                0x0000000020000000        0x4 ./Core/Src/system_stm32l4xx.o
                0x0000000020000000                SystemCoreClock
 .data.uwTickPrio
                0x0000000020000004        0x4 ./Drivers/STM32L4xx_HAL_Driver/Src/stm32l4xx_hal.o
                0x0000000020000004                uwTickPrio
 .data.uwTickFreq
                0x0000000020000008        0x1 ./Drivers/STM32L4xx_HAL_Driver/Src/stm32l4xx_hal.o
                0x0000000020000008                uwTickFreq
 *fill*         0x0000000020000009        0x3 
 .data.uxCriticalNesting
                0x000000002000000c        0x4 ./ThirdParty/FreeRTOS/org/Source/portable/GCC/ARM_CM4F/port.o
 *(.RamFunc)
 *(.RamFunc*)
                0x0000000020000010                . = ALIGN (0x4)
                0x0000000020000010                _edata = .

.igot.plt       0x0000000020000010        0x0 load address 0x000000000800592c
 .igot.plt      0x0000000020000010        0x0 C:/ST/STM32CubeIDE_1.14.0/STM32CubeIDE/plugins/com.st.stm32cube.ide.mcu.externaltools.gnu-tools-for-stm32.11.3.rel1.win32_1.1.100.202309141235/tools/bin/../lib/gcc/arm-none-eabi/11.3.1/thumb/v7e-m+fp/hard/crtbegin.o
                0x0000000020000010                . = ALIGN (0x4)

.bss            0x0000000020000010     0x424c load address 0x000000000800592c
                0x0000000020000010                _sbss = .
                0x0000000020000010                __bss_start__ = _sbss
 *(.bss)
 .bss           0x0000000020000010       0x1c C:/ST/STM32CubeIDE_1.14.0/STM32CubeIDE/plugins/com.st.stm32cube.ide.mcu.externaltools.gnu-tools-for-stm32.11.3.rel1.win32_1.1.100.202309141235/tools/bin/../lib/gcc/arm-none-eabi/11.3.1/thumb/v7e-m+fp/hard/crtbegin.o
 *(.bss*)
 .bss.huart2    0x000000002000002c       0x88 ./Core/Src/main.o
                0x000000002000002c                huart2
 .bss.xTaskHandle1
                0x00000000200000b4        0x4 ./Core/Src/main.o
                0x00000000200000b4                xTaskHandle1
 .bss.xTaskHandle2
                0x00000000200000b8        0x4 ./Core/Src/main.o
                0x00000000200000b8                xTaskHandle2
 .bss.bBtnPressState
                0x00000000200000bc        0x1 ./Core/Src/main.o
                0x00000000200000bc                bBtnPressState
 *fill*         0x00000000200000bd        0x3 
 .bss.uwTick    0x00000000200000c0        0x4 ./Drivers/STM32L4xx_HAL_Driver/Src/stm32l4xx_hal.o
                0x00000000200000c0                uwTick
 .bss.xQueueRegistry
                0x00000000200000c4       0x28 ./ThirdParty/FreeRTOS/org/Source/queue.o
                0x00000000200000c4                xQueueRegistry
 .bss.pxCurrentTCB
                0x00000000200000ec        0x4 ./ThirdParty/FreeRTOS/org/Source/tasks.o
                0x00000000200000ec                pxCurrentTCB
 .bss.pxReadyTasksLists
                0x00000000200000f0       0x64 ./ThirdParty/FreeRTOS/org/Source/tasks.o
 .bss.xDelayedTaskList1
                0x0000000020000154       0x14 ./ThirdParty/FreeRTOS/org/Source/tasks.o
 .bss.xDelayedTaskList2
                0x0000000020000168       0x14 ./ThirdParty/FreeRTOS/org/Source/tasks.o
 .bss.pxDelayedTaskList
                0x000000002000017c        0x4 ./ThirdParty/FreeRTOS/org/Source/tasks.o
 .bss.pxOverflowDelayedTaskList
                0x0000000020000180        0x4 ./ThirdParty/FreeRTOS/org/Source/tasks.o
 .bss.xPendingReadyList
                0x0000000020000184       0x14 ./ThirdParty/FreeRTOS/org/Source/tasks.o
 .bss.xTasksWaitingTermination
                0x0000000020000198       0x14 ./ThirdParty/FreeRTOS/org/Source/tasks.o
 .bss.uxDeletedTasksWaitingCleanUp
                0x00000000200001ac        0x4 ./ThirdParty/FreeRTOS/org/Source/tasks.o
 .bss.xSuspendedTaskList
                0x00000000200001b0       0x14 ./ThirdParty/FreeRTOS/org/Source/tasks.o
 .bss.uxCurrentNumberOfTasks
                0x00000000200001c4        0x4 ./ThirdParty/FreeRTOS/org/Source/tasks.o
 .bss.xTickCount
                0x00000000200001c8        0x4 ./ThirdParty/FreeRTOS/org/Source/tasks.o
 .bss.uxTopReadyPriority
                0x00000000200001cc        0x4 ./ThirdParty/FreeRTOS/org/Source/tasks.o
 .bss.xSchedulerRunning
                0x00000000200001d0        0x4 ./ThirdParty/FreeRTOS/org/Source/tasks.o
 .bss.xPendedTicks
                0x00000000200001d4        0x4 ./ThirdParty/FreeRTOS/org/Source/tasks.o
 .bss.xYieldPending
                0x00000000200001d8        0x4 ./ThirdParty/FreeRTOS/org/Source/tasks.o
 .bss.xNumOfOverflows
                0x00000000200001dc        0x4 ./ThirdParty/FreeRTOS/org/Source/tasks.o
 .bss.uxTaskNumber
                0x00000000200001e0        0x4 ./ThirdParty/FreeRTOS/org/Source/tasks.o
 .bss.xNextTaskUnblockTime
                0x00000000200001e4        0x4 ./ThirdParty/FreeRTOS/org/Source/tasks.o
 .bss.xIdleTaskHandle
                0x00000000200001e8        0x4 ./ThirdParty/FreeRTOS/org/Source/tasks.o
 .bss.uxSchedulerSuspended
                0x00000000200001ec        0x4 ./ThirdParty/FreeRTOS/org/Source/tasks.o
 .bss.ulTaskSwitchedInTime
                0x00000000200001f0        0x4 ./ThirdParty/FreeRTOS/org/Source/tasks.o
 .bss.ulTotalRunTime
                0x00000000200001f4        0x4 ./ThirdParty/FreeRTOS/org/Source/tasks.o
 .bss.xActiveTimerList1
                0x00000000200001f8       0x14 ./ThirdParty/FreeRTOS/org/Source/timers.o
 .bss.xActiveTimerList2
                0x000000002000020c       0x14 ./ThirdParty/FreeRTOS/org/Source/timers.o
 .bss.pxCurrentTimerList
                0x0000000020000220        0x4 ./ThirdParty/FreeRTOS/org/Source/timers.o
 .bss.pxOverflowTimerList
                0x0000000020000224        0x4 ./ThirdParty/FreeRTOS/org/Source/timers.o
 .bss.xTimerQueue
                0x0000000020000228        0x4 ./ThirdParty/FreeRTOS/org/Source/timers.o
 .bss.xTimerTaskHandle
                0x000000002000022c        0x4 ./ThirdParty/FreeRTOS/org/Source/timers.o
 .bss.xLastTime.0
                0x0000000020000230        0x4 ./ThirdParty/FreeRTOS/org/Source/timers.o
 .bss.ucMaxSysCallPriority
                0x0000000020000234        0x1 ./ThirdParty/FreeRTOS/org/Source/portable/GCC/ARM_CM4F/port.o
 *fill*         0x0000000020000235        0x3 
 .bss.ulMaxPRIGROUPValue
                0x0000000020000238        0x4 ./ThirdParty/FreeRTOS/org/Source/portable/GCC/ARM_CM4F/port.o
 .bss.ucHeap    0x000000002000023c     0x4000 ./ThirdParty/FreeRTOS/org/Source/portable/MemMang/heap_4.o
 .bss.xStart    0x000000002000423c        0x8 ./ThirdParty/FreeRTOS/org/Source/portable/MemMang/heap_4.o
 .bss.pxEnd     0x0000000020004244        0x4 ./ThirdParty/FreeRTOS/org/Source/portable/MemMang/heap_4.o
 .bss.xFreeBytesRemaining
                0x0000000020004248        0x4 ./ThirdParty/FreeRTOS/org/Source/portable/MemMang/heap_4.o
 .bss.xMinimumEverFreeBytesRemaining
                0x000000002000424c        0x4 ./ThirdParty/FreeRTOS/org/Source/portable/MemMang/heap_4.o
 .bss.xNumberOfSuccessfulAllocations
                0x0000000020004250        0x4 ./ThirdParty/FreeRTOS/org/Source/portable/MemMang/heap_4.o
 .bss.xNumberOfSuccessfulFrees
                0x0000000020004254        0x4 ./ThirdParty/FreeRTOS/org/Source/portable/MemMang/heap_4.o
 .bss.xBlockAllocatedBit
                0x0000000020004258        0x4 ./ThirdParty/FreeRTOS/org/Source/portable/MemMang/heap_4.o
 *(COMMON)
                0x000000002000425c                . = ALIGN (0x4)
                0x000000002000425c                _ebss = .
                0x000000002000425c                __bss_end__ = _ebss

._user_heap_stack
                0x000000002000425c      0x604 load address 0x000000000800592c
                0x0000000020004260                . = ALIGN (0x8)
 *fill*         0x000000002000425c        0x4 
                [!provide]                        PROVIDE (end = .)
                0x0000000020004260                PROVIDE (_end = .)
                0x0000000020004460                . = (. + _Min_Heap_Size)
 *fill*         0x0000000020004260      0x200 
                0x0000000020004860                . = (. + _Min_Stack_Size)
 *fill*         0x0000000020004460      0x400 
                0x0000000020004860                . = ALIGN (0x8)

/DISCARD/
 libc.a(*)
 libm.a(*)
 libgcc.a(*)

.ARM.attributes
                0x0000000000000000       0x30
 *(.ARM.attributes)
 .ARM.attributes
                0x0000000000000000       0x1e C:/ST/STM32CubeIDE_1.14.0/STM32CubeIDE/plugins/com.st.stm32cube.ide.mcu.externaltools.gnu-tools-for-stm32.11.3.rel1.win32_1.1.100.202309141235/tools/bin/../lib/gcc/arm-none-eabi/11.3.1/thumb/v7e-m+fp/hard/crti.o
 .ARM.attributes
                0x000000000000001e       0x34 C:/ST/STM32CubeIDE_1.14.0/STM32CubeIDE/plugins/com.st.stm32cube.ide.mcu.externaltools.gnu-tools-for-stm32.11.3.rel1.win32_1.1.100.202309141235/tools/bin/../lib/gcc/arm-none-eabi/11.3.1/thumb/v7e-m+fp/hard/crtbegin.o
 .ARM.attributes
                0x0000000000000052       0x34 ./Core/Src/main.o
 .ARM.attributes
                0x0000000000000086       0x34 ./Core/Src/stm32l4xx_hal_msp.o
 .ARM.attributes
                0x00000000000000ba       0x34 ./Core/Src/stm32l4xx_it.o
 .ARM.attributes
                0x00000000000000ee       0x34 ./Core/Src/system_stm32l4xx.o
 .ARM.attributes
                0x0000000000000122       0x21 ./Core/Startup/startup_stm32l476rgtx.o
 .ARM.attributes
                0x0000000000000143       0x34 ./Drivers/STM32L4xx_HAL_Driver/Src/stm32l4xx_hal.o
 .ARM.attributes
                0x0000000000000177       0x34 ./Drivers/STM32L4xx_HAL_Driver/Src/stm32l4xx_hal_cortex.o
 .ARM.attributes
                0x00000000000001ab       0x34 ./Drivers/STM32L4xx_HAL_Driver/Src/stm32l4xx_hal_gpio.o
 .ARM.attributes
                0x00000000000001df       0x34 ./Drivers/STM32L4xx_HAL_Driver/Src/stm32l4xx_hal_pwr_ex.o
 .ARM.attributes
                0x0000000000000213       0x34 ./Drivers/STM32L4xx_HAL_Driver/Src/stm32l4xx_hal_rcc.o
 .ARM.attributes
                0x0000000000000247       0x34 ./Drivers/STM32L4xx_HAL_Driver/Src/stm32l4xx_hal_rcc_ex.o
 .ARM.attributes
                0x000000000000027b       0x34 ./Drivers/STM32L4xx_HAL_Driver/Src/stm32l4xx_hal_uart.o
 .ARM.attributes
                0x00000000000002af       0x34 ./ThirdParty/FreeRTOS/org/Source/list.o
 .ARM.attributes
                0x00000000000002e3       0x34 ./ThirdParty/FreeRTOS/org/Source/queue.o
 .ARM.attributes
                0x0000000000000317       0x34 ./ThirdParty/FreeRTOS/org/Source/tasks.o
 .ARM.attributes
                0x000000000000034b       0x34 ./ThirdParty/FreeRTOS/org/Source/timers.o
 .ARM.attributes
                0x000000000000037f       0x34 ./ThirdParty/FreeRTOS/org/Source/portable/GCC/ARM_CM4F/port.o
 .ARM.attributes
                0x00000000000003b3       0x34 ./ThirdParty/FreeRTOS/org/Source/portable/MemMang/heap_4.o
 .ARM.attributes
                0x00000000000003e7       0x34 C:/ST/STM32CubeIDE_1.14.0/STM32CubeIDE/plugins/com.st.stm32cube.ide.mcu.externaltools.gnu-tools-for-stm32.11.3.rel1.win32_1.1.100.202309141235/tools/bin/../lib/gcc/arm-none-eabi/11.3.1/../../../../arm-none-eabi/lib/thumb/v7e-m+fp/hard\libc_nano.a(libc_a-memset.o)
 .ARM.attributes
                0x000000000000041b       0x34 C:/ST/STM32CubeIDE_1.14.0/STM32CubeIDE/plugins/com.st.stm32cube.ide.mcu.externaltools.gnu-tools-for-stm32.11.3.rel1.win32_1.1.100.202309141235/tools/bin/../lib/gcc/arm-none-eabi/11.3.1/../../../../arm-none-eabi/lib/thumb/v7e-m+fp/hard\libc_nano.a(libc_a-init.o)
 .ARM.attributes
                0x000000000000044f       0x34 C:/ST/STM32CubeIDE_1.14.0/STM32CubeIDE/plugins/com.st.stm32cube.ide.mcu.externaltools.gnu-tools-for-stm32.11.3.rel1.win32_1.1.100.202309141235/tools/bin/../lib/gcc/arm-none-eabi/11.3.1/../../../../arm-none-eabi/lib/thumb/v7e-m+fp/hard\libc_nano.a(libc_a-memcpy-stub.o)
 .ARM.attributes
                0x0000000000000483       0x1e C:/ST/STM32CubeIDE_1.14.0/STM32CubeIDE/plugins/com.st.stm32cube.ide.mcu.externaltools.gnu-tools-for-stm32.11.3.rel1.win32_1.1.100.202309141235/tools/bin/../lib/gcc/arm-none-eabi/11.3.1/thumb/v7e-m+fp/hard\libgcc.a(_aeabi_uldivmod.o)
 .ARM.attributes
                0x00000000000004a1       0x34 C:/ST/STM32CubeIDE_1.14.0/STM32CubeIDE/plugins/com.st.stm32cube.ide.mcu.externaltools.gnu-tools-for-stm32.11.3.rel1.win32_1.1.100.202309141235/tools/bin/../lib/gcc/arm-none-eabi/11.3.1/thumb/v7e-m+fp/hard\libgcc.a(_udivmoddi4.o)
 .ARM.attributes
                0x00000000000004d5       0x1e C:/ST/STM32CubeIDE_1.14.0/STM32CubeIDE/plugins/com.st.stm32cube.ide.mcu.externaltools.gnu-tools-for-stm32.11.3.rel1.win32_1.1.100.202309141235/tools/bin/../lib/gcc/arm-none-eabi/11.3.1/thumb/v7e-m+fp/hard\libgcc.a(_dvmd_tls.o)
 .ARM.attributes
                0x00000000000004f3       0x1e C:/ST/STM32CubeIDE_1.14.0/STM32CubeIDE/plugins/com.st.stm32cube.ide.mcu.externaltools.gnu-tools-for-stm32.11.3.rel1.win32_1.1.100.202309141235/tools/bin/../lib/gcc/arm-none-eabi/11.3.1/thumb/v7e-m+fp/hard/crtn.o
OUTPUT(STM32L4xx_RTOS_Btn_Led.elf elf32-littlearm)
LOAD linker stubs
LOAD C:/ST/STM32CubeIDE_1.14.0/STM32CubeIDE/plugins/com.st.stm32cube.ide.mcu.externaltools.gnu-tools-for-stm32.11.3.rel1.win32_1.1.100.202309141235/tools/bin/../lib/gcc/arm-none-eabi/11.3.1/../../../../arm-none-eabi/lib/thumb/v7e-m+fp/hard\libc.a
LOAD C:/ST/STM32CubeIDE_1.14.0/STM32CubeIDE/plugins/com.st.stm32cube.ide.mcu.externaltools.gnu-tools-for-stm32.11.3.rel1.win32_1.1.100.202309141235/tools/bin/../lib/gcc/arm-none-eabi/11.3.1/../../../../arm-none-eabi/lib/thumb/v7e-m+fp/hard\libm.a
LOAD C:/ST/STM32CubeIDE_1.14.0/STM32CubeIDE/plugins/com.st.stm32cube.ide.mcu.externaltools.gnu-tools-for-stm32.11.3.rel1.win32_1.1.100.202309141235/tools/bin/../lib/gcc/arm-none-eabi/11.3.1/thumb/v7e-m+fp/hard\libgcc.a

.comment        0x0000000000000000       0x43
 .comment       0x0000000000000000       0x43 C:/ST/STM32CubeIDE_1.14.0/STM32CubeIDE/plugins/com.st.stm32cube.ide.mcu.externaltools.gnu-tools-for-stm32.11.3.rel1.win32_1.1.100.202309141235/tools/bin/../lib/gcc/arm-none-eabi/11.3.1/thumb/v7e-m+fp/hard/crtbegin.o
                                         0x44 (size before relaxing)
 .comment       0x0000000000000043       0x44 ./Core/Src/main.o
 .comment       0x0000000000000043       0x44 ./Core/Src/stm32l4xx_hal_msp.o
 .comment       0x0000000000000043       0x44 ./Core/Src/stm32l4xx_it.o
 .comment       0x0000000000000043       0x44 ./Core/Src/system_stm32l4xx.o
 .comment       0x0000000000000043       0x44 ./Drivers/STM32L4xx_HAL_Driver/Src/stm32l4xx_hal.o
 .comment       0x0000000000000043       0x44 ./Drivers/STM32L4xx_HAL_Driver/Src/stm32l4xx_hal_cortex.o
 .comment       0x0000000000000043       0x44 ./Drivers/STM32L4xx_HAL_Driver/Src/stm32l4xx_hal_gpio.o
 .comment       0x0000000000000043       0x44 ./Drivers/STM32L4xx_HAL_Driver/Src/stm32l4xx_hal_pwr_ex.o
 .comment       0x0000000000000043       0x44 ./Drivers/STM32L4xx_HAL_Driver/Src/stm32l4xx_hal_rcc.o
 .comment       0x0000000000000043       0x44 ./Drivers/STM32L4xx_HAL_Driver/Src/stm32l4xx_hal_rcc_ex.o
 .comment       0x0000000000000043       0x44 ./Drivers/STM32L4xx_HAL_Driver/Src/stm32l4xx_hal_uart.o
 .comment       0x0000000000000043       0x44 ./ThirdParty/FreeRTOS/org/Source/list.o
 .comment       0x0000000000000043       0x44 ./ThirdParty/FreeRTOS/org/Source/queue.o
 .comment       0x0000000000000043       0x44 ./ThirdParty/FreeRTOS/org/Source/tasks.o
 .comment       0x0000000000000043       0x44 ./ThirdParty/FreeRTOS/org/Source/timers.o
 .comment       0x0000000000000043       0x44 ./ThirdParty/FreeRTOS/org/Source/portable/GCC/ARM_CM4F/port.o
 .comment       0x0000000000000043       0x44 ./ThirdParty/FreeRTOS/org/Source/portable/MemMang/heap_4.o

.debug_info     0x0000000000000000     0xfd86
 .debug_info    0x0000000000000000      0xf12 ./Core/Src/main.o
 .debug_info    0x0000000000000f12      0xd21 ./Core/Src/stm32l4xx_hal_msp.o
 .debug_info    0x0000000000001c33       0xd8 ./Core/Src/stm32l4xx_it.o
 .debug_info    0x0000000000001d0b      0x5b1 ./Core/Src/system_stm32l4xx.o
 .debug_info    0x00000000000022bc       0x23 ./Core/Startup/startup_stm32l476rgtx.o
 .debug_info    0x00000000000022df      0xc09 ./Drivers/STM32L4xx_HAL_Driver/Src/stm32l4xx_hal.o
 .debug_info    0x0000000000002ee8      0xd81 ./Drivers/STM32L4xx_HAL_Driver/Src/stm32l4xx_hal_cortex.o
 .debug_info    0x0000000000003c69      0x757 ./Drivers/STM32L4xx_HAL_Driver/Src/stm32l4xx_hal_gpio.o
 .debug_info    0x00000000000043c0      0x99e ./Drivers/STM32L4xx_HAL_Driver/Src/stm32l4xx_hal_pwr_ex.o
 .debug_info    0x0000000000004d5e      0xc14 ./Drivers/STM32L4xx_HAL_Driver/Src/stm32l4xx_hal_rcc.o
 .debug_info    0x0000000000005972      0xe11 ./Drivers/STM32L4xx_HAL_Driver/Src/stm32l4xx_hal_rcc_ex.o
 .debug_info    0x0000000000006783     0x3b69 ./Drivers/STM32L4xx_HAL_Driver/Src/stm32l4xx_hal_uart.o
 .debug_info    0x000000000000a2ec      0x2af ./ThirdParty/FreeRTOS/org/Source/list.o
 .debug_info    0x000000000000a59b     0x1aa8 ./ThirdParty/FreeRTOS/org/Source/queue.o
 .debug_info    0x000000000000c043     0x2558 ./ThirdParty/FreeRTOS/org/Source/tasks.o
 .debug_info    0x000000000000e59b      0xe4d ./ThirdParty/FreeRTOS/org/Source/timers.o
 .debug_info    0x000000000000f3e8      0x4c9 ./ThirdParty/FreeRTOS/org/Source/portable/GCC/ARM_CM4F/port.o
 .debug_info    0x000000000000f8b1      0x4d5 ./ThirdParty/FreeRTOS/org/Source/portable/MemMang/heap_4.o

.debug_abbrev   0x0000000000000000     0x262d
 .debug_abbrev  0x0000000000000000      0x2a3 ./Core/Src/main.o
 .debug_abbrev  0x00000000000002a3      0x1d2 ./Core/Src/stm32l4xx_hal_msp.o
 .debug_abbrev  0x0000000000000475       0x47 ./Core/Src/stm32l4xx_it.o
 .debug_abbrev  0x00000000000004bc      0x11a ./Core/Src/system_stm32l4xx.o
 .debug_abbrev  0x00000000000005d6       0x12 ./Core/Startup/startup_stm32l476rgtx.o
 .debug_abbrev  0x00000000000005e8      0x243 ./Drivers/STM32L4xx_HAL_Driver/Src/stm32l4xx_hal.o
 .debug_abbrev  0x000000000000082b      0x31c ./Drivers/STM32L4xx_HAL_Driver/Src/stm32l4xx_hal_cortex.o
 .debug_abbrev  0x0000000000000b47      0x1cb ./Drivers/STM32L4xx_HAL_Driver/Src/stm32l4xx_hal_gpio.o
 .debug_abbrev  0x0000000000000d12      0x1f9 ./Drivers/STM32L4xx_HAL_Driver/Src/stm32l4xx_hal_pwr_ex.o
 .debug_abbrev  0x0000000000000f0b      0x2cb ./Drivers/STM32L4xx_HAL_Driver/Src/stm32l4xx_hal_rcc.o
 .debug_abbrev  0x00000000000011d6      0x2a6 ./Drivers/STM32L4xx_HAL_Driver/Src/stm32l4xx_hal_rcc_ex.o
 .debug_abbrev  0x000000000000147c      0x2d0 ./Drivers/STM32L4xx_HAL_Driver/Src/stm32l4xx_hal_uart.o
 .debug_abbrev  0x000000000000174c       0xf5 ./ThirdParty/FreeRTOS/org/Source/list.o
 .debug_abbrev  0x0000000000001841      0x322 ./ThirdParty/FreeRTOS/org/Source/queue.o
 .debug_abbrev  0x0000000000001b63      0x388 ./ThirdParty/FreeRTOS/org/Source/tasks.o
 .debug_abbrev  0x0000000000001eeb      0x2de ./ThirdParty/FreeRTOS/org/Source/timers.o
 .debug_abbrev  0x00000000000021c9      0x247 ./ThirdParty/FreeRTOS/org/Source/portable/GCC/ARM_CM4F/port.o
 .debug_abbrev  0x0000000000002410      0x21d ./ThirdParty/FreeRTOS/org/Source/portable/MemMang/heap_4.o

.debug_aranges  0x0000000000000000      0xe60
 .debug_aranges
                0x0000000000000000       0x58 ./Core/Src/main.o
 .debug_aranges
                0x0000000000000058       0x30 ./Core/Src/stm32l4xx_hal_msp.o
 .debug_aranges
                0x0000000000000088       0x48 ./Core/Src/stm32l4xx_it.o
 .debug_aranges
                0x00000000000000d0       0x28 ./Core/Src/system_stm32l4xx.o
 .debug_aranges
                0x00000000000000f8       0x28 ./Core/Startup/startup_stm32l476rgtx.o
 .debug_aranges
                0x0000000000000120      0x130 ./Drivers/STM32L4xx_HAL_Driver/Src/stm32l4xx_hal.o
 .debug_aranges
                0x0000000000000250      0x128 ./Drivers/STM32L4xx_HAL_Driver/Src/stm32l4xx_hal_cortex.o
 .debug_aranges
                0x0000000000000378       0x58 ./Drivers/STM32L4xx_HAL_Driver/Src/stm32l4xx_hal_gpio.o
 .debug_aranges
                0x00000000000003d0      0x160 ./Drivers/STM32L4xx_HAL_Driver/Src/stm32l4xx_hal_pwr_ex.o
 .debug_aranges
                0x0000000000000530       0x90 ./Drivers/STM32L4xx_HAL_Driver/Src/stm32l4xx_hal_rcc.o
 .debug_aranges
                0x00000000000005c0       0xc0 ./Drivers/STM32L4xx_HAL_Driver/Src/stm32l4xx_hal_rcc_ex.o
 .debug_aranges
                0x0000000000000680      0x228 ./Drivers/STM32L4xx_HAL_Driver/Src/stm32l4xx_hal_uart.o
 .debug_aranges
                0x00000000000008a8       0x40 ./ThirdParty/FreeRTOS/org/Source/list.o
 .debug_aranges
                0x00000000000008e8      0x170 ./ThirdParty/FreeRTOS/org/Source/queue.o
 .debug_aranges
                0x0000000000000a58      0x258 ./ThirdParty/FreeRTOS/org/Source/tasks.o
 .debug_aranges
                0x0000000000000cb0       0xd8 ./ThirdParty/FreeRTOS/org/Source/timers.o
 .debug_aranges
                0x0000000000000d88       0x80 ./ThirdParty/FreeRTOS/org/Source/portable/GCC/ARM_CM4F/port.o
 .debug_aranges
                0x0000000000000e08       0x58 ./ThirdParty/FreeRTOS/org/Source/portable/MemMang/heap_4.o

.debug_rnglists
                0x0000000000000000      0xb08
 .debug_rnglists
                0x0000000000000000       0x3f ./Core/Src/main.o
 .debug_rnglists
                0x000000000000003f       0x20 ./Core/Src/stm32l4xx_hal_msp.o
 .debug_rnglists
                0x000000000000005f       0x31 ./Core/Src/stm32l4xx_it.o
 .debug_rnglists
                0x0000000000000090       0x1a ./Core/Src/system_stm32l4xx.o
 .debug_rnglists
                0x00000000000000aa       0x19 ./Core/Startup/startup_stm32l476rgtx.o
 .debug_rnglists
                0x00000000000000c3       0xdf ./Drivers/STM32L4xx_HAL_Driver/Src/stm32l4xx_hal.o
 .debug_rnglists
                0x00000000000001a2       0xda ./Drivers/STM32L4xx_HAL_Driver/Src/stm32l4xx_hal_cortex.o
 .debug_rnglists
                0x000000000000027c       0x3f ./Drivers/STM32L4xx_HAL_Driver/Src/stm32l4xx_hal_gpio.o
 .debug_rnglists
                0x00000000000002bb      0x109 ./Drivers/STM32L4xx_HAL_Driver/Src/stm32l4xx_hal_pwr_ex.o
 .debug_rnglists
                0x00000000000003c4       0x6d ./Drivers/STM32L4xx_HAL_Driver/Src/stm32l4xx_hal_rcc.o
 .debug_rnglists
                0x0000000000000431       0x95 ./Drivers/STM32L4xx_HAL_Driver/Src/stm32l4xx_hal_rcc_ex.o
 .debug_rnglists
                0x00000000000004c6      0x1db ./Drivers/STM32L4xx_HAL_Driver/Src/stm32l4xx_hal_uart.o
 .debug_rnglists
                0x00000000000006a1       0x2b ./ThirdParty/FreeRTOS/org/Source/list.o
 .debug_rnglists
                0x00000000000006cc      0x11c ./ThirdParty/FreeRTOS/org/Source/queue.o
 .debug_rnglists
                0x00000000000007e8      0x1de ./ThirdParty/FreeRTOS/org/Source/tasks.o
 .debug_rnglists
                0x00000000000009c6       0xa3 ./ThirdParty/FreeRTOS/org/Source/timers.o
 .debug_rnglists
                0x0000000000000a69       0x5d ./ThirdParty/FreeRTOS/org/Source/portable/GCC/ARM_CM4F/port.o
 .debug_rnglists
                0x0000000000000ac6       0x42 ./ThirdParty/FreeRTOS/org/Source/portable/MemMang/heap_4.o

.debug_macro    0x0000000000000000    0x263b9
 .debug_macro   0x0000000000000000      0x22c ./Core/Src/main.o
 .debug_macro   0x000000000000022c      0xaa8 ./Core/Src/main.o
 .debug_macro   0x0000000000000cd4      0x1a1 ./Core/Src/main.o
 .debug_macro   0x0000000000000e75       0x2e ./Core/Src/main.o
 .debug_macro   0x0000000000000ea3       0x28 ./Core/Src/main.o
 .debug_macro   0x0000000000000ecb       0x22 ./Core/Src/main.o
 .debug_macro   0x0000000000000eed       0x8e ./Core/Src/main.o
 .debug_macro   0x0000000000000f7b       0x51 ./Core/Src/main.o
 .debug_macro   0x0000000000000fcc      0x103 ./Core/Src/main.o
 .debug_macro   0x00000000000010cf       0x6a ./Core/Src/main.o
 .debug_macro   0x0000000000001139      0x1df ./Core/Src/main.o
 .debug_macro   0x0000000000001318       0x1c ./Core/Src/main.o
 .debug_macro   0x0000000000001334       0x22 ./Core/Src/main.o
 .debug_macro   0x0000000000001356       0xfb ./Core/Src/main.o
 .debug_macro   0x0000000000001451     0x1011 ./Core/Src/main.o
 .debug_macro   0x0000000000002462      0x11f ./Core/Src/main.o
 .debug_macro   0x0000000000002581    0x1a17a ./Core/Src/main.o
 .debug_macro   0x000000000001c6fb       0x6d ./Core/Src/main.o
 .debug_macro   0x000000000001c768     0x38fb ./Core/Src/main.o
 .debug_macro   0x0000000000020063      0x174 ./Core/Src/main.o
 .debug_macro   0x00000000000201d7       0x5c ./Core/Src/main.o
 .debug_macro   0x0000000000020233     0x159e ./Core/Src/main.o
 .debug_macro   0x00000000000217d1      0x5a5 ./Core/Src/main.o
 .debug_macro   0x0000000000021d76      0x1b9 ./Core/Src/main.o
 .debug_macro   0x0000000000021f2f      0x18b ./Core/Src/main.o
 .debug_macro   0x00000000000220ba      0x26b ./Core/Src/main.o
 .debug_macro   0x0000000000022325      0x23d ./Core/Src/main.o
 .debug_macro   0x0000000000022562      0x241 ./Core/Src/main.o
 .debug_macro   0x00000000000227a3      0x37c ./Core/Src/main.o
 .debug_macro   0x0000000000022b1f       0xd6 ./Core/Src/main.o
 .debug_macro   0x0000000000022bf5      0x122 ./Core/Src/main.o
 .debug_macro   0x0000000000022d17      0x3ef ./Core/Src/main.o
 .debug_macro   0x0000000000023106      0x5cf ./Core/Src/main.o
 .debug_macro   0x00000000000236d5       0x44 ./Core/Src/main.o
 .debug_macro   0x0000000000023719      0x330 ./Core/Src/main.o
 .debug_macro   0x0000000000023a49       0x4c ./Core/Src/main.o
 .debug_macro   0x0000000000023a95       0x22 ./Core/Src/main.o
 .debug_macro   0x0000000000023ab7      0x194 ./Core/Src/main.o
 .debug_macro   0x0000000000023c4b      0x15a ./Core/Src/main.o
 .debug_macro   0x0000000000023da5       0xe4 ./Core/Src/main.o
 .debug_macro   0x0000000000023e89       0x1c ./Core/Src/main.o
 .debug_macro   0x0000000000023ea5       0x26 ./Core/Src/main.o
 .debug_macro   0x0000000000023ecb      0x47f ./Core/Src/main.o
 .debug_macro   0x000000000002434a       0xb5 ./Core/Src/main.o
 .debug_macro   0x00000000000243ff      0x119 ./Core/Src/main.o
 .debug_macro   0x0000000000024518      0x1bb ./Core/Src/stm32l4xx_hal_msp.o
 .debug_macro   0x00000000000246d3      0x1c5 ./Core/Src/stm32l4xx_it.o
 .debug_macro   0x0000000000024898      0x1ac ./Core/Src/system_stm32l4xx.o
 .debug_macro   0x0000000000024a44      0x1fa ./Drivers/STM32L4xx_HAL_Driver/Src/stm32l4xx_hal.o
 .debug_macro   0x0000000000024c3e      0x1ac ./Drivers/STM32L4xx_HAL_Driver/Src/stm32l4xx_hal_cortex.o
 .debug_macro   0x0000000000024dea      0x1b3 ./Drivers/STM32L4xx_HAL_Driver/Src/stm32l4xx_hal_gpio.o
 .debug_macro   0x0000000000024f9d      0x1d0 ./Drivers/STM32L4xx_HAL_Driver/Src/stm32l4xx_hal_pwr_ex.o
 .debug_macro   0x000000000002516d      0x1ee ./Drivers/STM32L4xx_HAL_Driver/Src/stm32l4xx_hal_rcc.o
 .debug_macro   0x000000000002535b      0x1e2 ./Drivers/STM32L4xx_HAL_Driver/Src/stm32l4xx_hal_rcc_ex.o
 .debug_macro   0x000000000002553d      0x1d7 ./Drivers/STM32L4xx_HAL_Driver/Src/stm32l4xx_hal_uart.o
 .debug_macro   0x0000000000025714      0x193 ./ThirdParty/FreeRTOS/org/Source/list.o
 .debug_macro   0x00000000000258a7      0x21c ./ThirdParty/FreeRTOS/org/Source/queue.o
 .debug_macro   0x0000000000025ac3       0x16 ./ThirdParty/FreeRTOS/org/Source/queue.o
 .debug_macro   0x0000000000025ad9       0x20 ./ThirdParty/FreeRTOS/org/Source/queue.o
 .debug_macro   0x0000000000025af9       0x80 ./ThirdParty/FreeRTOS/org/Source/queue.o
 .debug_macro   0x0000000000025b79      0x279 ./ThirdParty/FreeRTOS/org/Source/tasks.o
 .debug_macro   0x0000000000025df2       0x10 ./ThirdParty/FreeRTOS/org/Source/tasks.o
 .debug_macro   0x0000000000025e02      0x1dc ./ThirdParty/FreeRTOS/org/Source/timers.o
 .debug_macro   0x0000000000025fde       0x97 ./ThirdParty/FreeRTOS/org/Source/timers.o
 .debug_macro   0x0000000000026075      0x196 ./ThirdParty/FreeRTOS/org/Source/portable/GCC/ARM_CM4F/port.o
 .debug_macro   0x000000000002620b      0x1ae ./ThirdParty/FreeRTOS/org/Source/portable/MemMang/heap_4.o

.debug_line     0x0000000000000000    0x10cbd
 .debug_line    0x0000000000000000      0xa4d ./Core/Src/main.o
 .debug_line    0x0000000000000a4d      0x77e ./Core/Src/stm32l4xx_hal_msp.o
 .debug_line    0x00000000000011cb      0x7a3 ./Core/Src/stm32l4xx_it.o
 .debug_line    0x000000000000196e      0x7b6 ./Core/Src/system_stm32l4xx.o
 .debug_line    0x0000000000002124       0x7a ./Core/Startup/startup_stm32l476rgtx.o
 .debug_line    0x000000000000219e      0xb0f ./Drivers/STM32L4xx_HAL_Driver/Src/stm32l4xx_hal.o
 .debug_line    0x0000000000002cad      0xce3 ./Drivers/STM32L4xx_HAL_Driver/Src/stm32l4xx_hal_cortex.o
 .debug_line    0x0000000000003990      0xb82 ./Drivers/STM32L4xx_HAL_Driver/Src/stm32l4xx_hal_gpio.o
 .debug_line    0x0000000000004512      0xd06 ./Drivers/STM32L4xx_HAL_Driver/Src/stm32l4xx_hal_pwr_ex.o
 .debug_line    0x0000000000005218      0xf87 ./Drivers/STM32L4xx_HAL_Driver/Src/stm32l4xx_hal_rcc.o
 .debug_line    0x000000000000619f     0x14ff ./Drivers/STM32L4xx_HAL_Driver/Src/stm32l4xx_hal_rcc_ex.o
 .debug_line    0x000000000000769e     0x3216 ./Drivers/STM32L4xx_HAL_Driver/Src/stm32l4xx_hal_uart.o
 .debug_line    0x000000000000a8b4      0x852 ./ThirdParty/FreeRTOS/org/Source/list.o
 .debug_line    0x000000000000b106     0x18ff ./ThirdParty/FreeRTOS/org/Source/queue.o
 .debug_line    0x000000000000ca05     0x2171 ./ThirdParty/FreeRTOS/org/Source/tasks.o
 .debug_line    0x000000000000eb76      0xdaf ./ThirdParty/FreeRTOS/org/Source/timers.o
 .debug_line    0x000000000000f925      0x925 ./ThirdParty/FreeRTOS/org/Source/portable/GCC/ARM_CM4F/port.o
 .debug_line    0x000000000001024a      0xa73 ./ThirdParty/FreeRTOS/org/Source/portable/MemMang/heap_4.o

.debug_str      0x0000000000000000    0xef95f
 .debug_str     0x0000000000000000    0xe5df0 ./Core/Src/main.o
                                      0xe6121 (size before relaxing)
 .debug_str     0x00000000000e5df0      0x2da ./Core/Src/stm32l4xx_hal_msp.o
                                      0xe15ae (size before relaxing)
 .debug_str     0x00000000000e60ca       0x92 ./Core/Src/stm32l4xx_it.o
                                      0xe0cd9 (size before relaxing)
 .debug_str     0x00000000000e615c       0xf2 ./Core/Src/system_stm32l4xx.o
                                      0xe0d9e (size before relaxing)
 .debug_str     0x00000000000e624e       0x34 ./Core/Startup/startup_stm32l476rgtx.o
                                         0x84 (size before relaxing)
 .debug_str     0x00000000000e6282      0xb1b ./Drivers/STM32L4xx_HAL_Driver/Src/stm32l4xx_hal.o
                                      0xe199d (size before relaxing)
 .debug_str     0x00000000000e6d9d      0x37c ./Drivers/STM32L4xx_HAL_Driver/Src/stm32l4xx_hal_cortex.o
                                      0xe1617 (size before relaxing)
 .debug_str     0x00000000000e7119       0xdf ./Drivers/STM32L4xx_HAL_Driver/Src/stm32l4xx_hal_gpio.o
                                      0xe0f17 (size before relaxing)
 .debug_str     0x00000000000e71f8      0x4e3 ./Drivers/STM32L4xx_HAL_Driver/Src/stm32l4xx_hal_pwr_ex.o
                                      0xe12f9 (size before relaxing)
 .debug_str     0x00000000000e76db      0x345 ./Drivers/STM32L4xx_HAL_Driver/Src/stm32l4xx_hal_rcc.o
                                      0xe13e4 (size before relaxing)
 .debug_str     0x00000000000e7a20      0x3bf ./Drivers/STM32L4xx_HAL_Driver/Src/stm32l4xx_hal_rcc_ex.o
                                      0xe155d (size before relaxing)
 .debug_str     0x00000000000e7ddf      0x8f7 ./Drivers/STM32L4xx_HAL_Driver/Src/stm32l4xx_hal_uart.o
                                      0xe1af6 (size before relaxing)
 .debug_str     0x00000000000e86d6     0x333b ./ThirdParty/FreeRTOS/org/Source/list.o
                                       0xac8c (size before relaxing)
 .debug_str     0x00000000000eba11     0x1321 ./ThirdParty/FreeRTOS/org/Source/queue.o
                                       0xd1e1 (size before relaxing)
 .debug_str     0x00000000000ecd32     0x1c97 ./ThirdParty/FreeRTOS/org/Source/tasks.o
                                       0xdf1c (size before relaxing)
 .debug_str     0x00000000000ee9c9      0x509 ./ThirdParty/FreeRTOS/org/Source/timers.o
                                       0xd434 (size before relaxing)
 .debug_str     0x00000000000eeed2      0x772 ./ThirdParty/FreeRTOS/org/Source/portable/GCC/ARM_CM4F/port.o
                                       0x93be (size before relaxing)
 .debug_str     0x00000000000ef644      0x31b ./ThirdParty/FreeRTOS/org/Source/portable/MemMang/heap_4.o
                                       0xc0de (size before relaxing)

.debug_frame    0x0000000000000000     0x3ab0
 .debug_frame   0x0000000000000000      0x114 ./Core/Src/main.o
 .debug_frame   0x0000000000000114       0x84 ./Core/Src/stm32l4xx_hal_msp.o
 .debug_frame   0x0000000000000198       0xa8 ./Core/Src/stm32l4xx_it.o
 .debug_frame   0x0000000000000240       0x58 ./Core/Src/system_stm32l4xx.o
 .debug_frame   0x0000000000000298      0x498 ./Drivers/STM32L4xx_HAL_Driver/Src/stm32l4xx_hal.o
 .debug_frame   0x0000000000000730      0x4e8 ./Drivers/STM32L4xx_HAL_Driver/Src/stm32l4xx_hal_cortex.o
 .debug_frame   0x0000000000000c18      0x14c ./Drivers/STM32L4xx_HAL_Driver/Src/stm32l4xx_hal_gpio.o
 .debug_frame   0x0000000000000d64      0x584 ./Drivers/STM32L4xx_HAL_Driver/Src/stm32l4xx_hal_pwr_ex.o
 .debug_frame   0x00000000000012e8      0x21c ./Drivers/STM32L4xx_HAL_Driver/Src/stm32l4xx_hal_rcc.o
 .debug_frame   0x0000000000001504      0x2fc ./Drivers/STM32L4xx_HAL_Driver/Src/stm32l4xx_hal_rcc_ex.o
 .debug_frame   0x0000000000001800      0x9f4 ./Drivers/STM32L4xx_HAL_Driver/Src/stm32l4xx_hal_uart.o
 .debug_frame   0x00000000000021f4       0xd8 ./ThirdParty/FreeRTOS/org/Source/list.o
 .debug_frame   0x00000000000022cc      0x65c ./ThirdParty/FreeRTOS/org/Source/queue.o
 .debug_frame   0x0000000000002928      0xa54 ./ThirdParty/FreeRTOS/org/Source/tasks.o
 .debug_frame   0x000000000000337c      0x38c ./ThirdParty/FreeRTOS/org/Source/timers.o
 .debug_frame   0x0000000000003708      0x1a8 ./ThirdParty/FreeRTOS/org/Source/portable/GCC/ARM_CM4F/port.o
 .debug_frame   0x00000000000038b0      0x12c ./ThirdParty/FreeRTOS/org/Source/portable/MemMang/heap_4.o
 .debug_frame   0x00000000000039dc       0x20 C:/ST/STM32CubeIDE_1.14.0/STM32CubeIDE/plugins/com.st.stm32cube.ide.mcu.externaltools.gnu-tools-for-stm32.11.3.rel1.win32_1.1.100.202309141235/tools/bin/../lib/gcc/arm-none-eabi/11.3.1/../../../../arm-none-eabi/lib/thumb/v7e-m+fp/hard\libc_nano.a(libc_a-memset.o)
 .debug_frame   0x00000000000039fc       0x2c C:/ST/STM32CubeIDE_1.14.0/STM32CubeIDE/plugins/com.st.stm32cube.ide.mcu.externaltools.gnu-tools-for-stm32.11.3.rel1.win32_1.1.100.202309141235/tools/bin/../lib/gcc/arm-none-eabi/11.3.1/../../../../arm-none-eabi/lib/thumb/v7e-m+fp/hard\libc_nano.a(libc_a-init.o)
 .debug_frame   0x0000000000003a28       0x28 C:/ST/STM32CubeIDE_1.14.0/STM32CubeIDE/plugins/com.st.stm32cube.ide.mcu.externaltools.gnu-tools-for-stm32.11.3.rel1.win32_1.1.100.202309141235/tools/bin/../lib/gcc/arm-none-eabi/11.3.1/../../../../arm-none-eabi/lib/thumb/v7e-m+fp/hard\libc_nano.a(libc_a-memcpy-stub.o)
 .debug_frame   0x0000000000003a50       0x2c C:/ST/STM32CubeIDE_1.14.0/STM32CubeIDE/plugins/com.st.stm32cube.ide.mcu.externaltools.gnu-tools-for-stm32.11.3.rel1.win32_1.1.100.202309141235/tools/bin/../lib/gcc/arm-none-eabi/11.3.1/thumb/v7e-m+fp/hard\libgcc.a(_aeabi_uldivmod.o)
 .debug_frame   0x0000000000003a7c       0x34 C:/ST/STM32CubeIDE_1.14.0/STM32CubeIDE/plugins/com.st.stm32cube.ide.mcu.externaltools.gnu-tools-for-stm32.11.3.rel1.win32_1.1.100.202309141235/tools/bin/../lib/gcc/arm-none-eabi/11.3.1/thumb/v7e-m+fp/hard\libgcc.a(_udivmoddi4.o)

.debug_line_str
                0x0000000000000000       0x78
 .debug_line_str
                0x0000000000000000       0x78 ./Core/Startup/startup_stm32l476rgtx.o
                                         0x90 (size before relaxing)
