12:45:03 **** Incremental Build of configuration Debug for project STM32L4xx_RTOS_Tasks_Notify ****
make -j12 all 
arm-none-eabi-gcc "../Core/Src/main.c" -mcpu=cortex-m4 -std=gnu11 -g3 -DDEBUG -DUSE_HAL_DRIVER -DSTM32L476xx -c -I../Core/Inc -I"D:/BITSILICA/SALMAN/Learning/RTOS/STM32L476RG_RTOS/STM32L4xx_RTOS_Tasks_Notify/Config" -I"D:/BITSILICA/SALMAN/Learning/RTOS/STM32L476RG_RTOS/STM32L4xx_RTOS_Tasks_Notify/ThirdParty/FreeRTOS/org/Source/portable/GCC/ARM_CM4F" -I"D:/BITSILICA/SALMAN/Learning/RTOS/STM32L476RG_RTOS/STM32L4xx_RTOS_Tasks_Notify/ThirdParty/FreeRTOS/org/Source/include" -I../Drivers/STM32L4xx_HAL_Driver/Inc -I../Drivers/STM32L4xx_HAL_Driver/Inc/Legacy -I../Drivers/CMSIS/Device/ST/STM32L4xx/Include -I../Drivers/CMSIS/Include -O0 -ffunction-sections -fdata-sections -Wall -fstack-usage -fcyclomatic-complexity -MMD -MP -MF"Core/Src/main.d" -MT"Core/Src/main.o" --specs=nano.specs -mfpu=fpv4-sp-d16 -mfloat-abi=hard -mthumb -o "Core/Src/main.o"
In file included from ../Core/Src/main.c:26:
../Core/Src/main.c: In function 'pBtnTaskHandler':
../Core/Src/main.c:272:37: warning: passing argument 1 of 'xTaskGenericNotify' from incompatible pointer type [-Wincompatible-pointer-types]
  272 |                         xTaskNotify(&xTaskHandle1, 0x00, eNoAction);
D:/BITSILICA/SALMAN/Learning/RTOS/STM32L476RG_RTOS/STM32L4xx_RTOS_Tasks_Notify/ThirdParty/FreeRTOS/org/Source/include/task.h:2003:27: note: in definition of macro 'xTaskNotify'
 2003 |     xTaskGenericNotify( ( xTaskToNotify ), ( tskDEFAULT_INDEX_TO_NOTIFY ), ( ulValue ), ( eAction ), NULL )
      |                           ^~~~~~~~~~~~~
D:/BITSILICA/SALMAN/Learning/RTOS/STM32L476RG_RTOS/STM32L4xx_RTOS_Tasks_Notify/ThirdParty/FreeRTOS/org/Source/include/task.h:1997:45: note: expected 'TaskHandle_t' {aka 'struct tskTaskControlBlock *'} but argument is of type 'struct tskTaskControlBlock **'
 1997 | BaseType_t xTaskGenericNotify( TaskHandle_t xTaskToNotify,
      |                                ~~~~~~~~~~~~~^~~~~~~~~~~~~
arm-none-eabi-gcc -o "STM32L4xx_RTOS_Tasks_Notify.elf" @"objects.list"   -mcpu=cortex-m4 -T"D:\BITSILICA\SALMAN\Learning\RTOS\STM32L476RG_RTOS\STM32L4xx_RTOS_Tasks_Notify\STM32L476RGTX_FLASH.ld" --specs=nosys.specs -Wl,-Map="STM32L4xx_RTOS_Tasks_Notify.map" -Wl,--gc-sections -static --specs=nano.specs -mfpu=fpv4-sp-d16 -mfloat-abi=hard -mthumb -Wl,--start-group -lc -lm -Wl,--end-group
Finished building target: STM32L4xx_RTOS_Tasks_Notify.elf
 
arm-none-eabi-size  STM32L4xx_RTOS_Tasks_Notify.elf 
arm-none-eabi-objdump -h -S STM32L4xx_RTOS_Tasks_Notify.elf  > "STM32L4xx_RTOS_Tasks_Notify.list"
   text	   data	    bss	    dec	    hex	filename
  23596	     24	  18504	  42124	   a48c	STM32L4xx_RTOS_Tasks_Notify.elf
Finished building: default.size.stdout
 
Finished building: STM32L4xx_RTOS_Tasks_Notify.list
 
12:45:35 **** Incremental Build of configuration Debug for project STM32L4xx_RTOS_Tasks_Notify ****
make -j12 all 
arm-none-eabi-gcc "../Core/Src/main.c" -mcpu=cortex-m4 -std=gnu11 -g3 -DDEBUG -DUSE_HAL_DRIVER -DSTM32L476xx -c -I../Core/Inc -I"D:/BITSILICA/SALMAN/Learning/RTOS/STM32L476RG_RTOS/STM32L4xx_RTOS_Tasks_Notify/Config" -I"D:/BITSILICA/SALMAN/Learning/RTOS/STM32L476RG_RTOS/STM32L4xx_RTOS_Tasks_Notify/ThirdParty/FreeRTOS/org/Source/portable/GCC/ARM_CM4F" -I"D:/BITSILICA/SALMAN/Learning/RTOS/STM32L476RG_RTOS/STM32L4xx_RTOS_Tasks_Notify/ThirdParty/FreeRTOS/org/Source/include" -I../Drivers/STM32L4xx_HAL_Driver/Inc -I../Drivers/STM32L4xx_HAL_Driver/Inc/Legacy -I../Drivers/CMSIS/Device/ST/STM32L4xx/Include -I../Drivers/CMSIS/Include -O0 -ffunction-sections -fdata-sections -Wall -fstack-usage -fcyclomatic-complexity -MMD -MP -MF"Core/Src/main.d" -MT"Core/Src/main.o" --specs=nano.specs -mfpu=fpv4-sp-d16 -mfloat-abi=hard -mthumb -o "Core/Src/main.o"
arm-none-eabi-gcc -o "STM32L4xx_RTOS_Tasks_Notify.elf" @"objects.list"   -mcpu=cortex-m4 -T"D:\BITSILICA\SALMAN\Learning\RTOS\STM32L476RG_RTOS\STM32L4xx_RTOS_Tasks_Notify\STM32L476RGTX_FLASH.ld" --specs=nosys.specs -Wl,-Map="STM32L4xx_RTOS_Tasks_Notify.map" -Wl,--gc-sections -static --specs=nano.specs -mfpu=fpv4-sp-d16 -mfloat-abi=hard -mthumb -Wl,--start-group -lc -lm -Wl,--end-group
Finished building target: STM32L4xx_RTOS_Tasks_Notify.elf
 
arm-none-eabi-size  STM32L4xx_RTOS_Tasks_Notify.elf 
arm-none-eabi-objdump -h -S STM32L4xx_RTOS_Tasks_Notify.elf  > "STM32L4xx_RTOS_Tasks_Notify.list"
   text	   data	    bss	    dec	    hex	filename
  23596	     24	  18504	  42124	   a48c	STM32L4xx_RTOS_Tasks_Notify.elf
Finished building: default.size.stdout
 
Finished building: STM32L4xx_RTOS_Tasks_Notify.list
 
12:46:09 **** Incremental Build of configuration Debug for project STM32L4xx_RTOS_Tasks_Notify ****
make -j12 all 
arm-none-eabi-size  STM32L4xx_RTOS_Tasks_Notify.elf 
   text	   data	    bss	    dec	    hex	filename
  23596	     24	  18504	  42124	   a48c	STM32L4xx_RTOS_Tasks_Notify.elf
Finished building: default.size.stdout
 
12:46:24 **** Incremental Build of configuration Debug for project STM32L4xx_RTOS_Tasks_Notify ****
make -j12 all 
arm-none-eabi-size  STM32L4xx_RTOS_Tasks_Notify.elf 
   text	   data	    bss	    dec	    hex	filename
  23596	     24	  18504	  42124	   a48c	STM32L4xx_RTOS_Tasks_Notify.elf
Finished building: default.size.stdout
 
12:48:35 **** Incremental Build of configuration Debug for project STM32L4xx_RTOS_Tasks_Notify ****
make -j12 all 
arm-none-eabi-gcc "../Core/Src/main.c" -mcpu=cortex-m4 -std=gnu11 -g3 -DDEBUG -DUSE_HAL_DRIVER -DSTM32L476xx -c -I../Core/Inc -I"D:/BITSILICA/SALMAN/Learning/RTOS/STM32L476RG_RTOS/STM32L4xx_RTOS_Tasks_Notify/Config" -I"D:/BITSILICA/SALMAN/Learning/RTOS/STM32L476RG_RTOS/STM32L4xx_RTOS_Tasks_Notify/ThirdParty/FreeRTOS/org/Source/portable/GCC/ARM_CM4F" -I"D:/BITSILICA/SALMAN/Learning/RTOS/STM32L476RG_RTOS/STM32L4xx_RTOS_Tasks_Notify/ThirdParty/FreeRTOS/org/Source/include" -I../Drivers/STM32L4xx_HAL_Driver/Inc -I../Drivers/STM32L4xx_HAL_Driver/Inc/Legacy -I../Drivers/CMSIS/Device/ST/STM32L4xx/Include -I../Drivers/CMSIS/Include -O0 -ffunction-sections -fdata-sections -Wall -fstack-usage -fcyclomatic-complexity -MMD -MP -MF"Core/Src/main.d" -MT"Core/Src/main.o" --specs=nano.specs -mfpu=fpv4-sp-d16 -mfloat-abi=hard -mthumb -o "Core/Src/main.o"
arm-none-eabi-gcc -o "STM32L4xx_RTOS_Tasks_Notify.elf" @"objects.list"   -mcpu=cortex-m4 -T"D:\BITSILICA\SALMAN\Learning\RTOS\STM32L476RG_RTOS\STM32L4xx_RTOS_Tasks_Notify\STM32L476RGTX_FLASH.ld" --specs=nosys.specs -Wl,-Map="STM32L4xx_RTOS_Tasks_Notify.map" -Wl,--gc-sections -static --specs=nano.specs -mfpu=fpv4-sp-d16 -mfloat-abi=hard -mthumb -Wl,--start-group -lc -lm -Wl,--end-group
Finished building target: STM32L4xx_RTOS_Tasks_Notify.elf
 
arm-none-eabi-size  STM32L4xx_RTOS_Tasks_Notify.elf 
arm-none-eabi-objdump -h -S STM32L4xx_RTOS_Tasks_Notify.elf  > "STM32L4xx_RTOS_Tasks_Notify.list"
   text	   data	    bss	    dec	    hex	filename
  23596	     24	  18504	  42124	   a48c	STM32L4xx_RTOS_Tasks_Notify.elf
Finished building: default.size.stdout
 
Finished building: STM32L4xx_RTOS_Tasks_Notify.list
 
12:48:41 **** Incremental Build of configuration Debug for project STM32L4xx_RTOS_Tasks_Notify ****
make -j12 all 
arm-none-eabi-size  STM32L4xx_RTOS_Tasks_Notify.elf 
   text	   data	    bss	    dec	    hex	filename
  23596	     24	  18504	  42124	   a48c	STM32L4xx_RTOS_Tasks_Notify.elf
Finished building: default.size.stdout
 
