11:28:13 **** Incremental Build of configuration Debug for project STM32L4xx_RTOS_Btn_Led ****
make -j12 all 
arm-none-eabi-gcc "../ThirdParty/FreeRTOS/org/Source/portable/MemMang/heap_4.c" -mcpu=cortex-m4 -std=gnu11 -g3 -DDEBUG -DUSE_HAL_DRIVER -DSTM32L476xx -c -I../Core/Inc -I"D:/BITSILICA/SALMAN/Learning/RTOS/STM32L476RG_RTOS/STM32L4xx_RTOS_Btn_Led/Config" -I"D:/BITSILICA/SALMAN/Learning/RTOS/STM32L476RG_RTOS/STM32L4xx_RTOS_Btn_Led/ThirdParty/FreeRTOS/org/Source/portable/GCC/ARM_CM4F" -I"D:/BITSILICA/SALMAN/Learning/RTOS/STM32L476RG_RTOS/STM32L4xx_RTOS_Btn_Led/ThirdParty/FreeRTOS/org/Source/include" -I../Drivers/STM32L4xx_HAL_Driver/Inc -I../Drivers/STM32L4xx_HAL_Driver/Inc/Legacy -I../Drivers/CMSIS/Device/ST/STM32L4xx/Include -I../Drivers/CMSIS/Include -O0 -ffunction-sections -fdata-sections -Wall -fstack-usage -fcyclomatic-complexity -MMD -MP -MF"ThirdParty/FreeRTOS/org/Source/portable/MemMang/heap_4.d" -MT"ThirdParty/FreeRTOS/org/Source/portable/MemMang/heap_4.o" --specs=nano.specs -mfpu=fpv4-sp-d16 -mfloat-abi=hard -mthumb -o "ThirdParty/FreeRTOS/org/Source/portable/MemMang/heap_4.o"
arm-none-eabi-gcc "../ThirdParty/FreeRTOS/org/Source/portable/GCC/ARM_CM4F/port.c" -mcpu=cortex-m4 -std=gnu11 -g3 -DDEBUG -DUSE_HAL_DRIVER -DSTM32L476xx -c -I../Core/Inc -I"D:/BITSILICA/SALMAN/Learning/RTOS/STM32L476RG_RTOS/STM32L4xx_RTOS_Btn_Led/Config" -I"D:/BITSILICA/SALMAN/Learning/RTOS/STM32L476RG_RTOS/STM32L4xx_RTOS_Btn_Led/ThirdParty/FreeRTOS/org/Source/portable/GCC/ARM_CM4F" -I"D:/BITSILICA/SALMAN/Learning/RTOS/STM32L476RG_RTOS/STM32L4xx_RTOS_Btn_Led/ThirdParty/FreeRTOS/org/Source/include" -I../Drivers/STM32L4xx_HAL_Driver/Inc -I../Drivers/STM32L4xx_HAL_Driver/Inc/Legacy -I../Drivers/CMSIS/Device/ST/STM32L4xx/Include -I../Drivers/CMSIS/Include -O0 -ffunction-sections -fdata-sections -Wall -fstack-usage -fcyclomatic-complexity -MMD -MP -MF"ThirdParty/FreeRTOS/org/Source/portable/GCC/ARM_CM4F/port.d" -MT"ThirdParty/FreeRTOS/org/Source/portable/GCC/ARM_CM4F/port.o" --specs=nano.specs -mfpu=fpv4-sp-d16 -mfloat-abi=hard -mthumb -o "ThirdParty/FreeRTOS/org/Source/portable/GCC/ARM_CM4F/port.o"
arm-none-eabi-gcc "../ThirdParty/FreeRTOS/org/Source/croutine.c" -mcpu=cortex-m4 -std=gnu11 -g3 -DDEBUG -DUSE_HAL_DRIVER -DSTM32L476xx -c -I../Core/Inc -I"D:/BITSILICA/SALMAN/Learning/RTOS/STM32L476RG_RTOS/STM32L4xx_RTOS_Btn_Led/Config" -I"D:/BITSILICA/SALMAN/Learning/RTOS/STM32L476RG_RTOS/STM32L4xx_RTOS_Btn_Led/ThirdParty/FreeRTOS/org/Source/portable/GCC/ARM_CM4F" -I"D:/BITSILICA/SALMAN/Learning/RTOS/STM32L476RG_RTOS/STM32L4xx_RTOS_Btn_Led/ThirdParty/FreeRTOS/org/Source/include" -I../Drivers/STM32L4xx_HAL_Driver/Inc -I../Drivers/STM32L4xx_HAL_Driver/Inc/Legacy -I../Drivers/CMSIS/Device/ST/STM32L4xx/Include -I../Drivers/CMSIS/Include -O0 -ffunction-sections -fdata-sections -Wall -fstack-usage -fcyclomatic-complexity -MMD -MP -MF"ThirdParty/FreeRTOS/org/Source/croutine.d" -MT"ThirdParty/FreeRTOS/org/Source/croutine.o" --specs=nano.specs -mfpu=fpv4-sp-d16 -mfloat-abi=hard -mthumb -o "ThirdParty/FreeRTOS/org/Source/croutine.o"
arm-none-eabi-gcc "../ThirdParty/FreeRTOS/org/Source/event_groups.c" -mcpu=cortex-m4 -std=gnu11 -g3 -DDEBUG -DUSE_HAL_DRIVER -DSTM32L476xx -c -I../Core/Inc -I"D:/BITSILICA/SALMAN/Learning/RTOS/STM32L476RG_RTOS/STM32L4xx_RTOS_Btn_Led/Config" -I"D:/BITSILICA/SALMAN/Learning/RTOS/STM32L476RG_RTOS/STM32L4xx_RTOS_Btn_Led/ThirdParty/FreeRTOS/org/Source/portable/GCC/ARM_CM4F" -I"D:/BITSILICA/SALMAN/Learning/RTOS/STM32L476RG_RTOS/STM32L4xx_RTOS_Btn_Led/ThirdParty/FreeRTOS/org/Source/include" -I../Drivers/STM32L4xx_HAL_Driver/Inc -I../Drivers/STM32L4xx_HAL_Driver/Inc/Legacy -I../Drivers/CMSIS/Device/ST/STM32L4xx/Include -I../Drivers/CMSIS/Include -O0 -ffunction-sections -fdata-sections -Wall -fstack-usage -fcyclomatic-complexity -MMD -MP -MF"ThirdParty/FreeRTOS/org/Source/event_groups.d" -MT"ThirdParty/FreeRTOS/org/Source/event_groups.o" --specs=nano.specs -mfpu=fpv4-sp-d16 -mfloat-abi=hard -mthumb -o "ThirdParty/FreeRTOS/org/Source/event_groups.o"
arm-none-eabi-gcc "../ThirdParty/FreeRTOS/org/Source/list.c" -mcpu=cortex-m4 -std=gnu11 -g3 -DDEBUG -DUSE_HAL_DRIVER -DSTM32L476xx -c -I../Core/Inc -I"D:/BITSILICA/SALMAN/Learning/RTOS/STM32L476RG_RTOS/STM32L4xx_RTOS_Btn_Led/Config" -I"D:/BITSILICA/SALMAN/Learning/RTOS/STM32L476RG_RTOS/STM32L4xx_RTOS_Btn_Led/ThirdParty/FreeRTOS/org/Source/portable/GCC/ARM_CM4F" -I"D:/BITSILICA/SALMAN/Learning/RTOS/STM32L476RG_RTOS/STM32L4xx_RTOS_Btn_Led/ThirdParty/FreeRTOS/org/Source/include" -I../Drivers/STM32L4xx_HAL_Driver/Inc -I../Drivers/STM32L4xx_HAL_Driver/Inc/Legacy -I../Drivers/CMSIS/Device/ST/STM32L4xx/Include -I../Drivers/CMSIS/Include -O0 -ffunction-sections -fdata-sections -Wall -fstack-usage -fcyclomatic-complexity -MMD -MP -MF"ThirdParty/FreeRTOS/org/Source/list.d" -MT"ThirdParty/FreeRTOS/org/Source/list.o" --specs=nano.specs -mfpu=fpv4-sp-d16 -mfloat-abi=hard -mthumb -o "ThirdParty/FreeRTOS/org/Source/list.o"
arm-none-eabi-gcc "../ThirdParty/FreeRTOS/org/Source/queue.c" -mcpu=cortex-m4 -std=gnu11 -g3 -DDEBUG -DUSE_HAL_DRIVER -DSTM32L476xx -c -I../Core/Inc -I"D:/BITSILICA/SALMAN/Learning/RTOS/STM32L476RG_RTOS/STM32L4xx_RTOS_Btn_Led/Config" -I"D:/BITSILICA/SALMAN/Learning/RTOS/STM32L476RG_RTOS/STM32L4xx_RTOS_Btn_Led/ThirdParty/FreeRTOS/org/Source/portable/GCC/ARM_CM4F" -I"D:/BITSILICA/SALMAN/Learning/RTOS/STM32L476RG_RTOS/STM32L4xx_RTOS_Btn_Led/ThirdParty/FreeRTOS/org/Source/include" -I../Drivers/STM32L4xx_HAL_Driver/Inc -I../Drivers/STM32L4xx_HAL_Driver/Inc/Legacy -I../Drivers/CMSIS/Device/ST/STM32L4xx/Include -I../Drivers/CMSIS/Include -O0 -ffunction-sections -fdata-sections -Wall -fstack-usage -fcyclomatic-complexity -MMD -MP -MF"ThirdParty/FreeRTOS/org/Source/queue.d" -MT"ThirdParty/FreeRTOS/org/Source/queue.o" --specs=nano.specs -mfpu=fpv4-sp-d16 -mfloat-abi=hard -mthumb -o "ThirdParty/FreeRTOS/org/Source/queue.o"
arm-none-eabi-gcc "../ThirdParty/FreeRTOS/org/Source/stream_buffer.c" -mcpu=cortex-m4 -std=gnu11 -g3 -DDEBUG -DUSE_HAL_DRIVER -DSTM32L476xx -c -I../Core/Inc -I"D:/BITSILICA/SALMAN/Learning/RTOS/STM32L476RG_RTOS/STM32L4xx_RTOS_Btn_Led/Config" -I"D:/BITSILICA/SALMAN/Learning/RTOS/STM32L476RG_RTOS/STM32L4xx_RTOS_Btn_Led/ThirdParty/FreeRTOS/org/Source/portable/GCC/ARM_CM4F" -I"D:/BITSILICA/SALMAN/Learning/RTOS/STM32L476RG_RTOS/STM32L4xx_RTOS_Btn_Led/ThirdParty/FreeRTOS/org/Source/include" -I../Drivers/STM32L4xx_HAL_Driver/Inc -I../Drivers/STM32L4xx_HAL_Driver/Inc/Legacy -I../Drivers/CMSIS/Device/ST/STM32L4xx/Include -I../Drivers/CMSIS/Include -O0 -ffunction-sections -fdata-sections -Wall -fstack-usage -fcyclomatic-complexity -MMD -MP -MF"ThirdParty/FreeRTOS/org/Source/stream_buffer.d" -MT"ThirdParty/FreeRTOS/org/Source/stream_buffer.o" --specs=nano.specs -mfpu=fpv4-sp-d16 -mfloat-abi=hard -mthumb -o "ThirdParty/FreeRTOS/org/Source/stream_buffer.o"
arm-none-eabi-gcc "../ThirdParty/FreeRTOS/org/Source/tasks.c" -mcpu=cortex-m4 -std=gnu11 -g3 -DDEBUG -DUSE_HAL_DRIVER -DSTM32L476xx -c -I../Core/Inc -I"D:/BITSILICA/SALMAN/Learning/RTOS/STM32L476RG_RTOS/STM32L4xx_RTOS_Btn_Led/Config" -I"D:/BITSILICA/SALMAN/Learning/RTOS/STM32L476RG_RTOS/STM32L4xx_RTOS_Btn_Led/ThirdParty/FreeRTOS/org/Source/portable/GCC/ARM_CM4F" -I"D:/BITSILICA/SALMAN/Learning/RTOS/STM32L476RG_RTOS/STM32L4xx_RTOS_Btn_Led/ThirdParty/FreeRTOS/org/Source/include" -I../Drivers/STM32L4xx_HAL_Driver/Inc -I../Drivers/STM32L4xx_HAL_Driver/Inc/Legacy -I../Drivers/CMSIS/Device/ST/STM32L4xx/Include -I../Drivers/CMSIS/Include -O0 -ffunction-sections -fdata-sections -Wall -fstack-usage -fcyclomatic-complexity -MMD -MP -MF"ThirdParty/FreeRTOS/org/Source/tasks.d" -MT"ThirdParty/FreeRTOS/org/Source/tasks.o" --specs=nano.specs -mfpu=fpv4-sp-d16 -mfloat-abi=hard -mthumb -o "ThirdParty/FreeRTOS/org/Source/tasks.o"
arm-none-eabi-gcc "../ThirdParty/FreeRTOS/org/Source/timers.c" -mcpu=cortex-m4 -std=gnu11 -g3 -DDEBUG -DUSE_HAL_DRIVER -DSTM32L476xx -c -I../Core/Inc -I"D:/BITSILICA/SALMAN/Learning/RTOS/STM32L476RG_RTOS/STM32L4xx_RTOS_Btn_Led/Config" -I"D:/BITSILICA/SALMAN/Learning/RTOS/STM32L476RG_RTOS/STM32L4xx_RTOS_Btn_Led/ThirdParty/FreeRTOS/org/Source/portable/GCC/ARM_CM4F" -I"D:/BITSILICA/SALMAN/Learning/RTOS/STM32L476RG_RTOS/STM32L4xx_RTOS_Btn_Led/ThirdParty/FreeRTOS/org/Source/include" -I../Drivers/STM32L4xx_HAL_Driver/Inc -I../Drivers/STM32L4xx_HAL_Driver/Inc/Legacy -I../Drivers/CMSIS/Device/ST/STM32L4xx/Include -I../Drivers/CMSIS/Include -O0 -ffunction-sections -fdata-sections -Wall -fstack-usage -fcyclomatic-complexity -MMD -MP -MF"ThirdParty/FreeRTOS/org/Source/timers.d" -MT"ThirdParty/FreeRTOS/org/Source/timers.o" --specs=nano.specs -mfpu=fpv4-sp-d16 -mfloat-abi=hard -mthumb -o "ThirdParty/FreeRTOS/org/Source/timers.o"
arm-none-eabi-gcc "../Core/Src/main.c" -mcpu=cortex-m4 -std=gnu11 -g3 -DDEBUG -DUSE_HAL_DRIVER -DSTM32L476xx -c -I../Core/Inc -I"D:/BITSILICA/SALMAN/Learning/RTOS/STM32L476RG_RTOS/STM32L4xx_RTOS_Btn_Led/Config" -I"D:/BITSILICA/SALMAN/Learning/RTOS/STM32L476RG_RTOS/STM32L4xx_RTOS_Btn_Led/ThirdParty/FreeRTOS/org/Source/portable/GCC/ARM_CM4F" -I"D:/BITSILICA/SALMAN/Learning/RTOS/STM32L476RG_RTOS/STM32L4xx_RTOS_Btn_Led/ThirdParty/FreeRTOS/org/Source/include" -I../Drivers/STM32L4xx_HAL_Driver/Inc -I../Drivers/STM32L4xx_HAL_Driver/Inc/Legacy -I../Drivers/CMSIS/Device/ST/STM32L4xx/Include -I../Drivers/CMSIS/Include -O0 -ffunction-sections -fdata-sections -Wall -fstack-usage -fcyclomatic-complexity -MMD -MP -MF"Core/Src/main.d" -MT"Core/Src/main.o" --specs=nano.specs -mfpu=fpv4-sp-d16 -mfloat-abi=hard -mthumb -o "Core/Src/main.o"
arm-none-eabi-gcc -o "STM32L4xx_RTOS_Btn_Led.elf" @"objects.list"   -mcpu=cortex-m4 -T"D:\BITSILICA\SALMAN\Learning\RTOS\STM32L476RG_RTOS\STM32L4xx_RTOS_Btn_Led\STM32L476RGTX_FLASH.ld" --specs=nosys.specs -Wl,-Map="STM32L4xx_RTOS_Btn_Led.map" -Wl,--gc-sections -static --specs=nano.specs -mfpu=fpv4-sp-d16 -mfloat-abi=hard -mthumb -Wl,--start-group -lc -lm -Wl,--end-group
Finished building target: STM32L4xx_RTOS_Btn_Led.elf
 
arm-none-eabi-size  STM32L4xx_RTOS_Btn_Led.elf 
arm-none-eabi-objdump -h -S STM32L4xx_RTOS_Btn_Led.elf  > "STM32L4xx_RTOS_Btn_Led.list"
   text	   data	    bss	    dec	    hex	filename
  22796	     24	  18512	  41332	   a174	STM32L4xx_RTOS_Btn_Led.elf
Finished building: default.size.stdout
 
Finished building: STM32L4xx_RTOS_Btn_Led.list
 

11:28:17 Build Finished. 0 errors, 0 warnings. (took 3s.998ms)

